Microchip MPLAB XC8 Compiler V2.31

Linker command line:

-W-3 --edf=C:\Program Files\Microchip\xc8\v2.31\pic\dat\en_msgs.txt -cn \
  -h+dist/default/debug\sprint2.X.debug.sym \
  --cmf=dist/default/debug\sprint2.X.debug.cmf -z -Q16LF1717 \
  -oC:\Users\GABRIE~1\AppData\Local\Temp\shc0.2 --defsym=__MPLAB_BUILD=1 \
  -Mdist/default/debug/sprint2.X.debug.map -E1 -ver=XC8 Compiler \
  --acfsm=1493 -ASTACK=0209Eh-023EFh -pstack=STACK -ACODE=00h-07FFhx4 \
  -ASTRCODE=00h-01FFFh -ASTRING=00h-0FFhx32 -ACONST=00h-0FFhx32 \
  -AENTRY=00h-0FFhx32 -ACOMMON=070h-07Fh -ABANK0=020h-06Fh \
  -ABANK1=0A0h-0EFh -ABANK2=0120h-016Fh -ABANK3=01A0h-01EFh \
  -ABANK4=0220h-026Fh -ABANK5=02A0h-02EFh -ABANK6=0320h-036Fh \
  -ABANK7=03A0h-03EFh -ABANK8=0420h-046Fh -ABANK9=04A0h-04EFh \
  -ABANK10=0520h-056Fh -ABANK11=05A0h-05EFh -ABANK12=0620h-064Fh \
  -ABIGRAM=02000h-023EFh \
  -ARAM=020h-06Fh,0A0h-0EFh,0120h-016Fh,01A0h-01EFh,0220h-026Fh,02A0h-02EFh,0320h-036Fh,03A0h-03EFh,0420h-046Fh,04A0h-04EFh,0520h-056Fh,05A0h-05EFh,0620h-064Fh \
  -AABS1=020h-07Fh,0A0h-0EFh,0120h-016Fh,01A0h-01EFh,0220h-026Fh,02A0h-02EFh,0320h-036Fh,03A0h-03EFh,0420h-046Fh,04A0h-04EFh,0520h-056Fh,05A0h-05EFh,0620h-064Fh \
  -ASFR0=00h-01Fh -ASFR1=080h-09Fh -ASFR2=0100h-011Fh -ASFR3=0180h-019Fh \
  -ASFR4=0200h-021Fh -ASFR5=0280h-029Fh -ASFR6=0300h-031Fh \
  -ASFR7=0380h-039Fh -ASFR8=0400h-041Fh -ASFR9=0480h-049Fh \
  -ASFR10=0500h-051Fh -ASFR11=0580h-059Fh -ASFR12=0600h-061Fh \
  -ASFR13=0680h-06EFh -ASFR14=0700h-076Fh -ASFR15=0780h-07EFh \
  -ASFR16=0800h-086Fh -ASFR17=0880h-08EFh -ASFR18=0900h-096Fh \
  -ASFR19=0980h-09EFh -ASFR20=0A00h-0A6Fh -ASFR21=0A80h-0AEFh \
  -ASFR22=0B00h-0B6Fh -ASFR23=0B80h-0BEFh -ASFR24=0C00h-0C6Fh \
  -ASFR25=0C80h-0CEFh -ASFR26=0D00h-0D6Fh -ASFR27=0D80h-0DEFh \
  -ASFR28=0E00h-0E6Fh -ASFR29=0E80h-0EEFh -ASFR30=0F00h-0F6Fh \
  -ASFR31=0F80h-0FEFh -ACONFIG=08007h-08008h -DCONFIG=2 \
  -AIDLOC=08000h-08003h -DIDLOC=2 -DCODE=2 -DSTRCODE=2 -DSTRING=2 -DCONST=2 \
  -DENTRY=2 -preset_vec=00h,intentry,init,end_init -ppowerup=CODE \
  -pcinit=CODE -pfunctab=ENTRY -k \
  C:\Users\GABRIE~1\AppData\Local\Temp\shc0.o \
  dist/default/debug\sprint2.X.debug.o 

Object code version is 3.11

Machine type is 16LF1717



                Name                               Link     Load   Length Selector   Space Scale
C:\Users\GABRIE~1\AppData\Local\Temp\shc0.o
                end_init                              2        2        2        0       0
                reset_vec                             0        0        2        0       0
                config                             8007     8007        2        0       4
dist/default/debug\sprint2.X.debug.o
                cinit                               7F5      7F5        B      FEA       0
                config                             8007     8007        2        0       4
                text40                              EA9      EA9        6     1D52       0
                text39                              EAF      EAF        6     1D5E       0
                text38                              EB5      EB5        6     1D6A       0
                text37                               3D       3D       22       7A       0
                text36                              EC7      EC7        7     1D8E       0
                text35                              15B      15B       4B      2B6       0
                text34                              EE2      EE2        B     1DC4       0
                text33                              EED      EED        B     1DDA       0
                text32                              ECE      ECE        A     1D9C       0
                text31                              EA5      EA5        4     1D4A       0
                text30                              F5A      F5A       16     1EB4       0
                text29                              1A6      1A6       53      34C       0
                text28                              F9C      F9C       19     1F38       0
                text27                              F23      F23       11     1E46       0
                text26                              FB5      FB5       19     1F6A       0
                text25                              FCE      FCE       19     1F9C       0
                text24                              F70      F70       16     1EE0       0
                text23                              F86      F86       16     1F0C       0
                text22                              252      252       60      4A4       0
                text21                               1E       1E       1F       3C       0
                text20                               5F       5F       25       BE       0
                text19                              586      586      101      B0C       0
                text18                              49C      49C       EA      938       0
                text17                                4        4       1A        0       0
                text16                              ED8      ED8        A     1DB0       0
                text15                              EBB      EBB        6     1D76       0
                text14                               DD       DD       3F      1BA       0
                text13                               84       84       28      108       0
                text12                              FE7      FE7       19     1FCE       0
                text11                              1F9      1F9       59      3F2       0
                text10                              687      687      16E      D0E       0
                text9                               3C1      3C1       DB      782       0
                text8                                AC       AC       31      158       0
                text7                               F34      F34       12     1E68       0
                text6                               11C      11C       3F      238       0
                text5                               F46      F46       14     1E8C       0
                text4                               EF8      EF8        E     1DF0       0
                text3                               F14      F14        F     1E28       0
                text2                               F06      F06        E     1E0C       0
                text1                               2B2      2B2       73      564       0
                maintext                            325      325       9C      64A       0
                cstackBANK0                          20       20       50       20       1
                cstackCOMMON                         70       70        E       70       1
                cstackBANK1                          C9       C9       1F       A0       1
                clrtext                             EC1      EC1        6     1D82       0
                bssBANK1                             A0       A0       29       A0       1
                stringtext16                       1103     1103        9     2000       0
                stringtext15                       10FA     10FA        9     2000       0
                stringtext14                       10F1     10F1        9     2000       0
                stringtext13                       10E2     10E2        F     2000       0
                stringtext12                       10D2     10D2       10     2000       0
                stringtext11                       10C1     10C1       11     2000       0
                stringtext10                       10AE     10AE       13     2000       0
                stringtext9                        1099     1099       15     2000       0
                stringtext8                        1084     1084       15     2000       0
                stringtext7                        106F     106F       15     2000       0
                stringtext6                        1059     1059       16     2000       0
                stringtext5                        1043     1043       16     2000       0
                stringtext4                        102D     102D       16     2000       0
                stringtext3                        1017     1017       16     2000       0
                stringtext2                        1000     1000       17     2000       0
                stringtext1                         800      800       1D     1000       0
                nvBANK1                              E8       E8        6       A0       1

TOTAL           Name                               Link     Load   Length     Space
        CLASS   STACK          

        CLASS   CODE           
                end_init                              2        2        2         0
                cinit                               7F5      7F5        B         0
                reset_vec                             0        0        2         0
                text40                              EA9      EA9        6         0
                text39                              EAF      EAF        6         0
                text38                              EB5      EB5        6         0
                text37                               3D       3D       22         0
                text36                              EC7      EC7        7         0
                text35                              15B      15B       4B         0
                text34                              EE2      EE2        B         0
                text33                              EED      EED        B         0
                text32                              ECE      ECE        A         0
                text31                              EA5      EA5        4         0
                text30                              F5A      F5A       16         0
                text29                              1A6      1A6       53         0
                text28                              F9C      F9C       19         0
                text27                              F23      F23       11         0
                text26                              FB5      FB5       19         0
                text25                              FCE      FCE       19         0
                text24                              F70      F70       16         0
                text23                              F86      F86       16         0
                text22                              252      252       60         0
                text21                               1E       1E       1F         0
                text20                               5F       5F       25         0
                text19                              586      586      101         0
                text18                              49C      49C       EA         0
                text17                                4        4       1A         0
                text16                              ED8      ED8        A         0
                text15                              EBB      EBB        6         0
                text14                               DD       DD       3F         0
                text13                               84       84       28         0
                text12                              FE7      FE7       19         0
                text11                              1F9      1F9       59         0
                text10                              687      687      16E         0
                text9                               3C1      3C1       DB         0
                text8                                AC       AC       31         0
                text7                               F34      F34       12         0
                text6                               11C      11C       3F         0
                text5                               F46      F46       14         0
                text4                               EF8      EF8        E         0
                text3                               F14      F14        F         0
                text2                               F06      F06        E         0
                text1                               2B2      2B2       73         0
                maintext                            325      325       9C         0
                clrtext                             EC1      EC1        6         0

        CLASS   STRCODE        
                stringtext16                       1103     1103        9         0
                stringtext15                       10FA     10FA        9         0
                stringtext14                       10F1     10F1        9         0
                stringtext13                       10E2     10E2        F         0
                stringtext12                       10D2     10D2       10         0
                stringtext11                       10C1     10C1       11         0
                stringtext10                       10AE     10AE       13         0
                stringtext9                        1099     1099       15         0
                stringtext8                        1084     1084       15         0
                stringtext7                        106F     106F       15         0
                stringtext6                        1059     1059       16         0
                stringtext5                        1043     1043       16         0
                stringtext4                        102D     102D       16         0
                stringtext3                        1017     1017       16         0
                stringtext2                        1000     1000       17         0
                stringtext1                         800      800       1D         0

        CLASS   STRING         

        CLASS   CONST          

        CLASS   ENTRY          

        CLASS   COMMON         
                cstackCOMMON                         70       70        E         1

        CLASS   BANK0          
                cstackBANK0                          20       20       50         1

        CLASS   BANK1          
                cstackBANK1                          C9       C9       1F         1
                bssBANK1                             A0       A0       29         1
                nvBANK1                              E8       E8        6         1

        CLASS   BANK2          

        CLASS   BANK3          

        CLASS   BANK4          

        CLASS   BANK5          

        CLASS   BANK6          

        CLASS   BANK7          

        CLASS   BANK8          

        CLASS   BANK9          

        CLASS   BANK10         

        CLASS   BANK11         

        CLASS   BANK12         

        CLASS   BIGRAM         

        CLASS   RAM            

        CLASS   ABS1           
                abs_s1                               7E       7E        2         1

        CLASS   SFR0           

        CLASS   SFR1           

        CLASS   SFR2           

        CLASS   SFR3           

        CLASS   SFR4           

        CLASS   SFR5           

        CLASS   SFR6           

        CLASS   SFR7           

        CLASS   SFR8           

        CLASS   SFR9           

        CLASS   SFR10          

        CLASS   SFR11          

        CLASS   SFR12          

        CLASS   SFR13          

        CLASS   SFR14          

        CLASS   SFR15          

        CLASS   SFR16          

        CLASS   SFR17          

        CLASS   SFR18          

        CLASS   SFR19          

        CLASS   SFR20          

        CLASS   SFR21          

        CLASS   SFR22          

        CLASS   SFR23          

        CLASS   SFR24          

        CLASS   SFR25          

        CLASS   SFR26          

        CLASS   SFR27          

        CLASS   SFR28          

        CLASS   SFR29          

        CLASS   SFR30          

        CLASS   SFR31          

        CLASS   CONFIG         
                config                             8007     8007        2         4

        CLASS   IDLOC          

        CLASS   BANK31         

        CLASS   BANK30         

        CLASS   BANK29         

        CLASS   BANK28         

        CLASS   BANK27         

        CLASS   BANK26         

        CLASS   BANK25         

        CLASS   BANK24         

        CLASS   BANK23         

        CLASS   BANK22         

        CLASS   BANK21         

        CLASS   BANK20         

        CLASS   BANK19         

        CLASS   BANK18         

        CLASS   BANK17         

        CLASS   BANK16         

        CLASS   BANK15         

        CLASS   BANK14         

        CLASS   BANK13         

        CLASS   EEDATA         



SEGMENTS        Name                           Load    Length   Top    Selector   Space  Class     Delta

                reset_vec                      000000  00001E  00001E         0       0  CODE        2
                cstackBANK0                    000020  000050  000070        20       1  BANK0       1
                text21                         00001E  00001F  00003D        3C       0  CODE        2
                cstackCOMMON                   000070  00000E  00007E        70       1  COMMON      1
                text37                         00003D  000022  00005F        7A       0  CODE        2
                bssBANK1                       0000A0  00004E  0000EE        A0       1  BANK1       1
                text20                         00005F  000025  000084        BE       0  CODE        2
                text13                         000084  000028  0000AC       108       0  CODE        2
                text8                          0000AC  000031  0000DD       158       0  CODE        2
                text14                         0000DD  00003F  00011C       1BA       0  CODE        2
                text6                          00011C  00003F  00015B       238       0  CODE        2
                text35                         00015B  00004B  0001A6       2B6       0  CODE        2
                text29                         0001A6  000053  0001F9       34C       0  CODE        2
                text11                         0001F9  000059  000252       3F2       0  CODE        2
                text22                         000252  000060  0002B2       4A4       0  CODE        2
                text1                          0002B2  000073  000325       564       0  CODE        2
                maintext                       000325  00009C  0003C1       64A       0  CODE        2
                text9                          0003C1  0000DB  00049C       782       0  CODE        2
                text18                         00049C  0000EA  000586       938       0  CODE        2
                text19                         000586  000101  000687       B0C       0  CODE        2
                text10                         000687  00016E  0007F5       D0E       0  CODE        2
                cinit                          0007F5  00000B  000800       FEA       0  CODE        2
                stringtext1                    000800  00001D  00081D      1000       0  STRCODE     2
                text31                         000EA5  000004  000EA9      1D4A       0  CODE        2
                text40                         000EA9  000006  000EAF      1D52       0  CODE        2
                text39                         000EAF  000006  000EB5      1D5E       0  CODE        2
                text38                         000EB5  000006  000EBB      1D6A       0  CODE        2
                text15                         000EBB  000006  000EC1      1D76       0  CODE        2
                clrtext                        000EC1  000006  000EC7      1D82       0  CODE        2
                text36                         000EC7  000007  000ECE      1D8E       0  CODE        2
                text32                         000ECE  00000A  000ED8      1D9C       0  CODE        2
                text16                         000ED8  00000A  000EE2      1DB0       0  CODE        2
                text34                         000EE2  00000B  000EED      1DC4       0  CODE        2
                text33                         000EED  00000B  000EF8      1DDA       0  CODE        2
                text4                          000EF8  00000E  000F06      1DF0       0  CODE        2
                text2                          000F06  00000E  000F14      1E0C       0  CODE        2
                text3                          000F14  00000F  000F23      1E28       0  CODE        2
                text27                         000F23  000011  000F34      1E46       0  CODE        2
                text7                          000F34  000012  000F46      1E68       0  CODE        2
                text5                          000F46  000014  000F5A      1E8C       0  CODE        2
                text30                         000F5A  000016  000F70      1EB4       0  CODE        2
                text24                         000F70  000016  000F86      1EE0       0  CODE        2
                text23                         000F86  000016  000F9C      1F0C       0  CODE        2
                text28                         000F9C  000019  000FB5      1F38       0  CODE        2
                text26                         000FB5  000019  000FCE      1F6A       0  CODE        2
                text25                         000FCE  000019  000FE7      1F9C       0  CODE        2
                text12                         000FE7  000019  001000      1FCE       0  CODE        2
                stringtext2                    001000  00010C  00110C      2000       0  STRCODE     2


UNUSED ADDRESS RANGES

        Name                Unused          Largest block    Delta
        BANK1            000EE-000EF               2           1
        BANK10           00520-0056F              50           1
        BANK11           005A0-005EF              50           1
        BANK12           00620-0064F              30           1
        BANK2            00120-0016F              50           1
        BANK3            001A0-001EF              50           1
        BANK4            00220-0026F              50           1
        BANK5            002A0-002EF              50           1
        BANK6            00320-0036F              50           1
        BANK7            003A0-003EF              50           1
        BANK8            00420-0046F              50           1
        BANK9            004A0-004EF              50           1
        BIGRAM           02000-023EF             3F0           1
        CODE             0081D-00EA4             688           2
                         0110C-01FFF             6F4
        CONST            0081D-00EA4             100           2
                         0110C-01FFF             100
        ENTRY            0081D-00EA4             100           2
                         0110C-01FFF             100
        IDLOC            08000-08003               4           2
        RAM              000EE-000EF               2           1
                         00120-0016F              50
                         001A0-001EF              50
                         00220-0026F              50
                         002A0-002EF              50
                         00320-0036F              50
                         003A0-003EF              50
                         00420-0046F              50
                         004A0-004EF              50
                         00520-0056F              50
                         005A0-005EF              50
                         00620-0064F              30
        SFR0             00000-0001F              20           1
        SFR1             00080-0009F              20           1
        SFR10            00500-0051F              20           1
        SFR11            00580-0059F              20           1
        SFR12            00600-0061F              20           1
        SFR13            00680-006EF              70           1
        SFR14            00700-0076F              70           1
        SFR15            00780-007EF              70           1
        SFR16            00800-0086F              70           1
        SFR17            00880-008EF              70           1
        SFR18            00900-0096F              70           1
        SFR19            00980-009EF              70           1
        SFR2             00100-0011F              20           1
        SFR20            00A00-00A6F              70           1
        SFR21            00A80-00AEF              70           1
        SFR22            00B00-00B6F              70           1
        SFR23            00B80-00BEF              70           1
        SFR24            00C00-00C6F              70           1
        SFR25            00C80-00CEF              70           1
        SFR26            00D00-00D6F              70           1
        SFR27            00D80-00DEF              70           1
        SFR28            00E00-00E6F              70           1
        SFR29            00E80-00EEF              70           1
        SFR3             00180-0019F              20           1
        SFR30            00F00-00F6F              70           1
        SFR31            00F80-00FEF              70           1
        SFR4             00200-0021F              20           1
        SFR5             00280-0029F              20           1
        SFR6             00300-0031F              20           1
        SFR7             00380-0039F              20           1
        SFR8             00400-0041F              20           1
        SFR9             00480-0049F              20           1
        STACK            0209E-023EF             352           1
        STRCODE          0081D-00EA4             688           2
                         0110C-01FFF             EF4
        STRING           0081D-00EA4             100           2
                         0110C-01FFF             100

                                  Symbol Table

?___aodiv                                      cstackBANK0  00020
?___aomod                                      cstackBANK0  00020
?___awdiv                                      cstackCOMMON 00076
?___awmod                                      cstackCOMMON 00070
?___wmul                                       cstackCOMMON 00070
?_abs                                          cstackCOMMON 00073
?_dtoa                                         cstackBANK0  00030
?_map                                          cstackBANK0  00024
?_pad                                          cstackBANK0  00024
?_printf                                       cstackBANK0  00066
?_strlen                                       cstackCOMMON 00070
?_vfpfcnvrt                                    cstackBANK0  0004E
?_vfprintf                                     cstackBANK0  0005E
EUSART_SetErrorHandler@interruptHandler        cstackCOMMON 00070
EUSART_SetFramingErrorHandler@interruptHandler cstackCOMMON 00070
EUSART_SetOverrunErrorHandler@interruptHandler cstackCOMMON 00070
EUSART_Write@txData                            cstackCOMMON 00070
PWM3_LoadDutyValue@dutyValue                   cstackCOMMON 00070
PWM4_LoadDutyValue@dutyValue                   cstackCOMMON 00070
_ANSELA                                        (abs)        0018C
_ANSELB                                        (abs)        0018D
_ANSELC                                        (abs)        0018E
_ANSELD                                        (abs)        0018F
_ANSELE                                        (abs)        00190
_BAUD1CON                                      (abs)        0019F
_BORCON                                        (abs)        00116
_CCPTMRSbits                                   (abs)        0029E
_EUSART_DefaultErrorHandler                    (abs)        00000
_EUSART_DefaultFramingErrorHandler             (abs)        00000
_EUSART_DefaultOverrunErrorHandler             (abs)        00000
_EUSART_ErrorHandler                           nvBANK1      000E8
_EUSART_FramingErrorHandler                    nvBANK1      000EC
_EUSART_Initialize                             text37       0003D
_EUSART_OverrunErrorHandler                    nvBANK1      000EA
_EUSART_SetErrorHandler                        text40       00EA9
_EUSART_SetFramingErrorHandler                 text39       00EAF
_EUSART_SetOverrunErrorHandler                 text38       00EB5
_EUSART_Write                                  text16       00ED8
_INLVLA                                        (abs)        0038C
_INLVLB                                        (abs)        0038D
_INLVLC                                        (abs)        0038E
_INLVLD                                        (abs)        0038F
_INLVLE                                        (abs)        00390
_LATA                                          (abs)        0010C
_LATB                                          (abs)        0010D
_LATBbits                                      (abs)        0010D
_LATC                                          (abs)        0010E
_LATD                                          (abs)        0010F
_LATE                                          (abs)        00110
_ODCONA                                        (abs)        0028C
_ODCONB                                        (abs)        0028D
_ODCONC                                        (abs)        0028E
_ODCOND                                        (abs)        0028F
_ODCONE                                        (abs)        00290
_OPTION_REGbits                                (abs)        00095
_OSCCON                                        (abs)        00099
_OSCILLATOR_Initialize                         text36       00EC7
_OSCTUNE                                       (abs)        00098
_PIN_MANAGER_Initialize                        text35       0015B
_PIR1bits                                      (abs)        00011
_PIR2bits                                      (abs)        00012
_PR4                                           (abs)        00416
_PWM3CON                                       (abs)        00619
_PWM3DCH                                       (abs)        00618
_PWM3DCL                                       (abs)        00617
_PWM3_Initialize                               text34       00EE2
_PWM3_LoadDutyValue                            text24       00F70
_PWM4CON                                       (abs)        0061C
_PWM4DCH                                       (abs)        0061B
_PWM4DCL                                       (abs)        0061A
_PWM4_Initialize                               text33       00EED
_PWM4_LoadDutyValue                            text23       00F86
_RB0PPS                                        (abs)        00E98
_RB1PPS                                        (abs)        00E99
_RC1REG                                        (abs)        00199
_RC1STA                                        (abs)        0019D
_RC1STAbits                                    (abs)        0019D
_RC6PPS                                        (abs)        00EA6
_RXPPS                                         (abs)        00E24
_SLRCONA                                       (abs)        0030C
_SLRCONB                                       (abs)        0030D
_SLRCONC                                       (abs)        0030E
_SLRCOND                                       (abs)        0030F
_SLRCONE                                       (abs)        00310
_SP1BRGH                                       (abs)        0019C
_SP1BRGL                                       (abs)        0019B
_SYSTEM_Initialize                             text30       00F5A
_T4CON                                         (abs)        00417
_T4CONbits                                     (abs)        00417
_TMR4                                          (abs)        00415
_TMR4_Initialize                               text32       00ECE
_TRISA                                         (abs)        0008C
_TRISB                                         (abs)        0008D
_TRISC                                         (abs)        0008E
_TRISD                                         (abs)        0008F
_TRISE                                         (abs)        00090
_TX1REG                                        (abs)        0019A
_TX1STA                                        (abs)        0019E
_TX1STAbits                                    (abs)        0019E
_WDTCON                                        (abs)        00097
_WDT_Initialize                                text31       00EA5
_WPUA                                          (abs)        0020C
_WPUB                                          (abs)        0020D
_WPUC                                          (abs)        0020E
_WPUD                                          (abs)        0020F
_WPUE                                          (abs)        00210
__Habs1                                        abs1         00000
__Hbank0                                       bank0        00000
__Hbank1                                       bank1        00000
__Hbank10                                      bank10       00000
__Hbank11                                      bank11       00000
__Hbank12                                      bank12       00000
__Hbank13                                      bank13       00000
__Hbank14                                      bank14       00000
__Hbank15                                      bank15       00000
__Hbank16                                      bank16       00000
__Hbank17                                      bank17       00000
__Hbank18                                      bank18       00000
__Hbank19                                      bank19       00000
__Hbank2                                       bank2        00000
__Hbank20                                      bank20       00000
__Hbank21                                      bank21       00000
__Hbank22                                      bank22       00000
__Hbank23                                      bank23       00000
__Hbank24                                      bank24       00000
__Hbank25                                      bank25       00000
__Hbank26                                      bank26       00000
__Hbank27                                      bank27       00000
__Hbank28                                      bank28       00000
__Hbank29                                      bank29       00000
__Hbank3                                       bank3        00000
__Hbank30                                      bank30       00000
__Hbank31                                      bank31       00000
__Hbank4                                       bank4        00000
__Hbank5                                       bank5        00000
__Hbank6                                       bank6        00000
__Hbank7                                       bank7        00000
__Hbank8                                       bank8        00000
__Hbank9                                       bank9        00000
__Hbigram                                      bigram       00000
__HbssBANK1                                    bssBANK1     00000
__Hcinit                                       cinit        00800
__Hclrtext                                     clrtext      00000
__Hcode                                        code         00000
__Hcommon                                      common       00000
__Hconfig                                      config       08009
__HcstackBANK0                                 cstackBANK0  00000
__HcstackBANK1                                 cstackBANK1  00000
__HcstackCOMMON                                cstackCOMMON 00000
__Heeprom_data                                 eeprom_data  00000
__Hend_init                                    end_init     00004
__Hfunctab                                     functab      00000
__Hinit                                        init         00002
__Hintentry                                    intentry     00002
__Hmaintext                                    maintext     00000
__HnvBANK1                                     nvBANK1      00000
__Hpowerup                                     powerup      00000
__Hram                                         ram          00000
__Hreset_vec                                   reset_vec    00002
__Hsfr0                                        sfr0         00000
__Hsfr1                                        sfr1         00000
__Hsfr10                                       sfr10        00000
__Hsfr11                                       sfr11        00000
__Hsfr12                                       sfr12        00000
__Hsfr13                                       sfr13        00000
__Hsfr14                                       sfr14        00000
__Hsfr15                                       sfr15        00000
__Hsfr16                                       sfr16        00000
__Hsfr17                                       sfr17        00000
__Hsfr18                                       sfr18        00000
__Hsfr19                                       sfr19        00000
__Hsfr2                                        sfr2         00000
__Hsfr20                                       sfr20        00000
__Hsfr21                                       sfr21        00000
__Hsfr22                                       sfr22        00000
__Hsfr23                                       sfr23        00000
__Hsfr24                                       sfr24        00000
__Hsfr25                                       sfr25        00000
__Hsfr26                                       sfr26        00000
__Hsfr27                                       sfr27        00000
__Hsfr28                                       sfr28        00000
__Hsfr29                                       sfr29        00000
__Hsfr3                                        sfr3         00000
__Hsfr30                                       sfr30        00000
__Hsfr31                                       sfr31        00000
__Hsfr4                                        sfr4         00000
__Hsfr5                                        sfr5         00000
__Hsfr6                                        sfr6         00000
__Hsfr7                                        sfr7         00000
__Hsfr8                                        sfr8         00000
__Hsfr9                                        sfr9         00000
__Hspace_0                                     (abs)        0110C
__Hspace_1                                     (abs)        000EE
__Hspace_2                                     (abs)        00000
__Hspace_3                                     (abs)        00000
__Hspace_4                                     (abs)        10010
__Hstack                                       stack        00000
__Hstrings                                     strings      00000
__Hstringtext1                                 stringtext1  00000
__Hstringtext10                                stringtext10 00000
__Hstringtext11                                stringtext11 00000
__Hstringtext12                                stringtext12 00000
__Hstringtext13                                stringtext13 00000
__Hstringtext14                                stringtext14 00000
__Hstringtext15                                stringtext15 00000
__Hstringtext16                                stringtext16 00000
__Hstringtext17                                stringtext17 00000
__Hstringtext2                                 stringtext2  00000
__Hstringtext3                                 stringtext3  00000
__Hstringtext4                                 stringtext4  00000
__Hstringtext5                                 stringtext5  00000
__Hstringtext6                                 stringtext6  00000
__Hstringtext7                                 stringtext7  00000
__Hstringtext8                                 stringtext8  00000
__Hstringtext9                                 stringtext9  00000
__Htext                                        text         00000
__Labs1                                        abs1         00000
__Lbank0                                       bank0        00000
__Lbank1                                       bank1        00000
__Lbank10                                      bank10       00000
__Lbank11                                      bank11       00000
__Lbank12                                      bank12       00000
__Lbank13                                      bank13       00000
__Lbank14                                      bank14       00000
__Lbank15                                      bank15       00000
__Lbank16                                      bank16       00000
__Lbank17                                      bank17       00000
__Lbank18                                      bank18       00000
__Lbank19                                      bank19       00000
__Lbank2                                       bank2        00000
__Lbank20                                      bank20       00000
__Lbank21                                      bank21       00000
__Lbank22                                      bank22       00000
__Lbank23                                      bank23       00000
__Lbank24                                      bank24       00000
__Lbank25                                      bank25       00000
__Lbank26                                      bank26       00000
__Lbank27                                      bank27       00000
__Lbank28                                      bank28       00000
__Lbank29                                      bank29       00000
__Lbank3                                       bank3        00000
__Lbank30                                      bank30       00000
__Lbank31                                      bank31       00000
__Lbank4                                       bank4        00000
__Lbank5                                       bank5        00000
__Lbank6                                       bank6        00000
__Lbank7                                       bank7        00000
__Lbank8                                       bank8        00000
__Lbank9                                       bank9        00000
__Lbigram                                      bigram       00000
__LbssBANK1                                    bssBANK1     00000
__Lcinit                                       cinit        007F5
__Lclrtext                                     clrtext      00000
__Lcode                                        code         00000
__Lcommon                                      common       00000
__Lconfig                                      config       00000
__LcstackBANK0                                 cstackBANK0  00000
__LcstackBANK1                                 cstackBANK1  00000
__LcstackCOMMON                                cstackCOMMON 00000
__Leeprom_data                                 eeprom_data  00000
__Lend_init                                    end_init     00002
__Lfunctab                                     functab      00000
__Linit                                        init         00002
__Lintentry                                    intentry     00002
__Lmaintext                                    maintext     00000
__LnvBANK1                                     nvBANK1      00000
__Lpowerup                                     powerup      00000
__Lram                                         ram          00000
__Lreset_vec                                   reset_vec    00000
__Lsfr0                                        sfr0         00000
__Lsfr1                                        sfr1         00000
__Lsfr10                                       sfr10        00000
__Lsfr11                                       sfr11        00000
__Lsfr12                                       sfr12        00000
__Lsfr13                                       sfr13        00000
__Lsfr14                                       sfr14        00000
__Lsfr15                                       sfr15        00000
__Lsfr16                                       sfr16        00000
__Lsfr17                                       sfr17        00000
__Lsfr18                                       sfr18        00000
__Lsfr19                                       sfr19        00000
__Lsfr2                                        sfr2         00000
__Lsfr20                                       sfr20        00000
__Lsfr21                                       sfr21        00000
__Lsfr22                                       sfr22        00000
__Lsfr23                                       sfr23        00000
__Lsfr24                                       sfr24        00000
__Lsfr25                                       sfr25        00000
__Lsfr26                                       sfr26        00000
__Lsfr27                                       sfr27        00000
__Lsfr28                                       sfr28        00000
__Lsfr29                                       sfr29        00000
__Lsfr3                                        sfr3         00000
__Lsfr30                                       sfr30        00000
__Lsfr31                                       sfr31        00000
__Lsfr4                                        sfr4         00000
__Lsfr5                                        sfr5         00000
__Lsfr6                                        sfr6         00000
__Lsfr7                                        sfr7         00000
__Lsfr8                                        sfr8         00000
__Lsfr9                                        sfr9         00000
__Lspace_0                                     (abs)        00000
__Lspace_1                                     (abs)        00000
__Lspace_2                                     (abs)        00000
__Lspace_3                                     (abs)        00000
__Lspace_4                                     (abs)        00000
__Lstack                                       stack        00000
__Lstrings                                     strings      00000
__Lstringtext1                                 stringtext1  00000
__Lstringtext10                                stringtext10 00000
__Lstringtext11                                stringtext11 00000
__Lstringtext12                                stringtext12 00000
__Lstringtext13                                stringtext13 00000
__Lstringtext14                                stringtext14 00000
__Lstringtext15                                stringtext15 00000
__Lstringtext16                                stringtext16 00000
__Lstringtext17                                stringtext17 00000
__Lstringtext2                                 stringtext2  00000
__Lstringtext3                                 stringtext3  00000
__Lstringtext4                                 stringtext4  00000
__Lstringtext5                                 stringtext5  00000
__Lstringtext6                                 stringtext6  00000
__Lstringtext7                                 stringtext7  00000
__Lstringtext8                                 stringtext8  00000
__Lstringtext9                                 stringtext9  00000
__Ltext                                        text         00000
__S0                                           (abs)        0110C
__S1                                           (abs)        000EE
__S2                                           (abs)        00000
___aodiv                                       text19       00586
___aodiv@counter                               cstackCOMMON 00071
___aodiv@dividend                              cstackBANK0  00028
___aodiv@divisor                               cstackBANK0  00020
___aodiv@quotient                              cstackCOMMON 00073
___aodiv@sign                                  cstackCOMMON 00072
___aomod                                       text18       0049C
___aomod@counter                               cstackCOMMON 00071
___aomod@dividend                              cstackBANK0  00028
___aomod@divisor                               cstackBANK0  00020
___aomod@sign                                  cstackCOMMON 00072
___awdiv                                       text22       00252
___awdiv@counter                               cstackBANK0  00020
___awdiv@dividend                              cstackCOMMON 00078
___awdiv@divisor                               cstackCOMMON 00076
___awdiv@quotient                              cstackBANK0  00022
___awdiv@sign                                  cstackBANK0  00021
___awmod                                       text29       001A6
___awmod@counter                               cstackCOMMON 00075
___awmod@dividend                              cstackCOMMON 00072
___awmod@divisor                               cstackCOMMON 00070
___awmod@sign                                  cstackCOMMON 00076
___int_sp                                      stack        00000
___latbits                                     (abs)        00002
___sp                                          stack        00000
___stackhi                                     (abs)        023EF
___stacklo                                     (abs)        0209E
___wmul                                        text21       0001E
___wmul@multiplicand                           cstackCOMMON 00072
___wmul@multiplier                             cstackCOMMON 00070
___wmul@product                                cstackCOMMON 00074
__end_of_EUSART_Initialize                     text37       0005F
__end_of_EUSART_SetErrorHandler                text40       00EAF
__end_of_EUSART_SetFramingErrorHandler         text39       00EB5
__end_of_EUSART_SetOverrunErrorHandler         text38       00EBB
__end_of_EUSART_Write                          text16       00EE2
__end_of_OSCILLATOR_Initialize                 text36       00ECE
__end_of_PIN_MANAGER_Initialize                text35       001A6
__end_of_PWM3_Initialize                       text34       00EED
__end_of_PWM3_LoadDutyValue                    text24       00F86
__end_of_PWM4_Initialize                       text33       00EF8
__end_of_PWM4_LoadDutyValue                    text23       00F9C
__end_of_SYSTEM_Initialize                     text30       00F70
__end_of_TMR4_Initialize                       text32       00ED8
__end_of_WDT_Initialize                        text31       00EA9
__end_of___aodiv                               text19       00687
__end_of___aomod                               text18       00586
__end_of___awdiv                               text22       002B2
__end_of___awmod                               text29       001F9
__end_of___wmul                                text21       0003D
__end_of__initialization                       cinit        007FD
__end_of_abs                                   text17       0001E
__end_of_dtoa                                  text10       007F5
__end_of_fputc                                 text14       0011C
__end_of_fputs                                 text13       000AC
__end_of_initialize_lcd_screen                 text28       00FB5
__end_of_initialize_led                        text27       00F34
__end_of_initialize_light                      text26       00FCE
__end_of_initialize_temp                       text25       00FE7
__end_of_main                                  maintext     003C1
__end_of_map                                   text20       00084
__end_of_pad                                   text11       00252
__end_of_printf                                text7        00F46
__end_of_putch                                 text15       00EC1
__end_of_set_brightness                        text6        0015B
__end_of_set_color                             text1        00325
__end_of_strlen                                text12       01000
__end_of_turn_blue                             text4        00F06
__end_of_turn_green                            text3        00F23
__end_of_turn_red                              text2        00F14
__end_of_turn_selectors                        text5        00F5A
__end_of_vfpfcnvrt                             text9        0049C
__end_of_vfprintf                              text8        000DD
__initialization                               cinit        007F5
__pbssBANK1                                    bssBANK1     000A0
__pcstackBANK0                                 cstackBANK0  00020
__pcstackBANK1                                 cstackBANK1  000C9
__pcstackCOMMON                                cstackCOMMON 00070
__pmaintext                                    maintext     00325
__pnvBANK1                                     nvBANK1      000E8
__pstringtext1                                 stringtext1  00800
__pstringtext10                                stringtext10 010AE
__pstringtext11                                stringtext11 010C1
__pstringtext12                                stringtext12 010D2
__pstringtext13                                stringtext13 010E2
__pstringtext14                                stringtext14 010F1
__pstringtext15                                stringtext15 010FA
__pstringtext16                                stringtext16 01103
__pstringtext17                                stringtext17 00000
__pstringtext2                                 stringtext2  01000
__pstringtext3                                 stringtext3  01017
__pstringtext4                                 stringtext4  0102D
__pstringtext5                                 stringtext5  01043
__pstringtext6                                 stringtext6  01059
__pstringtext7                                 stringtext7  0106F
__pstringtext8                                 stringtext8  01084
__pstringtext9                                 stringtext9  01099
__ptext1                                       text1        002B2
__ptext10                                      text10       00687
__ptext11                                      text11       001F9
__ptext12                                      text12       00FE7
__ptext13                                      text13       00084
__ptext14                                      text14       000DD
__ptext15                                      text15       00EBB
__ptext16                                      text16       00ED8
__ptext17                                      text17       00004
__ptext18                                      text18       0049C
__ptext19                                      text19       00586
__ptext2                                       text2        00F06
__ptext20                                      text20       0005F
__ptext21                                      text21       0001E
__ptext22                                      text22       00252
__ptext23                                      text23       00F86
__ptext24                                      text24       00F70
__ptext25                                      text25       00FCE
__ptext26                                      text26       00FB5
__ptext27                                      text27       00F23
__ptext28                                      text28       00F9C
__ptext29                                      text29       001A6
__ptext3                                       text3        00F14
__ptext30                                      text30       00F5A
__ptext31                                      text31       00EA5
__ptext32                                      text32       00ECE
__ptext33                                      text33       00EED
__ptext34                                      text34       00EE2
__ptext35                                      text35       0015B
__ptext36                                      text36       00EC7
__ptext37                                      text37       0003D
__ptext38                                      text38       00EB5
__ptext39                                      text39       00EAF
__ptext4                                       text4        00EF8
__ptext40                                      text40       00EA9
__ptext5                                       text5        00F46
__ptext6                                       text6        0011C
__ptext7                                       text7        00F34
__ptext8                                       text8        000AC
__ptext9                                       text9        003C1
__size_of_EUSART_Initialize                    (abs)        00000
__size_of_EUSART_SetErrorHandler               (abs)        00000
__size_of_EUSART_SetFramingErrorHandler        (abs)        00000
__size_of_EUSART_SetOverrunErrorHandler        (abs)        00000
__size_of_EUSART_Write                         (abs)        00000
__size_of_OSCILLATOR_Initialize                (abs)        00000
__size_of_PIN_MANAGER_Initialize               (abs)        00000
__size_of_PWM3_Initialize                      (abs)        00000
__size_of_PWM3_LoadDutyValue                   (abs)        00000
__size_of_PWM4_Initialize                      (abs)        00000
__size_of_PWM4_LoadDutyValue                   (abs)        00000
__size_of_SYSTEM_Initialize                    (abs)        00000
__size_of_TMR4_Initialize                      (abs)        00000
__size_of_WDT_Initialize                       (abs)        00000
__size_of___aodiv                              (abs)        00000
__size_of___aomod                              (abs)        00000
__size_of___awdiv                              (abs)        00000
__size_of___awmod                              (abs)        00000
__size_of___wmul                               (abs)        00000
__size_of_abs                                  (abs)        00000
__size_of_dtoa                                 (abs)        00000
__size_of_fputc                                (abs)        00000
__size_of_fputs                                (abs)        00000
__size_of_initialize_lcd_screen                (abs)        00000
__size_of_initialize_led                       (abs)        00000
__size_of_initialize_light                     (abs)        00000
__size_of_initialize_temp                      (abs)        00000
__size_of_main                                 (abs)        00000
__size_of_map                                  (abs)        00000
__size_of_pad                                  (abs)        00000
__size_of_printf                               (abs)        00000
__size_of_putch                                (abs)        00000
__size_of_set_brightness                       (abs)        00000
__size_of_set_color                            (abs)        00000
__size_of_strlen                               (abs)        00000
__size_of_turn_blue                            (abs)        00000
__size_of_turn_green                           (abs)        00000
__size_of_turn_red                             (abs)        00000
__size_of_turn_selectors                       (abs)        00000
__size_of_vfpfcnvrt                            (abs)        00000
__size_of_vfprintf                             (abs)        00000
_abs                                           text17       00004
_close                                         (abs)        00000
_close@temp_sensor$F435                        (abs)        00000
_dbuf                                          bssBANK1     000A9
_demo1                                         (abs)        00000
_demo2                                         (abs)        00000
_demo3                                         (abs)        00000
_dtoa                                          text10       00687
_dtoa$1068                                     cstackBANK0  0003B
_eusartRxLastError                             bssBANK1     000A8
_flags                                         bssBANK1     000A6
_fputc                                         text14       000DD
_fputs                                         text13       00084
_initialize_lcd_screen                         text28       00F9C
_initialize_led                                text27       00F23
_initialize_light                              text26       00FB5
_initialize_temp                               text25       00FCE
_main                                          maintext     00325
_map                                           text20       0005F
_nout                                          bssBANK1     000A0
_open                                          (abs)        00000
_open@temp_sensor$F429                         (abs)        00000
_pad                                           text11       001F9
_prec                                          bssBANK1     000A4
_printf                                        text7        00F34
_putch                                         text15       00EBB
_read                                          (abs)        00000
_read@temp_sensor$F433                         (abs)        00000
_set_brightness                                text6        0011C
_set_color                                     text1        002B2
_strlen                                        text12       00FE7
_turn_blue                                     text4        00EF8
_turn_green                                    text3        00F14
_turn_red                                      text2        00F06
_turn_selectors                                text5        00F46
_vfpfcnvrt                                     text9        003C1
_vfprintf                                      text8        000AC
_width                                         bssBANK1     000A2
abs@a                                          cstackCOMMON 00073
btemp                                          (abs)        0007E
clear_ram0                                     clrtext      00EC1
dtoa@d                                         cstackBANK0  00030
dtoa@fp                                        cstackBANK0  0003F
dtoa@i                                         cstackBANK0  0004C
dtoa@n                                         cstackBANK0  00044
dtoa@p                                         cstackBANK0  0003D
dtoa@s                                         cstackBANK0  00042
dtoa@w                                         cstackBANK0  00040
end_of_initialization                          cinit        007FD
fputc@c                                        cstackCOMMON 00072
fputc@fp                                       cstackCOMMON 00074
fputs@c                                        cstackBANK0  00020
fputs@fp                                       cstackCOMMON 0007A
fputs@i                                        cstackBANK0  00021
fputs@s                                        cstackBANK0  00023
initialize_lcd_screen@lcd_screen_var           cstackCOMMON 00070
initialize_led@led                             cstackCOMMON 00070
initialize_light@sensor_var                    cstackCOMMON 00070
initialize_temp@sensor_var                     cstackCOMMON 00070
intlevel0                                      functab      00000
intlevel1                                      functab      00000
intlevel2                                      functab      00000
intlevel3                                      functab      00000
intlevel4                                      functab      00000
intlevel5                                      functab      00000
main@brightness                                cstackBANK1  000E0
main@lcd_screen                                cstackBANK1  000DA
main@led                                       cstackBANK1  000E4
main@light_sensor                              cstackBANK1  000CE
main@temp_sensor                               cstackBANK1  000D4
main@temperature                               cstackBANK1  000E2
map@in_max                                     cstackBANK0  00028
map@in_min                                     cstackBANK0  00026
map@out_max                                    cstackBANK0  0002C
map@out_min                                    cstackBANK0  0002A
map@x                                          cstackBANK0  00024
pad@buf                                        cstackBANK0  00024
pad@fp                                         cstackBANK0  0002C
pad@i                                          cstackBANK0  00028
pad@p                                          cstackBANK0  00025
pad@w                                          cstackBANK0  0002A
printf@ap                                      cstackBANK0  0006D
printf@fmt                                     cstackBANK0  00066
putch@txData                                   cstackCOMMON 00071
reset_vec                                      reset_vec    00000
set_brightness@brightness                      cstackBANK0  0006E
set_brightness@duty_cycle                      cstackBANK1  000C9
set_color@color                                cstackBANK1  000CA
set_color@temperature                          cstackBANK0  0006E
start                                          init         00002
start_initialization                           cinit        007F5
strlen@a                                       cstackCOMMON 00073
strlen@s                                       cstackCOMMON 00074
turn_selectors@selector1                       cstackCOMMON 00071
turn_selectors@selector2                       cstackCOMMON 00070
vfpfcnvrt@ap                                   cstackBANK0  0004F
vfpfcnvrt@fmt                                  cstackBANK0  0004E
vfpfcnvrt@fp                                   cstackBANK0  0005D
vfpfcnvrt@ll                                   cstackBANK0  00055
vfprintf@ap                                    cstackBANK0  00060
vfprintf@cfmt                                  cstackBANK0  00064
vfprintf@fmt                                   cstackBANK0  0005E
vfprintf@fp                                    cstackBANK0  00063
wtemp0                                         (abs)        0007E


FUNCTION INFORMATION:

 *************** function _main *****************
 Defined at:
		line 55 in file "main.c"
 Parameters:    Size  Location     Type
		None
 Auto vars:     Size  Location     Type
  lcd_screen      6   17[BANK1 ] struct lcd_screen
  temp_sensor     6   11[BANK1 ] struct sensor
  light_sensor    6    5[BANK1 ] struct sensor
  led             4   27[BANK1 ] struct led
  temperature     2   25[BANK1 ] int 
  brightness      2   23[BANK1 ] int 
 Return value:  Size  Location     Type
                  1    wreg      void 
 Registers used:
		wreg, fsr0l, fsr0h, fsr1l, fsr1h, status,2, status,0, pclath, cstack
 Tracked objects:
		On entry : 
		On exit  : 
		Unchanged: 
 Data sizes:     COMMON   BANK0   BANK1   BANK2   BANK3   BANK4   BANK5   BANK6   BANK7   BANK8   BANK9  BANK10  BANK11  BANK12
      Params:         0       0       0       0       0       0       0       0       0       0       0       0       0       0
      Locals:         0       0      26       0       0       0       0       0       0       0       0       0       0       0
      Temps:          0       0       2       0       0       0       0       0       0       0       0       0       0       0
      Totals:         0       0      28       0       0       0       0       0       0       0       0       0       0       0
Total ram usage:       28 bytes
 Hardware stack levels required when called:   11
 This function calls:
		_SYSTEM_Initialize
		___awmod
		_initialize_lcd_screen
		_initialize_led
		_initialize_light
		_initialize_temp
		_printf
		_set_brightness
		_set_color
 This function is called by:
		Startup code after reset
 This function uses a non-reentrant model


 *************** function _set_color *****************
 Defined at:
		line 76 in file "led_adapter.c"
 Parameters:    Size  Location     Type
  temperature     2   78[BANK0 ] int 
 Auto vars:     Size  Location     Type
  color           2    1[BANK1 ] int 
 Return value:  Size  Location     Type
                  1    wreg      void 
 Registers used:
		wreg, fsr0l, fsr0h, fsr1l, fsr1h, status,2, status,0, pclath, cstack
 Tracked objects:
		On entry : 
		On exit  : 
		Unchanged: 
 Data sizes:     COMMON   BANK0   BANK1   BANK2   BANK3   BANK4   BANK5   BANK6   BANK7   BANK8   BANK9  BANK10  BANK11  BANK12
      Params:         0       2       0       0       0       0       0       0       0       0       0       0       0       0
      Locals:         0       0       2       0       0       0       0       0       0       0       0       0       0       0
      Temps:          0       0       1       0       0       0       0       0       0       0       0       0       0       0
      Totals:         0       2       3       0       0       0       0       0       0       0       0       0       0       0
Total ram usage:        5 bytes
 Hardware stack levels used:    1
 Hardware stack levels required when called:   10
 This function calls:
		_map
		_turn_blue
		_turn_green
		_turn_red
 This function is called by:
		_initialize_led
		_main
 This function uses a non-reentrant model


 *************** function _turn_red *****************
 Defined at:
		line 60 in file "led_adapter.c"
 Parameters:    Size  Location     Type
		None
 Auto vars:     Size  Location     Type
		None
 Return value:  Size  Location     Type
                  1    wreg      void 
 Registers used:
		wreg, fsr0l, fsr0h, fsr1l, fsr1h, status,2, status,0, pclath, cstack
 Tracked objects:
		On entry : 
		On exit  : 
		Unchanged: 
 Data sizes:     COMMON   BANK0   BANK1   BANK2   BANK3   BANK4   BANK5   BANK6   BANK7   BANK8   BANK9  BANK10  BANK11  BANK12
      Params:         0       0       0       0       0       0       0       0       0       0       0       0       0       0
      Locals:         0       0       0       0       0       0       0       0       0       0       0       0       0       0
      Temps:          0       0       0       0       0       0       0       0       0       0       0       0       0       0
      Totals:         0       0       0       0       0       0       0       0       0       0       0       0       0       0
Total ram usage:        0 bytes
 Hardware stack levels used:    1
 Hardware stack levels required when called:    9
 This function calls:
		_printf
		_turn_selectors
 This function is called by:
		_set_color
 This function uses a non-reentrant model


 *************** function _turn_green *****************
 Defined at:
		line 54 in file "led_adapter.c"
 Parameters:    Size  Location     Type
		None
 Auto vars:     Size  Location     Type
		None
 Return value:  Size  Location     Type
                  1    wreg      void 
 Registers used:
		wreg, fsr0l, fsr0h, fsr1l, fsr1h, status,2, status,0, pclath, cstack
 Tracked objects:
		On entry : 
		On exit  : 
		Unchanged: 
 Data sizes:     COMMON   BANK0   BANK1   BANK2   BANK3   BANK4   BANK5   BANK6   BANK7   BANK8   BANK9  BANK10  BANK11  BANK12
      Params:         0       0       0       0       0       0       0       0       0       0       0       0       0       0
      Locals:         0       0       0       0       0       0       0       0       0       0       0       0       0       0
      Temps:          0       0       0       0       0       0       0       0       0       0       0       0       0       0
      Totals:         0       0       0       0       0       0       0       0       0       0       0       0       0       0
Total ram usage:        0 bytes
 Hardware stack levels used:    1
 Hardware stack levels required when called:    9
 This function calls:
		_printf
		_turn_selectors
 This function is called by:
		_set_color
 This function uses a non-reentrant model


 *************** function _turn_blue *****************
 Defined at:
		line 48 in file "led_adapter.c"
 Parameters:    Size  Location     Type
		None
 Auto vars:     Size  Location     Type
		None
 Return value:  Size  Location     Type
                  1    wreg      void 
 Registers used:
		wreg, fsr0l, fsr0h, fsr1l, fsr1h, status,2, status,0, pclath, cstack
 Tracked objects:
		On entry : 
		On exit  : 
		Unchanged: 
 Data sizes:     COMMON   BANK0   BANK1   BANK2   BANK3   BANK4   BANK5   BANK6   BANK7   BANK8   BANK9  BANK10  BANK11  BANK12
      Params:         0       0       0       0       0       0       0       0       0       0       0       0       0       0
      Locals:         0       0       0       0       0       0       0       0       0       0       0       0       0       0
      Temps:          0       0       0       0       0       0       0       0       0       0       0       0       0       0
      Totals:         0       0       0       0       0       0       0       0       0       0       0       0       0       0
Total ram usage:        0 bytes
 Hardware stack levels used:    1
 Hardware stack levels required when called:    9
 This function calls:
		_printf
		_turn_selectors
 This function is called by:
		_set_color
 This function uses a non-reentrant model


 *************** function _turn_selectors *****************
 Defined at:
		line 27 in file "led_adapter.c"
 Parameters:    Size  Location     Type
  selector1       1    wreg     _Bool 
  selector2       1    0[COMMON] _Bool 
 Auto vars:     Size  Location     Type
  selector1       1    1[COMMON] _Bool 
 Return value:  Size  Location     Type
                  1    wreg      void 
 Registers used:
		wreg, status,2, status,0
 Tracked objects:
		On entry : 
		On exit  : 
		Unchanged: 
 Data sizes:     COMMON   BANK0   BANK1   BANK2   BANK3   BANK4   BANK5   BANK6   BANK7   BANK8   BANK9  BANK10  BANK11  BANK12
      Params:         1       0       0       0       0       0       0       0       0       0       0       0       0       0
      Locals:         1       0       0       0       0       0       0       0       0       0       0       0       0       0
      Temps:          0       0       0       0       0       0       0       0       0       0       0       0       0       0
      Totals:         2       0       0       0       0       0       0       0       0       0       0       0       0       0
Total ram usage:        2 bytes
 Hardware stack levels used:    1
 This function calls:
		Nothing
 This function is called by:
		_turn_blue
		_turn_green
		_turn_red
 This function uses a non-reentrant model


 *************** function _set_brightness *****************
 Defined at:
		line 66 in file "led_adapter.c"
 Parameters:    Size  Location     Type
  brightness      2   78[BANK0 ] int 
 Auto vars:     Size  Location     Type
  duty_cycle      2    0[BANK1 ] unsigned short 
 Return value:  Size  Location     Type
                  1    wreg      void 
 Registers used:
		wreg, fsr0l, fsr0h, fsr1l, fsr1h, status,2, status,0, pclath, cstack
 Tracked objects:
		On entry : 
		On exit  : 
		Unchanged: 
 Data sizes:     COMMON   BANK0   BANK1   BANK2   BANK3   BANK4   BANK5   BANK6   BANK7   BANK8   BANK9  BANK10  BANK11  BANK12
      Params:         0       2       0       0       0       0       0       0       0       0       0       0       0       0
      Locals:         0       0       2       0       0       0       0       0       0       0       0       0       0       0
      Temps:          0       0       0       0       0       0       0       0       0       0       0       0       0       0
      Totals:         0       2       2       0       0       0       0       0       0       0       0       0       0       0
Total ram usage:        4 bytes
 Hardware stack levels used:    1
 Hardware stack levels required when called:    9
 This function calls:
		_PWM3_LoadDutyValue
		_PWM4_LoadDutyValue
		_map
		_printf
 This function is called by:
		_initialize_led
		_main
 This function uses a non-reentrant model


 *************** function _printf *****************
 Defined at:
		line 5 in file "C:\Program Files\Microchip\xc8\v2.31\pic\sources\c99\common\printf.c"
 Parameters:    Size  Location     Type
  fmt             2   70[BANK0 ] PTR const unsigned char 
		 -> STR_18(19), STR_17(15), STR_16(17), STR_15(16), 
		 -> STR_14(9), STR_13(9), STR_12(9), STR_11(21), 
		 -> STR_10(21), STR_9(29), STR_8(21), STR_7(22), 
		 -> STR_6(22), STR_5(22), STR_4(2), STR_3(23), 
		 -> STR_2(22), STR_1(2), 
 Auto vars:     Size  Location     Type
  ret             2    0        int 
  ap              1   77[BANK0 ] PTR void [1]
		 -> ?_printf(2), 
 Return value:  Size  Location     Type
                  2   70[BANK0 ] int 
 Registers used:
		wreg, fsr0l, fsr0h, fsr1l, fsr1h, status,2, status,0, pclath, cstack
 Tracked objects:
		On entry : 
		On exit  : 
		Unchanged: 
 Data sizes:     COMMON   BANK0   BANK1   BANK2   BANK3   BANK4   BANK5   BANK6   BANK7   BANK8   BANK9  BANK10  BANK11  BANK12
      Params:         0       4       0       0       0       0       0       0       0       0       0       0       0       0
      Locals:         0       3       0       0       0       0       0       0       0       0       0       0       0       0
      Temps:          0       1       0       0       0       0       0       0       0       0       0       0       0       0
      Totals:         0       8       0       0       0       0       0       0       0       0       0       0       0       0
Total ram usage:        8 bytes
 Hardware stack levels used:    1
 Hardware stack levels required when called:    8
 This function calls:
		_vfprintf
 This function is called by:
		_main
		_turn_blue
		_turn_green
		_turn_red
		_set_brightness
		_open
		_read
		_close
		_open@temp_sensor$F429
		_read@temp_sensor$F433
		_close@temp_sensor$F435
		_demo1
		_demo2
		_demo3
 This function uses a non-reentrant model


 *************** function _vfprintf *****************
 Defined at:
		line 1390 in file "C:\Program Files\Microchip\xc8\v2.31\pic\sources\c99\common\doprnt.c"
 Parameters:    Size  Location     Type
  fp              1    wreg     PTR struct _IO_FILE
		 -> NULL(0), 
  fmt             2   62[BANK0 ] PTR const unsigned char 
		 -> STR_18(19), STR_17(15), STR_16(17), STR_15(16), 
		 -> STR_14(9), STR_13(9), STR_12(9), STR_11(21), 
		 -> STR_10(21), STR_9(29), STR_8(21), STR_7(22), 
		 -> STR_6(22), STR_5(22), STR_4(2), STR_3(23), 
		 -> STR_2(22), STR_1(2), 
  ap              1   64[BANK0 ] PTR PTR void 
		 -> printf@ap(1), 
 Auto vars:     Size  Location     Type
  fp              1   67[BANK0 ] PTR struct _IO_FILE
		 -> NULL(0), 
  cfmt            2   68[BANK0 ] PTR unsigned char 
		 -> STR_18(19), STR_17(15), STR_16(17), STR_15(16), 
		 -> STR_14(9), STR_13(9), STR_12(9), STR_11(21), 
		 -> STR_10(21), STR_9(29), STR_8(21), STR_7(22), 
		 -> STR_6(22), STR_5(22), STR_4(2), STR_3(23), 
		 -> STR_2(22), STR_1(2), 
 Return value:  Size  Location     Type
                  2   62[BANK0 ] int 
 Registers used:
		wreg, fsr0l, fsr0h, fsr1l, fsr1h, status,2, status,0, pclath, cstack
 Tracked objects:
		On entry : 
		On exit  : 
		Unchanged: 
 Data sizes:     COMMON   BANK0   BANK1   BANK2   BANK3   BANK4   BANK5   BANK6   BANK7   BANK8   BANK9  BANK10  BANK11  BANK12
      Params:         0       3       0       0       0       0       0       0       0       0       0       0       0       0
[...]
 Parameters:    Size  Location     Type
  divisor         2    0[COMMON] int 
  dividend        2    2[COMMON] int 
 Auto vars:     Size  Location     Type
  sign            1    6[COMMON] unsigned char 
  counter         1    5[COMMON] unsigned char 
 Return value:  Size  Location     Type
                  2    0[COMMON] int 
 Registers used:
		wreg, status,2, status,0
 Tracked objects:
		On entry : 
		On exit  : 
		Unchanged: 
 Data sizes:     COMMON   BANK0   BANK1   BANK2   BANK3   BANK4   BANK5   BANK6   BANK7   BANK8   BANK9  BANK10  BANK11  BANK12
      Params:         4       0       0       0       0       0       0       0       0       0       0       0       0       0
      Locals:         2       0       0       0       0       0       0       0       0       0       0       0       0       0
      Temps:          1       0       0       0       0       0       0       0       0       0       0       0       0       0
      Totals:         7       0       0       0       0       0       0       0       0       0       0       0       0       0
Total ram usage:        7 bytes
 Hardware stack levels used:    1
 This function calls:
		Nothing
 This function is called by:
		_main
 This function uses a non-reentrant model


 *************** function _SYSTEM_Initialize *****************
 Defined at:
		line 50 in file "mcc_generated_files/mcc.c"
 Parameters:    Size  Location     Type
		None
 Auto vars:     Size  Location     Type
		None
 Return value:  Size  Location     Type
                  1    wreg      void 
 Registers used:
		wreg, status,2, status,0, pclath, cstack
 Tracked objects:
		On entry : 
		On exit  : 
		Unchanged: 
 Data sizes:     COMMON   BANK0   BANK1   BANK2   BANK3   BANK4   BANK5   BANK6   BANK7   BANK8   BANK9  BANK10  BANK11  BANK12
      Params:         0       0       0       0       0       0       0       0       0       0       0       0       0       0
      Locals:         0       0       0       0       0       0       0       0       0       0       0       0       0       0
      Temps:          0       0       0       0       0       0       0       0       0       0       0       0       0       0
      Totals:         0       0       0       0       0       0       0       0       0       0       0       0       0       0
Total ram usage:        0 bytes
 Hardware stack levels used:    1
 Hardware stack levels required when called:    2
 This function calls:
		_EUSART_Initialize
		_OSCILLATOR_Initialize
		_PIN_MANAGER_Initialize
		_PWM3_Initialize
		_PWM4_Initialize
		_TMR4_Initialize
		_WDT_Initialize
 This function is called by:
		_main
 This function uses a non-reentrant model


 *************** function _WDT_Initialize *****************
 Defined at:
		line 72 in file "mcc_generated_files/mcc.c"
 Parameters:    Size  Location     Type
		None
 Auto vars:     Size  Location     Type
		None
 Return value:  Size  Location     Type
                  1    wreg      void 
 Registers used:
		wreg
 Tracked objects:
		On entry : 
		On exit  : 
		Unchanged: 
 Data sizes:     COMMON   BANK0   BANK1   BANK2   BANK3   BANK4   BANK5   BANK6   BANK7   BANK8   BANK9  BANK10  BANK11  BANK12
      Params:         0       0       0       0       0       0       0       0       0       0       0       0       0       0
      Locals:         0       0       0       0       0       0       0       0       0       0       0       0       0       0
      Temps:          0       0       0       0       0       0       0       0       0       0       0       0       0       0
      Totals:         0       0       0       0       0       0       0       0       0       0       0       0       0       0
Total ram usage:        0 bytes
 Hardware stack levels used:    1
 This function calls:
		Nothing
 This function is called by:
		_SYSTEM_Initialize
 This function uses a non-reentrant model


 *************** function _TMR4_Initialize *****************
 Defined at:
		line 62 in file "mcc_generated_files/tmr4.c"
 Parameters:    Size  Location     Type
		None
 Auto vars:     Size  Location     Type
		None
 Return value:  Size  Location     Type
                  1    wreg      void 
 Registers used:
		wreg, status,2
 Tracked objects:
		On entry : 
		On exit  : 
		Unchanged: 
 Data sizes:     COMMON   BANK0   BANK1   BANK2   BANK3   BANK4   BANK5   BANK6   BANK7   BANK8   BANK9  BANK10  BANK11  BANK12
      Params:         0       0       0       0       0       0       0       0       0       0       0       0       0       0
      Locals:         0       0       0       0       0       0       0       0       0       0       0       0       0       0
      Temps:          0       0       0       0       0       0       0       0       0       0       0       0       0       0
      Totals:         0       0       0       0       0       0       0       0       0       0       0       0       0       0
Total ram usage:        0 bytes
 Hardware stack levels used:    1
 This function calls:
		Nothing
 This function is called by:
		_SYSTEM_Initialize
 This function uses a non-reentrant model


 *************** function _PWM4_Initialize *****************
 Defined at:
		line 58 in file "mcc_generated_files/pwm4.c"
 Parameters:    Size  Location     Type
		None
 Auto vars:     Size  Location     Type
		None
 Return value:  Size  Location     Type
                  1    wreg      void 
 Registers used:
		wreg, status,2, status,0
 Tracked objects:
		On entry : 
		On exit  : 
		Unchanged: 
 Data sizes:     COMMON   BANK0   BANK1   BANK2   BANK3   BANK4   BANK5   BANK6   BANK7   BANK8   BANK9  BANK10  BANK11  BANK12
      Params:         0       0       0       0       0       0       0       0       0       0       0       0       0       0
      Locals:         0       0       0       0       0       0       0       0       0       0       0       0       0       0
      Temps:          0       0       0       0       0       0       0       0       0       0       0       0       0       0
      Totals:         0       0       0       0       0       0       0       0       0       0       0       0       0       0
Total ram usage:        0 bytes
 Hardware stack levels used:    1
 This function calls:
		Nothing
 This function is called by:
		_SYSTEM_Initialize
 This function uses a non-reentrant model


 *************** function _PWM3_Initialize *****************
 Defined at:
		line 58 in file "mcc_generated_files/pwm3.c"
 Parameters:    Size  Location     Type
		None
 Auto vars:     Size  Location     Type
		None
 Return value:  Size  Location     Type
                  1    wreg      void 
 Registers used:
		wreg, status,2, status,0
 Tracked objects:
		On entry : 
		On exit  : 
		Unchanged: 
 Data sizes:     COMMON   BANK0   BANK1   BANK2   BANK3   BANK4   BANK5   BANK6   BANK7   BANK8   BANK9  BANK10  BANK11  BANK12
      Params:         0       0       0       0       0       0       0       0       0       0       0       0       0       0
      Locals:         0       0       0       0       0       0       0       0       0       0       0       0       0       0
      Temps:          0       0       0       0       0       0       0       0       0       0       0       0       0       0
      Totals:         0       0       0       0       0       0       0       0       0       0       0       0       0       0
Total ram usage:        0 bytes
 Hardware stack levels used:    1
 This function calls:
		Nothing
 This function is called by:
		_SYSTEM_Initialize
 This function uses a non-reentrant model


 *************** function _PIN_MANAGER_Initialize *****************
 Defined at:
		line 55 in file "mcc_generated_files/pin_manager.c"
 Parameters:    Size  Location     Type
		None
 Auto vars:     Size  Location     Type
		None
 Return value:  Size  Location     Type
                  1    wreg      void 
 Registers used:
		wreg, status,2
 Tracked objects:
		On entry : 
		On exit  : 
		Unchanged: 
 Data sizes:     COMMON   BANK0   BANK1   BANK2   BANK3   BANK4   BANK5   BANK6   BANK7   BANK8   BANK9  BANK10  BANK11  BANK12
      Params:         0       0       0       0       0       0       0       0       0       0       0       0       0       0
      Locals:         0       0       0       0       0       0       0       0       0       0       0       0       0       0
      Temps:          0       0       0       0       0       0       0       0       0       0       0       0       0       0
      Totals:         0       0       0       0       0       0       0       0       0       0       0       0       0       0
Total ram usage:        0 bytes
 Hardware stack levels used:    1
 This function calls:
		Nothing
 This function is called by:
		_SYSTEM_Initialize
 This function uses a non-reentrant model


 *************** function _OSCILLATOR_Initialize *****************
 Defined at:
		line 62 in file "mcc_generated_files/mcc.c"
 Parameters:    Size  Location     Type
		None
 Auto vars:     Size  Location     Type
		None
 Return value:  Size  Location     Type
                  1    wreg      void 
 Registers used:
		wreg, status,2
 Tracked objects:
		On entry : 
		On exit  : 
		Unchanged: 
 Data sizes:     COMMON   BANK0   BANK1   BANK2   BANK3   BANK4   BANK5   BANK6   BANK7   BANK8   BANK9  BANK10  BANK11  BANK12
      Params:         0       0       0       0       0       0       0       0       0       0       0       0       0       0
      Locals:         0       0       0       0       0       0       0       0       0       0       0       0       0       0
      Temps:          0       0       0       0       0       0       0       0       0       0       0       0       0       0
      Totals:         0       0       0       0       0       0       0       0       0       0       0       0       0       0
Total ram usage:        0 bytes
 Hardware stack levels used:    1
 This function calls:
		Nothing
 This function is called by:
		_SYSTEM_Initialize
 This function uses a non-reentrant model


 *************** function _EUSART_Initialize *****************
 Defined at:
		line 66 in file "mcc_generated_files/eusart.c"
 Parameters:    Size  Location     Type
		None
 Auto vars:     Size  Location     Type
		None
 Return value:  Size  Location     Type
                  1    wreg      void 
 Registers used:
		wreg, status,2, status,0, pclath, cstack
 Tracked objects:
		On entry : 
		On exit  : 
		Unchanged: 
 Data sizes:     COMMON   BANK0   BANK1   BANK2   BANK3   BANK4   BANK5   BANK6   BANK7   BANK8   BANK9  BANK10  BANK11  BANK12
      Params:         0       0       0       0       0       0       0       0       0       0       0       0       0       0
      Locals:         0       0       0       0       0       0       0       0       0       0       0       0       0       0
      Temps:          0       0       0       0       0       0       0       0       0       0       0       0       0       0
      Totals:         0       0       0       0       0       0       0       0       0       0       0       0       0       0
Total ram usage:        0 bytes
 Hardware stack levels used:    1
 Hardware stack levels required when called:    1
 This function calls:
		_EUSART_SetErrorHandler
		_EUSART_SetFramingErrorHandler
		_EUSART_SetOverrunErrorHandler
 This function is called by:
		_SYSTEM_Initialize
 This function uses a non-reentrant model


 *************** function _EUSART_SetOverrunErrorHandler *****************
 Defined at:
		line 170 in file "mcc_generated_files/eusart.c"
 Parameters:    Size  Location     Type
  interruptHan    2    0[COMMON] PTR FTN()void 
		 -> EUSART_DefaultOverrunErrorHandler(1), 
 Auto vars:     Size  Location     Type
		None
 Return value:  Size  Location     Type
                  1    wreg      void 
 Registers used:
		wreg
 Tracked objects:
		On entry : 
		On exit  : 
		Unchanged: 
 Data sizes:     COMMON   BANK0   BANK1   BANK2   BANK3   BANK4   BANK5   BANK6   BANK7   BANK8   BANK9  BANK10  BANK11  BANK12
      Params:         2       0       0       0       0       0       0       0       0       0       0       0       0       0
      Locals:         0       0       0       0       0       0       0       0       0       0       0       0       0       0
      Temps:          0       0       0       0       0       0       0       0       0       0       0       0       0       0
      Totals:         2       0       0       0       0       0       0       0       0       0       0       0       0       0
Total ram usage:        2 bytes
 Hardware stack levels used:    1
 This function calls:
		Nothing
 This function is called by:
		_EUSART_Initialize
 This function uses a non-reentrant model


 *************** function _EUSART_SetFramingErrorHandler *****************
 Defined at:
		line 166 in file "mcc_generated_files/eusart.c"
 Parameters:    Size  Location     Type
  interruptHan    2    0[COMMON] PTR FTN()void 
		 -> EUSART_DefaultFramingErrorHandler(1), 
 Auto vars:     Size  Location     Type
		None
 Return value:  Size  Location     Type
                  1    wreg      void 
 Registers used:
		wreg
 Tracked objects:
		On entry : 
		On exit  : 
		Unchanged: 
 Data sizes:     COMMON   BANK0   BANK1   BANK2   BANK3   BANK4   BANK5   BANK6   BANK7   BANK8   BANK9  BANK10  BANK11  BANK12
      Params:         2       0       0       0       0       0       0       0       0       0       0       0       0       0
      Locals:         0       0       0       0       0       0       0       0       0       0       0       0       0       0
      Temps:          0       0       0       0       0       0       0       0       0       0       0       0       0       0
      Totals:         2       0       0       0       0       0       0       0       0       0       0       0       0       0
Total ram usage:        2 bytes
 Hardware stack levels used:    1
 This function calls:
		Nothing
 This function is called by:
		_EUSART_Initialize
 This function uses a non-reentrant model


 *************** function _EUSART_SetErrorHandler *****************
 Defined at:
		line 174 in file "mcc_generated_files/eusart.c"
 Parameters:    Size  Location     Type
  interruptHan    2    0[COMMON] PTR FTN()void 
		 -> EUSART_DefaultErrorHandler(1), 
 Auto vars:     Size  Location     Type
		None
 Return value:  Size  Location     Type
                  1    wreg      void 
 Registers used:
		wreg
 Tracked objects:
		On entry : 
		On exit  : 
		Unchanged: 
 Data sizes:     COMMON   BANK0   BANK1   BANK2   BANK3   BANK4   BANK5   BANK6   BANK7   BANK8   BANK9  BANK10  BANK11  BANK12
      Params:         2       0       0       0       0       0       0       0       0       0       0       0       0       0
      Locals:         0       0       0       0       0       0       0       0       0       0       0       0       0       0
      Temps:          0       0       0       0       0       0       0       0       0       0       0       0       0       0
      Totals:         2       0       0       0       0       0       0       0       0       0       0       0       0       0
Total ram usage:        2 bytes
 Hardware stack levels used:    1
 This function calls:
		Nothing
 This function is called by:
		_EUSART_Initialize
 This function uses a non-reentrant model



MODULE INFORMATION

Module		Function		Class		Link	Load	Size
lcd_screen.c
		_initialize_lcd_screen		CODE           	0F9C	0000	25

lcd_screen.c estimated size: 25

mcc_generated_files/tmr4.c
		_TMR4_Initialize		CODE           	0ECE	0000	10

mcc_generated_files/tmr4.c estimated size: 10

mcc_generated_files/pwm4.c
		_PWM4_Initialize		CODE           	0EED	0000	11
		_PWM4_LoadDutyValue		CODE           	0F86	0000	22

mcc_generated_files/pwm4.c estimated size: 33

C:\Program Files\Microchip\xc8\v2.31\pic\sources\c99\common\nf_fputs.c
		_fputs         		CODE           	0084	0000	40

C:\Program Files\Microchip\xc8\v2.31\pic\sources\c99\common\nf_fputs.c estimated size: 40

C:\Program Files\Microchip\xc8\v2.31\pic\sources\c99\common\printf.c
		_printf        		CODE           	0F34	0000	18

C:\Program Files\Microchip\xc8\v2.31\pic\sources\c99\common\printf.c estimated size: 18

C:\Program Files\Microchip\xc8\v2.31\pic\sources\c99\common\aomod.c
		___aomod       		CODE           	049C	0000	234

C:\Program Files\Microchip\xc8\v2.31\pic\sources\c99\common\aomod.c estimated size: 234

C:\Program Files\Microchip\xc8\v2.31\pic\sources\c99\common\abs.c
		_abs           		CODE           	0004	0000	26

C:\Program Files\Microchip\xc8\v2.31\pic\sources\c99\common\abs.c estimated size: 26

C:\Program Files\Microchip\xc8\v2.31\pic\sources\c99\common\strlen.c
		_strlen        		CODE           	0FE7	0000	25

C:\Program Files\Microchip\xc8\v2.31\pic\sources\c99\common\strlen.c estimated size: 25

mcc_generated_files/pin_manager.c
		_PIN_MANAGER_Initialize		CODE           	015B	0000	75

mcc_generated_files/pin_manager.c estimated size: 75

C:\Program Files\Microchip\xc8\v2.31\pic\sources\c99\common\awmod.c
		___awmod       		CODE           	01A6	0000	83

C:\Program Files\Microchip\xc8\v2.31\pic\sources\c99\common\awmod.c estimated size: 83

C:\Program Files\Microchip\xc8\v2.31\pic\sources\c99\common\aodiv.c
		___aodiv       		CODE           	0586	0000	257

C:\Program Files\Microchip\xc8\v2.31\pic\sources\c99\common\aodiv.c estimated size: 257

C:\Program Files\Microchip\xc8\v2.31\pic\sources\c99\common\nf_fputc.c
		_fputc         		CODE           	00DD	0000	63

C:\Program Files\Microchip\xc8\v2.31\pic\sources\c99\common\nf_fputc.c estimated size: 63

shared
		__initialization		CODE           	07F5	0000	8

shared estimated size: 8

mcc_generated_files/mcc.c
		_WDT_Initialize		CODE           	0EA5	0000	4
		_OSCILLATOR_Initialize		CODE           	0EC7	0000	7
		_SYSTEM_Initialize		CODE           	0F5A	0000	22

mcc_generated_files/mcc.c estimated size: 33

mcc_generated_files/pwm3.c
		_PWM3_Initialize		CODE           	0EE2	0000	11
		_PWM3_LoadDutyValue		CODE           	0F70	0000	22

mcc_generated_files/pwm3.c estimated size: 33

C:\Program Files\Microchip\xc8\v2.31\pic\sources\c99\common\awdiv.c
		___awdiv       		CODE           	0252	0000	96

C:\Program Files\Microchip\xc8\v2.31\pic\sources\c99\common\awdiv.c estimated size: 96

C:\Program Files\Microchip\xc8\v2.31\pic\sources\c99\common\doprnt.c
		_vfpfcnvrt     		CODE           	03C1	0000	219
		_pad           		CODE           	01F9	0000	89
		_dtoa          		CODE           	0687	0000	366
		_vfprintf      		CODE           	00AC	0000	49

C:\Program Files\Microchip\xc8\v2.31\pic\sources\c99\common\doprnt.c estimated size: 723

led_adapter.c
		_initialize_led		CODE           	0F23	0000	17
		_map           		CODE           	005F	0000	37
		_set_color     		CODE           	02B2	0000	115
		_turn_red      		CODE           	0F06	0000	14
		_set_brightness		CODE           	011C	0000	63
		_turn_green    		CODE           	0F14	0000	15
		_turn_blue     		CODE           	0EF8	0000	14
		_turn_selectors		CODE           	0F46	0000	20

led_adapter.c estimated size: 295

light_sensor.c
		_initialize_light		CODE           	0FB5	0000	25

light_sensor.c estimated size: 25

C:\Program Files\Microchip\xc8\v2.31\pic\sources\c99\common\Umul16.c
		___wmul        		CODE           	001E	0000	31

C:\Program Files\Microchip\xc8\v2.31\pic\sources\c99\common\Umul16.c estimated size: 31

mcc_generated_files/eusart.c
		_putch         		CODE           	0EBB	0000	6
		_EUSART_Write  		CODE           	0ED8	0000	10
		_EUSART_Initialize		CODE           	003D	0000	34
		_EUSART_SetFramingErrorHandler		CODE           	0EAF	0000	6
		_EUSART_SetErrorHandler		CODE           	0EA9	0000	6
		_EUSART_SetOverrunErrorHandler		CODE           	0EB5	0000	6

mcc_generated_files/eusart.c estimated size: 68

main.c
		_main          		CODE           	0325	0000	156

main.c estimated size: 156

temp_sensor.c
		_initialize_temp		CODE           	0FCE	0000	25

temp_sensor.c estimated size: 25

