Microchip MPLAB XC8 Compiler V2.31

Linker command line:

-W-3 --edf=C:\Program Files\Microchip\xc8\v2.31\pic\dat\en_msgs.txt -cn \
  -h+dist/default/production\sprint2.X.production.sym \
  --cmf=dist/default/production\sprint2.X.production.cmf -z -Q16LF1717 \
  -oC:\Users\GABRIE~1\AppData\Local\Temp\sc74.3 --defsym=__MPLAB_BUILD=1 \
  -Mdist/default/production/sprint2.X.production.map -E1 -ver=XC8 Compiler \
  --acfsm=1493 -ASTACK=0216Eh-023EFh -pstack=STACK -ACODE=00h-07FFhx4 \
  -ASTRCODE=00h-01FFFh -ASTRING=00h-0FFhx32 -ACONST=00h-0FFhx32 \
  -AENTRY=00h-0FFhx32 -ACOMMON=070h-07Fh -ABANK0=020h-06Fh \
  -ABANK1=0A0h-0EFh -ABANK2=0120h-016Fh -ABANK3=01A0h-01EFh \
  -ABANK4=0220h-026Fh -ABANK5=02A0h-02EFh -ABANK6=0320h-036Fh \
  -ABANK7=03A0h-03EFh -ABANK8=0420h-046Fh -ABANK9=04A0h-04EFh \
  -ABANK10=0520h-056Fh -ABANK11=05A0h-05EFh -ABANK12=0620h-064Fh \
  -ABIGRAM=02000h-023EFh \
  -ARAM=020h-06Fh,0A0h-0EFh,0120h-016Fh,01A0h-01EFh,0220h-026Fh,02A0h-02EFh,0320h-036Fh,03A0h-03EFh,0420h-046Fh,04A0h-04EFh,0520h-056Fh,05A0h-05EFh,0620h-064Fh \
  -AABS1=020h-07Fh,0A0h-0EFh,0120h-016Fh,01A0h-01EFh,0220h-026Fh,02A0h-02EFh,0320h-036Fh,03A0h-03EFh,0420h-046Fh,04A0h-04EFh,0520h-056Fh,05A0h-05EFh,0620h-064Fh \
  -ASFR0=00h-01Fh -ASFR1=080h-09Fh -ASFR2=0100h-011Fh -ASFR3=0180h-019Fh \
  -ASFR4=0200h-021Fh -ASFR5=0280h-029Fh -ASFR6=0300h-031Fh \
  -ASFR7=0380h-039Fh -ASFR8=0400h-041Fh -ASFR9=0480h-049Fh \
  -ASFR10=0500h-051Fh -ASFR11=0580h-059Fh -ASFR12=0600h-061Fh \
  -ASFR13=0680h-06EFh -ASFR14=0700h-076Fh -ASFR15=0780h-07EFh \
  -ASFR16=0800h-086Fh -ASFR17=0880h-08EFh -ASFR18=0900h-096Fh \
  -ASFR19=0980h-09EFh -ASFR20=0A00h-0A6Fh -ASFR21=0A80h-0AEFh \
  -ASFR22=0B00h-0B6Fh -ASFR23=0B80h-0BEFh -ASFR24=0C00h-0C6Fh \
  -ASFR25=0C80h-0CEFh -ASFR26=0D00h-0D6Fh -ASFR27=0D80h-0DEFh \
  -ASFR28=0E00h-0E6Fh -ASFR29=0E80h-0EEFh -ASFR30=0F00h-0F6Fh \
  -ASFR31=0F80h-0FEFh -ACONFIG=08007h-08008h -DCONFIG=2 \
  -AIDLOC=08000h-08003h -DIDLOC=2 -DCODE=2 -DSTRCODE=2 -DSTRING=2 -DCONST=2 \
  -DENTRY=2 -preset_vec=00h,intentry=04h,init,end_init -ppowerup=CODE \
  -pcinit=CODE -pfunctab=ENTRY -k \
  C:\Users\GABRIE~1\AppData\Local\Temp\sc74.o \
  dist/default/production\sprint2.X.production.o 

Object code version is 3.11

Machine type is 16LF1717



                Name                               Link     Load   Length Selector   Space Scale
C:\Users\GABRIE~1\AppData\Local\Temp\sc74.o
                end_init                             26       26        2        8       0
                reset_vec                             0        0        2        0       0
                config                             8007     8007        2        0       4
dist/default/production\sprint2.X.production.o
                cinit                                28       28       31        8       0
                intentry                              4        4       22        8       0
                config                             8007     8007        2        0       4
                text182                            1534     1534       3D     2A68       0
                text181                            1AFA     1AFA        1     35F4       0
                text180                            1D50     1D50        F     3AA0       0
                text179                            13C4     13C4       31     2788       0
                text178                            1AFB     1AFB        1     35F6       0
                text177                            1D5F     1D5F        F     3ABE       0
                text176                            1AFE     1AFE        3     35FC       0
                text175                            1B01     1B01        3     3602       0
                text174                            1B04     1B04        3     3608       0
                text173                            1EA4     1EA4       1C     3D48       0
                text172                            1B07     1B07        3     360E       0
                text171                             800      800        2        8       0
                text170                               2        2        2        0       0
                text169                            1B0A     1B0A        3     3614       0
                text168                            1B0D     1B0D        3     361A       0
                text167                            1B10     1B10        3     3620       0
                text166                            1B34     1B34        4     3668       0
                text165                            1B13     1B13        3     3626       0
                text164                            1B38     1B38        4     3670       0
                text163                            1B4C     1B4C        5     3698       0
                text162                            1B97     1B97        6     372E       0
                text161                            1B16     1B16        3     362C       0
                text160                            1366     1366       2F     26CC       0
                text159                            1B51     1B51        5     36A2       0
                text158                            1BFA     1BFA        9     37F4       0
                text157                            1BEA     1BEA        8     37D4       0
                text156                            17A7     17A7       59     2F4E       0
                text155                            1673     1673       47     2CE6       0
                text154                            1BC7     1BC7        7     378E       0
                text153                            1B56     1B56        5     36AC       0
                text152                            1B5B     1B5B        5     36B6       0
                text151                            1B60     1B60        5     36C0       0
                text150                            1B65     1B65        5     36CA       0
                text149                            1B6A     1B6A        5     36D4       0
                text148                            1B6F     1B6F        5     36DE       0
                text147                            1B74     1B74        5     36E8       0
                text146                            1B79     1B79        5     36F2       0
                text145                            12DD     12DD       2D     25BA       0
                text144                            125B     125B       2B     24B6       0
                text143                            1B9D     1B9D        6     373A       0
                text142                            1CE7     1CE7        D     39CE       0
                text141                            1F88     1F88       1E     3F10       0
                text140                            1B7E     1B7E        5     36FC       0
                text139                            1CF4     1CF4        D     39E8       0
                text138                            14FA     14FA       3A     29F4       0
                text137                            1231     1231       2A     2462       0
                text136                            1D01     1D01        D     3A02       0
                text135                            1D6E     1D6E        F     3ADC       0
                text134                            113E     113E       28     227C       0
                text133                            145A     145A       35     28B4       0
                text132                            1B83     1B83        5     3706       0
                text131                             43E      43E      101        8       0
                text130                             C3C      C3C       EA     1878       0
                text129                            1E55     1E55       1A     3CAA       0
                text128                            1CA5     1CA5        A     394A       0
                text127                            1BA3     1BA3        6     3746       0
                text126                            1571     1571       3F     2AE2       0
                text125                            11B6     11B6       29     236C       0
                text124                            1E6F     1E6F       1A     3CDE       0
                text123                             802      802       59     1004       0
                text122                             1C9      1C9      170        8       0
                text121                             E13      E13       F0     1C26       0
                text120                            13F5     13F5       31     27EA       0
                text119                            1D8C     1D8C       12     3B18       0
                text118                            1EC0     1EC0       1C     3D80       0
                text117                             F03      F03       FD     1E06       0
                text116                            1AFC     1AFC        1     35F8       0
                text115                            1D7D     1D7D        F     3AFA       0
                text114                            1E23     1E23       19     3C46       0
                text113                            1B88     1B88        5     3710       0
                text112                            130A     130A       2E     2614       0
                text111                            1AFD     1AFD        1     35FA       0
                text110                            1D0E     1D0E        D     3A1C       0
                text109                            1DC5     1DC5       17     3B8A       0
                text107                            10F4     10F4       25     21E8       0
                text106                            1066     1066       23     20CC       0
                text105                            10AC     10AC       24     2158       0
                text104                            1C03     1C03        9     3806       0
                text103                            1C0C     1C0C        9     3818       0
                text102                            1C15     1C15        9     382A       0
                text101                            1C1E     1C1E        9     383C       0
                text100                            1119     1119       25     2232       0
                text99                             1C27     1C27        9     384E       0
                text98                             1BCE     1BCE        7     379C       0
                text97                             1C30     1C30        9     3860       0
                text96                             1C39     1C39        9     3872       0
                text95                             1C42     1C42        9     3884       0
                text94                              97F      97F       73     12FE       0
                text93                             1CB9     1CB9        B     3972       0
                text92                             1C4B     1C4B        9     3896       0
                text91                             1D9E     1D9E       12     3B3C       0
                text90                             1CAF     1CAF        A     395E       0
                text89                             1B3C     1B3C        4     3678       0
                text88                             1EDC     1EDC       1C     3DB8       0
                text87                             1B19     1B19        3     3632       0
                text86                             1B1C     1B1C        3     3638       0
                text85                             1B1F     1B1F        3     363E       0
                text84                             1045     1045       21     208A       0
                text83                             1B22     1B22        3     3644       0
                text82                             1BA9     1BA9        6     3752       0
                text81                             1BAF     1BAF        6     375E       0
                text80                             1B25     1B25        3     364A       0
                text79                             1B28     1B28        3     3650       0
                text78                             1B2B     1B2B        3     3656       0
                text77                             1B40     1B40        4     3680       0
                text76                             1B2E     1B2E        3     365C       0
                text75                             1B44     1B44        4     3688       0
                text74                             1BB5     1BB5        6     376A       0
                text73                             1BBB     1BBB        6     3776       0
                text72                             1B31     1B31        3     3662       0
                text71                             14C4     14C4       36     2988       0
                text70                             1C54     1C54        9     38A8       0
                text69                             1D1B     1D1B        D     3A36       0
                text68                             1CCF     1CCF        C     399E       0
                text67                              8B4      8B4       64     1168       0
                text66                             1705     1705       51     2E0A       0
                text65                             1CC4     1CC4        B     3988       0
                text64                             1C5D     1C5D        9     38BA       0
                text63                             1C66     1C66        9     38CC       0
                text62                             1C6F     1C6F        9     38DE       0
                text61                             1C78     1C78        9     38F0       0
                text60                             1C81     1C81        9     3902       0
                text59                             1C8A     1C8A        9     3914       0
                text58                             1C93     1C93        9     3926       0
                text57                             1C9C     1C9C        9     3938       0
                text56                             148F     148F       35     291E       0
                text55                             1338     1338       2E     2670       0
                text54                             1BC1     1BC1        6     3782       0
                text53                             1D28     1D28        D     3A50       0
                text52                             1089     1089       23     2112       0
                text51                             1B8D     1B8D        5     371A       0
                text50                             1D35     1D35        D     3A6A       0
                text49                             15B0     15B0       41     2B60       0
                text48                             1DDC     1DDC       17     3BB8       0
                text47                             10D0     10D0       24     21A0       0
                text46                             1B92     1B92        5     3724       0
                text45                             1286     1286       2B     250C       0
                text44                             1D42     1D42        E     3A84       0
                text43                             12B1     12B1       2C     2562       0
                text42                             15F1     15F1       41     2BE2       0
                text41                             1F14     1F14       1D     3E28       0
                text40                             1F31     1F31       1D     3E62       0
                text39                             16BA     16BA       4B     2D74       0
                text38                             1F4E     1F4E       1D     3E9C       0
                text37                             1DF3     1DF3       18     3BE6       0
                text36                             1006     1006       1F     200C       0
                text35                             1FA6     1FA6       1E     3F4C       0
                text34                             1F6B     1F6B       1D     3ED6       0
                text33                             1FC4     1FC4       1E     3F88       0
                text32                             1E3C     1E3C       19     3C78       0
                text31                              A7C      A7C       90     14F8       0
                text30                             1426     1426       34     284C       0
                text29                              918      918       67     1230       0
                text28                             1756     1756       51     2EAC       0
                text27                             1E0B     1E0B       18     3C16       0
                text26                             1BD5     1BD5        7     37AA       0
                text25                             1BF2     1BF2        8     37E4       0
                text24                             1BDC     1BDC        7     37B8       0
                text23                              9F2      9F2       8A     13E4       0
                text22                             1166     1166       28     22CC       0
                text21                             1025     1025       20     204A       0
                text20                             118E     118E       28     231C       0
                text19                             1FE2     1FE2       1E     3FC4       0
                text18                              B0C      B0C       90     1618       0
                text17                              B9C      B9C       A0     1738       0
                text16                              73B      73B       B4        8       0
                text15                             11DF     11DF       29     23BE       0
                text14                              339      339      105        8       0
                text13                              D26      D26       ED     1A4C       0
                text12                             1EF8     1EF8       1C     3DF0       0
                text11                             1CDB     1CDB        C     39B6       0
                text10                             1BE3     1BE3        7     37C6       0
                text9                              1632     1632       41     2C64       0
                text8                              1208     1208       29     2410       0
                text7                              1E89     1E89       1B     3D12       0
                text6                               85B      85B       59     10B6       0
                text5                                59       59      170        8       0
                text4                               53F      53F       FF        8       0
                text3                              1395     1395       2F     272A       0
                text2                              1DB0     1DB0       15     3B60       0
                text1                               7EF      7EF       11        8       0
                maintext                            63E      63E       FD        8       0
                cstackBANK0                          20       20       50       20       1
                cstackCOMMON                         70       70        E       70       1
                cstackBANK1                          A0       A0       48       A0       1
                cstackBANK2                         150      150       15      120       1
                cstackBANK4                         240      240        E      220       1
                clrtext                            1000     1000        6     1E06       0
                bssBANK4                            220      220       20      220       1
                bssBANK3                            1A0      1A0       3D      1A0       1
                dataBANK2                           165      165        4      120       1
                bssBANK2                            120      120       30      120       1
                bssBANK1                             E8       E8        3       A0       1
                stringtext30                       19EA     19EA        6     3000       0
                stringtext29                       19E0     19E0        A     3000       0
                stringtext28                       19D6     19D6        A     3000       0
                stringtext27                       19CB     19CB        B     3000       0
                stringtext26                       19BF     19BF        C     3000       0
                stringtext25                       19B3     19B3        C     3000       0
                stringtext24                       19A7     19A7        C     3000       0
                stringtext23                       199A     199A        D     3000       0
                stringtext22                       198B     198B        F     3000       0
                stringtext21                       197C     197C        F     3000       0
                stringtext20                       196C     196C       10     3000       0
                stringtext19                       195C     195C       10     3000       0
                stringtext18                       194C     194C       10     3000       0
                stringtext17                       193B     193B       11     3000       0
                stringtext16                       192A     192A       11     3000       0
                stringtext15                       1919     1919       11     3000       0
                stringtext14                       1908     1908       11     3000       0
                stringtext13                       18F7     18F7       11     3000       0
                stringtext12                       18E6     18E6       11     3000       0
                stringtext11                       18D5     18D5       11     3000       0
                stringtext10                       18C4     18C4       11     3000       0
                stringtext9                        18B3     18B3       11     3000       0
                stringtext8                        18A2     18A2       11     3000       0
                stringtext7                        1891     1891       11     3000       0
                stringtext6                        187E     187E       13     3000       0
                stringtext5                        186A     186A       14     3000       0
                stringtext4                        1856     1856       14     3000       0
                stringtext3                        183C     183C       1A     3000       0
                stringtext2                        1820     1820       1C     3000       0
                nvBANK3                             1DD      1DD        E      1A0       1
                stringtext1                        1800     1800       20     3000       0
                idataBANK2                         1B48     1B48        4     3690       0

TOTAL           Name                               Link     Load   Length     Space
        CLASS   STACK          

        CLASS   CODE           
                end_init                             26       26        2         0
                cinit                                28       28       31         0
                intentry                              4        4       22         0
                reset_vec                             0        0        2         0
                text182                            1534     1534       3D         0
                text181                            1AFA     1AFA        1         0
                text180                            1D50     1D50        F         0
                text179                            13C4     13C4       31         0
                text178                            1AFB     1AFB        1         0
                text177                            1D5F     1D5F        F         0
                text176                            1AFE     1AFE        3         0
                text175                            1B01     1B01        3         0
                text174                            1B04     1B04        3         0
                text173                            1EA4     1EA4       1C         0
                text172                            1B07     1B07        3         0
                text171                             800      800        2         0
                text170                               2        2        2         0
                text169                            1B0A     1B0A        3         0
                text168                            1B0D     1B0D        3         0
                text167                            1B10     1B10        3         0
                text166                            1B34     1B34        4         0
                text165                            1B13     1B13        3         0
                text164                            1B38     1B38        4         0
                text163                            1B4C     1B4C        5         0
                text162                            1B97     1B97        6         0
                text161                            1B16     1B16        3         0
                text160                            1366     1366       2F         0
                text159                            1B51     1B51        5         0
                text158                            1BFA     1BFA        9         0
                text157                            1BEA     1BEA        8         0
                text156                            17A7     17A7       59         0
                text155                            1673     1673       47         0
                text154                            1BC7     1BC7        7         0
                text153                            1B56     1B56        5         0
                text152                            1B5B     1B5B        5         0
                text151                            1B60     1B60        5         0
                text150                            1B65     1B65        5         0
                text149                            1B6A     1B6A        5         0
                text148                            1B6F     1B6F        5         0
                text147                            1B74     1B74        5         0
                text146                            1B79     1B79        5         0
                text145                            12DD     12DD       2D         0
                text144                            125B     125B       2B         0
                text143                            1B9D     1B9D        6         0
                text142                            1CE7     1CE7        D         0
                text141                            1F88     1F88       1E         0
                text140                            1B7E     1B7E        5         0
                text139                            1CF4     1CF4        D         0
                text138                            14FA     14FA       3A         0
                text137                            1231     1231       2A         0
                text136                            1D01     1D01        D         0
                text135                            1D6E     1D6E        F         0
                text134                            113E     113E       28         0
                text133                            145A     145A       35         0
                text132                            1B83     1B83        5         0
                text131                             43E      43E      101         0
                text130                             C3C      C3C       EA         0
                text129                            1E55     1E55       1A         0
                text128                            1CA5     1CA5        A         0
                text127                            1BA3     1BA3        6         0
                text126                            1571     1571       3F         0
                text125                            11B6     11B6       29         0
                text124                            1E6F     1E6F       1A         0
                text123                             802      802       59         0
                text122                             1C9      1C9      170         0
                text121                             E13      E13       F0         0
                text120                            13F5     13F5       31         0
                text119                            1D8C     1D8C       12         0
                text118                            1EC0     1EC0       1C         0
                text117                             F03      F03       FD         0
                text116                            1AFC     1AFC        1         0
                text115                            1D7D     1D7D        F         0
                text114                            1E23     1E23       19         0
                text113                            1B88     1B88        5         0
                text112                            130A     130A       2E         0
                text111                            1AFD     1AFD        1         0
                text110                            1D0E     1D0E        D         0
                text109                            1DC5     1DC5       17         0
                text107                            10F4     10F4       25         0
                text106                            1066     1066       23         0
                text105                            10AC     10AC       24         0
                text104                            1C03     1C03        9         0
                text103                            1C0C     1C0C        9         0
                text102                            1C15     1C15        9         0
                text101                            1C1E     1C1E        9         0
                text100                            1119     1119       25         0
                text99                             1C27     1C27        9         0
                text98                             1BCE     1BCE        7         0
                text97                             1C30     1C30        9         0
                text96                             1C39     1C39        9         0
                text95                             1C42     1C42        9         0
                text94                              97F      97F       73         0
                text93                             1CB9     1CB9        B         0
                text92                             1C4B     1C4B        9         0
                text91                             1D9E     1D9E       12         0
                text90                             1CAF     1CAF        A         0
                text89                             1B3C     1B3C        4         0
                text88                             1EDC     1EDC       1C         0
                text87                             1B19     1B19        3         0
                text86                             1B1C     1B1C        3         0
                text85                             1B1F     1B1F        3         0
                text84                             1045     1045       21         0
                text83                             1B22     1B22        3         0
                text82                             1BA9     1BA9        6         0
                text81                             1BAF     1BAF        6         0
                text80                             1B25     1B25        3         0
                text79                             1B28     1B28        3         0
                text78                             1B2B     1B2B        3         0
                text77                             1B40     1B40        4         0
                text76                             1B2E     1B2E        3         0
                text75                             1B44     1B44        4         0
                text74                             1BB5     1BB5        6         0
                text73                             1BBB     1BBB        6         0
                text72                             1B31     1B31        3         0
                text71                             14C4     14C4       36         0
                text70                             1C54     1C54        9         0
                text69                             1D1B     1D1B        D         0
                text68                             1CCF     1CCF        C         0
                text67                              8B4      8B4       64         0
                text66                             1705     1705       51         0
                text65                             1CC4     1CC4        B         0
                text64                             1C5D     1C5D        9         0
                text63                             1C66     1C66        9         0
                text62                             1C6F     1C6F        9         0
                text61                             1C78     1C78        9         0
                text60                             1C81     1C81        9         0
                text59                             1C8A     1C8A        9         0
                text58                             1C93     1C93        9         0
                text57                             1C9C     1C9C        9         0
                text56                             148F     148F       35         0
                text55                             1338     1338       2E         0
                text54                             1BC1     1BC1        6         0
                text53                             1D28     1D28        D         0
                text52                             1089     1089       23         0
                text51                             1B8D     1B8D        5         0
                text50                             1D35     1D35        D         0
                text49                             15B0     15B0       41         0
                text48                             1DDC     1DDC       17         0
                text47                             10D0     10D0       24         0
                text46                             1B92     1B92        5         0
                text45                             1286     1286       2B         0
                text44                             1D42     1D42        E         0
                text43                             12B1     12B1       2C         0
                text42                             15F1     15F1       41         0
                text41                             1F14     1F14       1D         0
                text40                             1F31     1F31       1D         0
                text39                             16BA     16BA       4B         0
                text38                             1F4E     1F4E       1D         0
                text37                             1DF3     1DF3       18         0
                text36                             1006     1006       1F         0
                text35                             1FA6     1FA6       1E         0
                text34                             1F6B     1F6B       1D         0
                text33                             1FC4     1FC4       1E         0
                text32                             1E3C     1E3C       19         0
                text31                              A7C      A7C       90         0
                text30                             1426     1426       34         0
                text29                              918      918       67         0
                text28                             1756     1756       51         0
                text27                             1E0B     1E0B       18         0
                text26                             1BD5     1BD5        7         0
                text25                             1BF2     1BF2        8         0
                text24                             1BDC     1BDC        7         0
                text23                              9F2      9F2       8A         0
                text22                             1166     1166       28         0
                text21                             1025     1025       20         0
                text20                             118E     118E       28         0
                text19                             1FE2     1FE2       1E         0
                text18                              B0C      B0C       90         0
                text17                              B9C      B9C       A0         0
                text16                              73B      73B       B4         0
                text15                             11DF     11DF       29         0
                text14                              339      339      105         0
                text13                              D26      D26       ED         0
                text12                             1EF8     1EF8       1C         0
                text11                             1CDB     1CDB        C         0
                text10                             1BE3     1BE3        7         0
                text9                              1632     1632       41         0
                text8                              1208     1208       29         0
                text7                              1E89     1E89       1B         0
                text6                               85B      85B       59         0
                text5                                59       59      170         0
                text4                               53F      53F       FF         0
                text3                              1395     1395       2F         0
                text2                              1DB0     1DB0       15         0
                text1                               7EF      7EF       11         0
                maintext                            63E      63E       FD         0
                clrtext                            1000     1000        6         0
                idataBANK2                         1B48     1B48        4         0

        CLASS   STRCODE        
                stringtext30                       19EA     19EA        6         0
                stringtext29                       19E0     19E0        A         0
                stringtext28                       19D6     19D6        A         0
                stringtext27                       19CB     19CB        B         0
                stringtext26                       19BF     19BF        C         0
                stringtext25                       19B3     19B3        C         0
                stringtext24                       19A7     19A7        C         0
                stringtext23                       199A     199A        D         0
                stringtext22                       198B     198B        F         0
                stringtext21                       197C     197C        F         0
                stringtext20                       196C     196C       10         0
                stringtext19                       195C     195C       10         0
                stringtext18                       194C     194C       10         0
                stringtext17                       193B     193B       11         0
                stringtext16                       192A     192A       11         0
                stringtext15                       1919     1919       11         0
                stringtext14                       1908     1908       11         0
                stringtext13                       18F7     18F7       11         0
                stringtext12                       18E6     18E6       11         0
                stringtext11                       18D5     18D5       11         0
                stringtext10                       18C4     18C4       11         0
                stringtext9                        18B3     18B3       11         0
                stringtext8                        18A2     18A2       11         0
                stringtext7                        1891     1891       11         0
                stringtext6                        187E     187E       13         0
                stringtext5                        186A     186A       14         0
                stringtext4                        1856     1856       14         0
                stringtext3                        183C     183C       1A         0
                stringtext2                        1820     1820       1C         0
                stringtext1                        1800     1800       20         0

        CLASS   STRING         

        CLASS   CONST          

        CLASS   ENTRY          

        CLASS   COMMON         
                cstackCOMMON                         70       70        E         1

        CLASS   BANK0          
                cstackBANK0                          20       20       50         1

        CLASS   BANK1          
                cstackBANK1                          A0       A0       48         1
                bssBANK1                             E8       E8        3         1

        CLASS   BANK2          
                cstackBANK2                         150      150       15         1
                dataBANK2                           165      165        4         1
                bssBANK2                            120      120       30         1

        CLASS   BANK3          
                bssBANK3                            1A0      1A0       3D         1
                nvBANK3                             1DD      1DD        E         1

        CLASS   BANK4          
                cstackBANK4                         240      240        E         1
                bssBANK4                            220      220       20         1

        CLASS   BANK5          

        CLASS   BANK6          

        CLASS   BANK7          

        CLASS   BANK8          

        CLASS   BANK9          

        CLASS   BANK10         

        CLASS   BANK11         

        CLASS   BANK12         

        CLASS   BIGRAM         

        CLASS   RAM            

        CLASS   ABS1           
                abs_s1                               7E       7E        2         1

        CLASS   SFR0           

        CLASS   SFR1           

        CLASS   SFR2           

        CLASS   SFR3           

        CLASS   SFR4           

        CLASS   SFR5           

        CLASS   SFR6           

        CLASS   SFR7           

        CLASS   SFR8           

        CLASS   SFR9           

        CLASS   SFR10          

        CLASS   SFR11          

        CLASS   SFR12          

        CLASS   SFR13          

        CLASS   SFR14          

        CLASS   SFR15          

        CLASS   SFR16          

        CLASS   SFR17          

        CLASS   SFR18          

        CLASS   SFR19          

        CLASS   SFR20          

        CLASS   SFR21          

        CLASS   SFR22          

        CLASS   SFR23          

        CLASS   SFR24          

        CLASS   SFR25          

        CLASS   SFR26          

        CLASS   SFR27          

        CLASS   SFR28          

        CLASS   SFR29          

        CLASS   SFR30          

        CLASS   SFR31          

        CLASS   CONFIG         
                config                             8007     8007        2         4

        CLASS   IDLOC          

        CLASS   BANK31         

        CLASS   BANK30         

        CLASS   BANK29         

        CLASS   BANK28         

        CLASS   BANK27         

        CLASS   BANK26         

        CLASS   BANK25         

        CLASS   BANK24         

        CLASS   BANK23         

        CLASS   BANK22         

        CLASS   BANK21         

        CLASS   BANK20         

        CLASS   BANK19         

        CLASS   BANK18         

        CLASS   BANK17         

        CLASS   BANK16         

        CLASS   BANK15         

        CLASS   BANK14         

        CLASS   BANK13         

        CLASS   EEDATA         



SEGMENTS        Name                           Load    Length   Top    Selector   Space  Class     Delta

                reset_vec                      000000  000004  000004         0       0  CODE        2
                intentry                       000004  0007FE  000802         8       0  CODE        2
                cstackBANK0                    000020  000050  000070        20       1  BANK0       1
                cstackCOMMON                   000070  00000E  00007E        70       1  COMMON      1
                cstackBANK1                    0000A0  00004B  0000EB        A0       1  BANK1       1
                bssBANK2                       000120  000049  000169       120       1  BANK2       1
                bssBANK3                       0001A0  00004B  0001EB       1A0       1  BANK3       1
                bssBANK4                       000220  00002E  00024E       220       1  BANK4       1
                text123                        000802  000059  00085B      1004       0  CODE        2
                text6                          00085B  000059  0008B4      10B6       0  CODE        2
                text67                         0008B4  000064  000918      1168       0  CODE        2
                text29                         000918  000067  00097F      1230       0  CODE        2
                text94                         00097F  000073  0009F2      12FE       0  CODE        2
                text23                         0009F2  00008A  000A7C      13E4       0  CODE        2
                text31                         000A7C  000090  000B0C      14F8       0  CODE        2
                text18                         000B0C  000090  000B9C      1618       0  CODE        2
                text17                         000B9C  0000A0  000C3C      1738       0  CODE        2
                text130                        000C3C  0000EA  000D26      1878       0  CODE        2
                text13                         000D26  0000ED  000E13      1A4C       0  CODE        2
                text121                        000E13  0000F0  000F03      1C26       0  CODE        2
                text117                        000F03  000103  001006      1E06       0  CODE        2
                text36                         001006  00001F  001025      200C       0  CODE        2
                text21                         001025  000020  001045      204A       0  CODE        2
                text84                         001045  000021  001066      208A       0  CODE        2
                text106                        001066  000023  001089      20CC       0  CODE        2
                text52                         001089  000023  0010AC      2112       0  CODE        2
                text105                        0010AC  000024  0010D0      2158       0  CODE        2
                text47                         0010D0  000024  0010F4      21A0       0  CODE        2
                text107                        0010F4  000025  001119      21E8       0  CODE        2
                text100                        001119  000025  00113E      2232       0  CODE        2
                text134                        00113E  000028  001166      227C       0  CODE        2
                text22                         001166  000028  00118E      22CC       0  CODE        2
                text20                         00118E  000028  0011B6      231C       0  CODE        2
                text125                        0011B6  000029  0011DF      236C       0  CODE        2
                text15                         0011DF  000029  001208      23BE       0  CODE        2
                text8                          001208  000029  001231      2410       0  CODE        2
                text137                        001231  00002A  00125B      2462       0  CODE        2
                text144                        00125B  00002B  001286      24B6       0  CODE        2
                text45                         001286  00002B  0012B1      250C       0  CODE        2
                text43                         0012B1  00002C  0012DD      2562       0  CODE        2
                text145                        0012DD  00002D  00130A      25BA       0  CODE        2
                text112                        00130A  00002E  001338      2614       0  CODE        2
                text55                         001338  00002E  001366      2670       0  CODE        2
                text160                        001366  00002F  001395      26CC       0  CODE        2
                text3                          001395  00002F  0013C4      272A       0  CODE        2
                text179                        0013C4  000031  0013F5      2788       0  CODE        2
                text120                        0013F5  000031  001426      27EA       0  CODE        2
                text30                         001426  000034  00145A      284C       0  CODE        2
                text133                        00145A  000035  00148F      28B4       0  CODE        2
                text56                         00148F  000035  0014C4      291E       0  CODE        2
                text71                         0014C4  000036  0014FA      2988       0  CODE        2
                text138                        0014FA  00003A  001534      29F4       0  CODE        2
                text182                        001534  00003D  001571      2A68       0  CODE        2
                text126                        001571  00003F  0015B0      2AE2       0  CODE        2
                text49                         0015B0  000041  0015F1      2B60       0  CODE        2
                text42                         0015F1  000041  001632      2BE2       0  CODE        2
                text9                          001632  000041  001673      2C64       0  CODE        2
                text155                        001673  000047  0016BA      2CE6       0  CODE        2
                text39                         0016BA  00004B  001705      2D74       0  CODE        2
                text66                         001705  000051  001756      2E0A       0  CODE        2
                text28                         001756  000051  0017A7      2EAC       0  CODE        2
                text156                        0017A7  000059  001800      2F4E       0  CODE        2
                stringtext1                    001800  0001F0  0019F0      3000       0  STRCODE     2
                text181                        001AFA  000001  001AFB      35F4       0  CODE        2
                text178                        001AFB  000001  001AFC      35F6       0  CODE        2
                text116                        001AFC  000001  001AFD      35F8       0  CODE        2
                text111                        001AFD  000001  001AFE      35FA       0  CODE        2
                text176                        001AFE  000003  001B01      35FC       0  CODE        2
                text175                        001B01  000003  001B04      3602       0  CODE        2
                text174                        001B04  000003  001B07      3608       0  CODE        2
                text172                        001B07  000003  001B0A      360E       0  CODE        2
                text169                        001B0A  000003  001B0D      3614       0  CODE        2
                text168                        001B0D  000003  001B10      361A       0  CODE        2
                text167                        001B10  000003  001B13      3620       0  CODE        2
                text165                        001B13  000003  001B16      3626       0  CODE        2
                text161                        001B16  000003  001B19      362C       0  CODE        2
                text87                         001B19  000003  001B1C      3632       0  CODE        2
                text86                         001B1C  000003  001B1F      3638       0  CODE        2
                text85                         001B1F  000003  001B22      363E       0  CODE        2
                text83                         001B22  000003  001B25      3644       0  CODE        2
                text80                         001B25  000003  001B28      364A       0  CODE        2
                text79                         001B28  000003  001B2B      3650       0  CODE        2
                text78                         001B2B  000003  001B2E      3656       0  CODE        2
                text76                         001B2E  000003  001B31      365C       0  CODE        2
                text72                         001B31  000003  001B34      3662       0  CODE        2
                text166                        001B34  000004  001B38      3668       0  CODE        2
                text164                        001B38  000004  001B3C      3670       0  CODE        2
                text89                         001B3C  000004  001B40      3678       0  CODE        2
                text77                         001B40  000004  001B44      3680       0  CODE        2
                text75                         001B44  000004  001B48      3688       0  CODE        2
                idataBANK2                     001B48  000004  001B4C      3690       0  CODE        2
                text163                        001B4C  000005  001B51      3698       0  CODE        2
                text159                        001B51  000005  001B56      36A2       0  CODE        2
                text153                        001B56  000005  001B5B      36AC       0  CODE        2
                text152                        001B5B  000005  001B60      36B6       0  CODE        2
                text151                        001B60  000005  001B65      36C0       0  CODE        2
                text150                        001B65  000005  001B6A      36CA       0  CODE        2
                text149                        001B6A  000005  001B6F      36D4       0  CODE        2
                text148                        001B6F  000005  001B74      36DE       0  CODE        2
                text147                        001B74  000005  001B79      36E8       0  CODE        2
                text146                        001B79  000005  001B7E      36F2       0  CODE        2
                text140                        001B7E  000005  001B83      36FC       0  CODE        2
                text132                        001B83  000005  001B88      3706       0  CODE        2
                text113                        001B88  000005  001B8D      3710       0  CODE        2
                text51                         001B8D  000005  001B92      371A       0  CODE        2
                text46                         001B92  000005  001B97      3724       0  CODE        2
                text162                        001B97  000006  001B9D      372E       0  CODE        2
                text143                        001B9D  000006  001BA3      373A       0  CODE        2
                text127                        001BA3  000006  001BA9      3746       0  CODE        2
                text82                         001BA9  000006  001BAF      3752       0  CODE        2
                text81                         001BAF  000006  001BB5      375E       0  CODE        2
                text74                         001BB5  000006  001BBB      376A       0  CODE        2
                text73                         001BBB  000006  001BC1      3776       0  CODE        2
                text54                         001BC1  000006  001BC7      3782       0  CODE        2
                text154                        001BC7  000007  001BCE      378E       0  CODE        2
                text98                         001BCE  000007  001BD5      379C       0  CODE        2
                text26                         001BD5  000007  001BDC      37AA       0  CODE        2
                text24                         001BDC  000007  001BE3      37B8       0  CODE        2
                text10                         001BE3  000007  001BEA      37C6       0  CODE        2
                text157                        001BEA  000008  001BF2      37D4       0  CODE        2
                text25                         001BF2  000008  001BFA      37E4       0  CODE        2
                text158                        001BFA  000009  001C03      37F4       0  CODE        2
                text104                        001C03  000009  001C0C      3806       0  CODE        2
                text103                        001C0C  000009  001C15      3818       0  CODE        2
                text102                        001C15  000009  001C1E      382A       0  CODE        2
                text101                        001C1E  000009  001C27      383C       0  CODE        2
                text99                         001C27  000009  001C30      384E       0  CODE        2
                text97                         001C30  000009  001C39      3860       0  CODE        2
                text96                         001C39  000009  001C42      3872       0  CODE        2
                text95                         001C42  000009  001C4B      3884       0  CODE        2
                text92                         001C4B  000009  001C54      3896       0  CODE        2
                text70                         001C54  000009  001C5D      38A8       0  CODE        2
                text64                         001C5D  000009  001C66      38BA       0  CODE        2
                text63                         001C66  000009  001C6F      38CC       0  CODE        2
                text62                         001C6F  000009  001C78      38DE       0  CODE        2
                text61                         001C78  000009  001C81      38F0       0  CODE        2
                text60                         001C81  000009  001C8A      3902       0  CODE        2
                text59                         001C8A  000009  001C93      3914       0  CODE        2
                text58                         001C93  000009  001C9C      3926       0  CODE        2
                text57                         001C9C  000009  001CA5      3938       0  CODE        2
                text128                        001CA5  00000A  001CAF      394A       0  CODE        2
                text90                         001CAF  00000A  001CB9      395E       0  CODE        2
                text93                         001CB9  00000B  001CC4      3972       0  CODE        2
                text65                         001CC4  00000B  001CCF      3988       0  CODE        2
                text68                         001CCF  00000C  001CDB      399E       0  CODE        2
                text11                         001CDB  00000C  001CE7      39B6       0  CODE        2
                text142                        001CE7  00000D  001CF4      39CE       0  CODE        2
                text139                        001CF4  00000D  001D01      39E8       0  CODE        2
                text136                        001D01  00000D  001D0E      3A02       0  CODE        2
                text110                        001D0E  00000D  001D1B      3A1C       0  CODE        2
                text69                         001D1B  00000D  001D28      3A36       0  CODE        2
                text53                         001D28  00000D  001D35      3A50       0  CODE        2
                text50                         001D35  00000D  001D42      3A6A       0  CODE        2
                text44                         001D42  00000E  001D50      3A84       0  CODE        2
                text180                        001D50  00000F  001D5F      3AA0       0  CODE        2
                text177                        001D5F  00000F  001D6E      3ABE       0  CODE        2
                text135                        001D6E  00000F  001D7D      3ADC       0  CODE        2
                text115                        001D7D  00000F  001D8C      3AFA       0  CODE        2
                text119                        001D8C  000012  001D9E      3B18       0  CODE        2
                text91                         001D9E  000012  001DB0      3B3C       0  CODE        2
                text2                          001DB0  000015  001DC5      3B60       0  CODE        2
                text109                        001DC5  000017  001DDC      3B8A       0  CODE        2
                text48                         001DDC  000017  001DF3      3BB8       0  CODE        2
                text37                         001DF3  000018  001E0B      3BE6       0  CODE        2
                text27                         001E0B  000018  001E23      3C16       0  CODE        2
                text114                        001E23  000019  001E3C      3C46       0  CODE        2
                text32                         001E3C  000019  001E55      3C78       0  CODE        2
                text129                        001E55  00001A  001E6F      3CAA       0  CODE        2
                text124                        001E6F  00001A  001E89      3CDE       0  CODE        2
                text7                          001E89  00001B  001EA4      3D12       0  CODE        2
                text173                        001EA4  00001C  001EC0      3D48       0  CODE        2
                text118                        001EC0  00001C  001EDC      3D80       0  CODE        2
                text88                         001EDC  00001C  001EF8      3DB8       0  CODE        2
                text12                         001EF8  00001C  001F14      3DF0       0  CODE        2
                text41                         001F14  00001D  001F31      3E28       0  CODE        2
                text40                         001F31  00001D  001F4E      3E62       0  CODE        2
                text38                         001F4E  00001D  001F6B      3E9C       0  CODE        2
                text34                         001F6B  00001D  001F88      3ED6       0  CODE        2
                text141                        001F88  00001E  001FA6      3F10       0  CODE        2
                text35                         001FA6  00001E  001FC4      3F4C       0  CODE        2
                text33                         001FC4  00001E  001FE2      3F88       0  CODE        2
                text19                         001FE2  00001E  002000      3FC4       0  CODE        2


UNUSED ADDRESS RANGES

        Name                Unused          Largest block    Delta
        BANK1            000EB-000EF               5           1
        BANK10           00520-0056F              50           1
        BANK11           005A0-005EF              50           1
        BANK12           00620-0064F              30           1
        BANK2            00169-0016F               7           1
        BANK3            001EB-001EF               5           1
        BANK4            0024E-0026F              22           1
        BANK5            002A0-002EF              50           1
        BANK6            00320-0036F              50           1
        BANK7            003A0-003EF              50           1
        BANK8            00420-0046F              50           1
        BANK9            004A0-004EF              50           1
        BIGRAM           02000-023EF             3F0           1
        CODE             019F0-01AF9             10A           2
        CONST            019F0-01AF9              10           2
        ENTRY            019F0-01AF9              10           2
        IDLOC            08000-08003               4           2
        RAM              000EB-000EF               5           1
                         00169-0016F               7
                         001EB-001EF               5
                         0024E-0026F              22
                         002A0-002EF              50
                         00320-0036F              50
                         003A0-003EF              50
                         00420-0046F              50
                         004A0-004EF              50
                         00520-0056F              50
                         005A0-005EF              50
                         00620-0064F              30
        SFR0             00000-0001F              20           1
        SFR1             00080-0009F              20           1
        SFR10            00500-0051F              20           1
        SFR11            00580-0059F              20           1
        SFR12            00600-0061F              20           1
        SFR13            00680-006EF              70           1
        SFR14            00700-0076F              70           1
        SFR15            00780-007EF              70           1
        SFR16            00800-0086F              70           1
        SFR17            00880-008EF              70           1
        SFR18            00900-0096F              70           1
        SFR19            00980-009EF              70           1
        SFR2             00100-0011F              20           1
        SFR20            00A00-00A6F              70           1
        SFR21            00A80-00AEF              70           1
        SFR22            00B00-00B6F              70           1
        SFR23            00B80-00BEF              70           1
        SFR24            00C00-00C6F              70           1
        SFR25            00C80-00CEF              70           1
        SFR26            00D00-00D6F              70           1
        SFR27            00D80-00DEF              70           1
        SFR28            00E00-00E6F              70           1
        SFR29            00E80-00EEF              70           1
        SFR3             00180-0019F              20           1
        SFR30            00F00-00F6F              70           1
        SFR31            00F80-00FEF              70           1
        SFR4             00200-0021F              20           1
        SFR5             00280-0029F              20           1
        SFR6             00300-0031F              20           1
        SFR7             00380-0039F              20           1
        SFR8             00400-0041F              20           1
        SFR9             00480-0049F              20           1
        STACK            0216E-023EF             282           1
        STRCODE          019F0-01AF9             10A           2
        STRING           019F0-01AF9              10           2

                                  Symbol Table

?_ADC_GetConversion                            cstackBANK1  000A5
?___aldiv                                      cstackBANK1  000B1
?___aodiv                                      cstackBANK1  000A5
?___aomod                                      cstackBANK1  000A5
?___lmul                                       cstackBANK1  000A5
?_abs                                          cstackBANK1  000B8
?_dtoa                                         cstackBANK1  000C0
?_map                                          cstackBANK1  000C0
?_pad                                          cstackBANK1  000B7
?_printf                                       cstackBANK2  0015F
?_read                                         cstackBANK1  000A9
?_read@temp_sensor$F1514                       cstackBANK1  000A9
?_strlen                                       cstackBANK1  000A5
?_vfpfcnvrt                                    cstackBANK1  000DE
?_vfprintf                                     cstackBANK2  00159
?i1___aodiv                                    cstackBANK0  00020
?i1___aomod                                    cstackBANK0  00020
?i1_abs                                        cstackCOMMON 00073
?i1_dtoa                                       cstackBANK0  00030
?i1_pad                                        cstackBANK0  00024
?i1_printf                                     cstackBANK0  00068
?i1_strlen                                     cstackCOMMON 00070
?i1_vfpfcnvrt                                  cstackBANK0  0004E
?i1_vfprintf                                   cstackBANK0  00060
ADC_GetConversion@channel                      cstackBANK1  000A8
EUSART_SetErrorHandler@interruptHandler        cstackBANK1  000A5
EUSART_SetFramingErrorHandler@interruptHandler cstackBANK1  000A5
EUSART_SetOverrunErrorHandler@interruptHandler cstackBANK1  000A5
EUSART_Write@txData                            cstackBANK1  000A5
I2C_CallbackReturnReset@funPtr                 cstackBANK1  000A5
I2C_Close@returnValue                          cstackBANK1  000A6
I2C_MasterOperation@read                       cstackBANK1  000AD
I2C_MasterOperation@returnValue                cstackBANK1  000AE
I2C_MasterSendTxData@data                      cstackBANK1  000A5
I2C_Open@address                               cstackBANK1  000A6
I2C_Open@returnValue                           cstackBANK1  000A7
I2C_SetAddressNackCallback@cb                  cstackBANK1  000AA
I2C_SetAddressNackCallback@ptr                 cstackBANK1  000AC
I2C_SetBuffer@buffer                           cstackBANK1  000A5
I2C_SetBuffer@bufferSize                       cstackBANK1  000A7
I2C_SetCallback@cb                             cstackBANK1  000A5
I2C_SetCallback@idx                            cstackBANK1  000A9
I2C_SetCallback@ptr                            cstackBANK1  000A7
IOCAF5_SetInterruptHandler@InterruptHandler    cstackBANK1  000A5
IOCAF6_SetInterruptHandler@InterruptHandler    cstackBANK1  000A5
IOCAF7_SetInterruptHandler@InterruptHandler    cstackBANK1  000A5
LCDGoto@ln                                     cstackBANK1  000AC
LCDGoto@pos                                    cstackBANK1  000AF
LCDPutChar@ch                                  cstackBANK1  000AB
LCDPutCmd@ch                                   cstackBANK1  000AB
LCDPutStr@i                                    cstackBANK1  000B1
LCDPutStr@str                                  cstackBANK1  000AC
LCDWriteNibble@ch                              cstackBANK1  000A8
LCDWriteNibble@rs                              cstackBANK1  000A5
PWM3_LoadDutyValue@dutyValue                   cstackBANK1  000A5
TMR2_ISR@CountCallBack                         bssBANK2     00148
TMR2_SetInterruptHandler@InterruptHandler      cstackBANK1  000A5
_ADCON0                                        (abs)        0009D
_ADCON0bits                                    (abs)        0009D
_ADCON1                                        (abs)        0009E
_ADCON2                                        (abs)        0009F
_ADC_GetConversion                             text37       01DF3
_ADC_Initialize                                text104      01C03
_ADRESH                                        (abs)        0009C
_ADRESL                                        (abs)        0009B
_ANSELA                                        (abs)        0018C
_ANSELB                                        (abs)        0018D
_ANSELC                                        (abs)        0018E
_ANSELD                                        (abs)        0018F
_ANSELE                                        (abs)        00190
_BAUD1CON                                      (abs)        0019F
_BORCON                                        (abs)        00116
_CCPTMRSbits                                   (abs)        0029E
_EUSART_DefaultErrorHandler                    (abs)        00000
_EUSART_DefaultFramingErrorHandler             (abs)        00000
_EUSART_DefaultOverrunErrorHandler             (abs)        00000
_EUSART_ErrorHandler                           nvBANK3      001DF
_EUSART_FramingErrorHandler                    nvBANK3      001E3
_EUSART_Initialize                             text100      01119
_EUSART_OverrunErrorHandler                    nvBANK3      001E1
_EUSART_SetErrorHandler                        text103      01C0C
_EUSART_SetFramingErrorHandler                 text102      01C15
_EUSART_SetOverrunErrorHandler                 text101      01C1E
_EUSART_Write                                  text11       01CDB
_I2C_CallbackReturnReset                       text81       01BAF
_I2C_CallbackReturnReset$intlevel0             text81       01BB3
_I2C_CallbackReturnStop                        text82       01BA9
_I2C_CallbackReturnStop$intlevel0              text82       01BAD
_I2C_Close                                     text84       01045
_I2C_DO_ADDRESS_NACK                           text56       0148F
_I2C_DO_ADDRESS_NACK$intlevel0                 text56       01493
_I2C_DO_IDLE                                   text70       01C54
_I2C_DO_IDLE$intlevel0                         text70       01C58
_I2C_DO_RCEN                                   text65       01CC4
_I2C_DO_RCEN$intlevel0                         text65       01CC8
_I2C_DO_RESET                                  text57       01C9C
_I2C_DO_RESET$intlevel0                        text57       01CA0
_I2C_DO_RX                                     text66       01705
_I2C_DO_RX$intlevel0                           text66       01709
_I2C_DO_RX_ACK                                 text60       01C81
_I2C_DO_RX_ACK$intlevel0                       text60       01C85
_I2C_DO_RX_NACK_RESTART                        text58       01C93
_I2C_DO_RX_NACK_RESTART$intlevel0              text58       01C97
_I2C_DO_RX_NACK_STOP                           text59       01C8A
_I2C_DO_RX_NACK_STOP$intlevel0                 text59       01C8E
_I2C_DO_SEND_ADR_READ                          text69       01D1B
_I2C_DO_SEND_ADR_READ$intlevel0                text69       01D1F
_I2C_DO_SEND_ADR_WRITE                         text68       01CCF
_I2C_DO_SEND_ADR_WRITE$intlevel0               text68       01CD3
_I2C_DO_SEND_RESTART                           text62       01C6F
_I2C_DO_SEND_RESTART$intlevel0                 text62       01C73
_I2C_DO_SEND_RESTART_READ                      text64       01C5D
_I2C_DO_SEND_RESTART_READ$intlevel0            text64       01C61
_I2C_DO_SEND_RESTART_WRITE                     text63       01C66
_I2C_DO_SEND_RESTART_WRITE$intlevel0           text63       01C6A
_I2C_DO_SEND_STOP                              text61       01C78
_I2C_DO_SEND_STOP$intlevel0                    text61       01C7C
_I2C_DO_TX                                     text67       008B4
_I2C_DO_TX$intlevel0                           text67       008B8
_I2C_DO_TX_EMPTY                               text71       014C4
_I2C_DO_TX_EMPTY$intlevel0                     text71       014C8
_I2C_Initialize                                text99       01C27
_I2C_MasterClearIrq                            text87       01B19
_I2C_MasterClose                               text86       01B1C
_I2C_MasterDisableIrq                          text85       01B1F
_I2C_MasterEnableRestart                       text80       01B25
_I2C_MasterFsm                                 text55       01338
_I2C_MasterGetRxData                           text76       01B2E
_I2C_MasterIsNack                              text73       01BBB
_I2C_MasterOpen                                text50       01D35
_I2C_MasterOperation                           text52       01089
_I2C_MasterRead                                text51       01B8D
_I2C_MasterSendAck                             text75       01B44
_I2C_MasterSendNack                            text77       01B40
_I2C_MasterSendTxData                          text74       01BB5
_I2C_MasterSetIrq                              text72       01B31
_I2C_MasterStart                               text83       01B22
_I2C_MasterStartRx                             text78       01B2B
_I2C_MasterStop                                text79       01B28
_I2C_MasterWaitForEvent                        text54       01BC1
_I2C_MasterWrite                               text46       01B92
_I2C_Open                                      text49       015B0
_I2C_Poller                                    text53       01D28
_I2C_SetAddressNackCallback                    text44       01D42
_I2C_SetBuffer                                 text48       01DDC
_I2C_SetCallback                               text45       01286
_I2C_Status                                    bssBANK2     00120
_INLVLA                                        (abs)        0038C
_INLVLB                                        (abs)        0038D
_INLVLC                                        (abs)        0038E
_INLVLD                                        (abs)        0038F
_INLVLE                                        (abs)        00390
_INTCONbits                                    (abs)        0000B
_INTERRUPT_InterruptManager                    intentry     00004
_IOCAF5_DefaultInterruptHandler                text181      01AFA
_IOCAF5_ISR                                    text180      01D50
_IOCAF5_InterruptHandler                       nvBANK3      001E9
_IOCAF5_SetInterruptHandler                    text97       01C30
_IOCAF6_DefaultInterruptHandler                text178      01AFB
_IOCAF6_ISR                                    text177      01D5F
_IOCAF6_InterruptHandler                       nvBANK3      001E7
_IOCAF6_SetInterruptHandler                    text96       01C39
_IOCAF7_DefaultInterruptHandler                text116      01AFC
_IOCAF7_ISR                                    text115      01D7D
_IOCAF7_InterruptHandler                       nvBANK3      001E5
_IOCAF7_SetInterruptHandler                    text95       01C42
_IOCAFbits                                     (abs)        00393
_IOCANbits                                     (abs)        00392
_IOCAPbits                                     (abs)        00391
_LATA                                          (abs)        0010C
_LATB                                          (abs)        0010D
_LATBbits                                      (abs)        0010D
_LATC                                          (abs)        0010E
[...]


 *************** function _IOCAF6_ISR *****************
 Defined at:
		line 220 in file "mcc_generated_files/pin_manager.c"
 Parameters:    Size  Location     Type
		None
 Auto vars:     Size  Location     Type
		None
 Return value:  Size  Location     Type
                  1    wreg      void 
 Registers used:
		wreg, status,2, status,0, pclath, cstack
 Tracked objects:
		On entry : 
		On exit  : 
		Unchanged: 
 Data sizes:     COMMON   BANK0   BANK1   BANK2   BANK3   BANK4   BANK5   BANK6   BANK7   BANK8   BANK9  BANK10  BANK11  BANK12
      Params:         0       0       0       0       0       0       0       0       0       0       0       0       0       0
      Locals:         0       0       0       0       0       0       0       0       0       0       0       0       0       0
      Temps:          0       0       0       0       0       0       0       0       0       0       0       0       0       0
      Totals:         0       0       0       0       0       0       0       0       0       0       0       0       0       0
Total ram usage:        0 bytes
 Hardware stack levels used:    1
 Hardware stack levels required when called:    1
 This function calls:
		Absolute function
		_IOCAF6_DefaultInterruptHandler
		_index_sub
 This function is called by:
		_PIN_MANAGER_IOC
 This function uses a non-reentrant model


 *************** function _IOCAF6_DefaultInterruptHandler *****************
 Defined at:
		line 242 in file "mcc_generated_files/pin_manager.c"
 Parameters:    Size  Location     Type
		None
 Auto vars:     Size  Location     Type
		None
 Return value:  Size  Location     Type
                  1    wreg      void 
 Registers used:
		None
 Tracked objects:
		On entry : 
		On exit  : 
		Unchanged: 
 Data sizes:     COMMON   BANK0   BANK1   BANK2   BANK3   BANK4   BANK5   BANK6   BANK7   BANK8   BANK9  BANK10  BANK11  BANK12
      Params:         0       0       0       0       0       0       0       0       0       0       0       0       0       0
      Locals:         0       0       0       0       0       0       0       0       0       0       0       0       0       0
      Temps:          0       0       0       0       0       0       0       0       0       0       0       0       0       0
      Totals:         0       0       0       0       0       0       0       0       0       0       0       0       0       0
Total ram usage:        0 bytes
 Hardware stack levels used:    1
 This function calls:
		Nothing
 This function is called by:
		_PIN_MANAGER_Initialize
		_IOCAF6_ISR
 This function uses a non-reentrant model


 *************** function _index_sub *****************
 Defined at:
		line 45 in file "menu_controller.c"
 Parameters:    Size  Location     Type
		None
 Auto vars:     Size  Location     Type
		None
 Return value:  Size  Location     Type
                  1    wreg      void 
 Registers used:
		wreg, status,2, status,0
 Tracked objects:
		On entry : 
		On exit  : 
		Unchanged: 
 Data sizes:     COMMON   BANK0   BANK1   BANK2   BANK3   BANK4   BANK5   BANK6   BANK7   BANK8   BANK9  BANK10  BANK11  BANK12
      Params:         0       0       0       0       0       0       0       0       0       0       0       0       0       0
      Locals:         0       0       0       0       0       0       0       0       0       0       0       0       0       0
      Temps:          0       0       0       0       0       0       0       0       0       0       0       0       0       0
      Totals:         0       0       0       0       0       0       0       0       0       0       0       0       0       0
Total ram usage:        0 bytes
 Hardware stack levels used:    1
 This function calls:
		Nothing
 This function is called by:
		_initialize_menu
		_IOCAF6_ISR
 This function uses a non-reentrant model


 *************** function _IOCAF5_ISR *****************
 Defined at:
		line 190 in file "mcc_generated_files/pin_manager.c"
 Parameters:    Size  Location     Type
		None
 Auto vars:     Size  Location     Type
		None
 Return value:  Size  Location     Type
                  1    wreg      void 
 Registers used:
		wreg, status,2, status,0, pclath, cstack
 Tracked objects:
		On entry : 
		On exit  : 
		Unchanged: 
 Data sizes:     COMMON   BANK0   BANK1   BANK2   BANK3   BANK4   BANK5   BANK6   BANK7   BANK8   BANK9  BANK10  BANK11  BANK12
      Params:         0       0       0       0       0       0       0       0       0       0       0       0       0       0
      Locals:         0       0       0       0       0       0       0       0       0       0       0       0       0       0
      Temps:          0       0       0       0       0       0       0       0       0       0       0       0       0       0
      Totals:         0       0       0       0       0       0       0       0       0       0       0       0       0       0
Total ram usage:        0 bytes
 Hardware stack levels used:    1
 Hardware stack levels required when called:    1
 This function calls:
		Absolute function
		_IOCAF5_DefaultInterruptHandler
		_index_add
 This function is called by:
		_PIN_MANAGER_IOC
 This function uses a non-reentrant model


 *************** function _IOCAF5_DefaultInterruptHandler *****************
 Defined at:
		line 212 in file "mcc_generated_files/pin_manager.c"
 Parameters:    Size  Location     Type
		None
 Auto vars:     Size  Location     Type
		None
 Return value:  Size  Location     Type
                  1    wreg      void 
 Registers used:
		None
 Tracked objects:
		On entry : 
		On exit  : 
		Unchanged: 
 Data sizes:     COMMON   BANK0   BANK1   BANK2   BANK3   BANK4   BANK5   BANK6   BANK7   BANK8   BANK9  BANK10  BANK11  BANK12
      Params:         0       0       0       0       0       0       0       0       0       0       0       0       0       0
      Locals:         0       0       0       0       0       0       0       0       0       0       0       0       0       0
      Temps:          0       0       0       0       0       0       0       0       0       0       0       0       0       0
      Totals:         0       0       0       0       0       0       0       0       0       0       0       0       0       0
Total ram usage:        0 bytes
 Hardware stack levels used:    1
 This function calls:
		Nothing
 This function is called by:
		_PIN_MANAGER_Initialize
		_IOCAF5_ISR
 This function uses a non-reentrant model


 *************** function _index_add *****************
 Defined at:
		line 34 in file "menu_controller.c"
 Parameters:    Size  Location     Type
		None
 Auto vars:     Size  Location     Type
		None
 Return value:  Size  Location     Type
                  1    wreg      void 
 Registers used:
		wreg, status,2, status,0
 Tracked objects:
		On entry : 
		On exit  : 
		Unchanged: 
 Data sizes:     COMMON   BANK0   BANK1   BANK2   BANK3   BANK4   BANK5   BANK6   BANK7   BANK8   BANK9  BANK10  BANK11  BANK12
      Params:         0       0       0       0       0       0       0       0       0       0       0       0       0       0
      Locals:         0       0       0       0       0       0       0       0       0       0       0       0       0       0
      Temps:          1       0       0       0       0       0       0       0       0       0       0       0       0       0
      Totals:         1       0       0       0       0       0       0       0       0       0       0       0       0       0
Total ram usage:        1 bytes
 Hardware stack levels used:    1
 This function calls:
		Nothing
 This function is called by:
		_initialize_menu
		_IOCAF5_ISR
 This function uses a non-reentrant model



MODULE INFORMATION

Module		Function		Class		Link	Load	Size
C:\Program Files\Microchip\xc8\v2.31\pic\sources\c99\common\Umul32.c
		___lmul        		CODE           	1426	0000	52

C:\Program Files\Microchip\xc8\v2.31\pic\sources\c99\common\Umul32.c estimated size: 52

mcc_generated_files/tmr4.c
		_TMR4_Initialize		CODE           	1CAF	0000	10

mcc_generated_files/tmr4.c estimated size: 10

C:\Program Files\Microchip\xc8\v2.31\pic\sources\c99\common\nf_fputs.c
		_fputs         		CODE           	1208	0000	41

C:\Program Files\Microchip\xc8\v2.31\pic\sources\c99\common\nf_fputs.c estimated size: 41

mcc_generated_files/tmr2.c
		_TMR2_ISR      		CODE           	1DC5	0000	23
		_TMR2_InterruptEnable		CODE           	1B83	0000	5
		_TMR2_Initialize		CODE           	1D9E	0000	18
		_TMR2_SetInterruptHandler		CODE           	1C4B	0000	9
		_TMR2_DefaultInterruptHandler		CODE           	1AFD	0000	1
		_TMR2_CallBack 		CODE           	1D0E	0000	13
		_TMR2_InterruptDisable		CODE           	1B88	0000	5

mcc_generated_files/tmr2.c estimated size: 74

mcc_generated_files/interrupt_manager.c
		_INTERRUPT_InterruptManager		CODE           	0004	0000	34

mcc_generated_files/interrupt_manager.c estimated size: 34

C:\Program Files\Microchip\xc8\v2.31\pic\sources\c99\common\printf.c
		_printf        		CODE           	1DB0	0000	21

C:\Program Files\Microchip\xc8\v2.31\pic\sources\c99\common\printf.c estimated size: 21

C:\Program Files\Microchip\xc8\v2.31\pic\sources\c99\common\aomod.c
		___aomod       		CODE           	0D26	0000	237

C:\Program Files\Microchip\xc8\v2.31\pic\sources\c99\common\aomod.c estimated size: 237

C:\Program Files\Microchip\xc8\v2.31\pic\sources\c99\common\abs.c
		_abs           		CODE           	1EF8	0000	28

C:\Program Files\Microchip\xc8\v2.31\pic\sources\c99\common\abs.c estimated size: 28

C:\Program Files\Microchip\xc8\v2.31\pic\sources\c99\common\strlen.c
		_strlen        		CODE           	1E89	0000	27

C:\Program Files\Microchip\xc8\v2.31\pic\sources\c99\common\strlen.c estimated size: 27

mcc_generated_files/pin_manager.c
		_IOCAF6_ISR    		CODE           	1D5F	0000	15
		_IOCAF5_SetInterruptHandler		CODE           	1C30	0000	9
		_PIN_MANAGER_Initialize		CODE           	097F	0000	115
		_IOCAF7_DefaultInterruptHandler		CODE           	1AFC	0000	1
		_IOCAF7_ISR    		CODE           	1D7D	0000	15
		_IOCAF6_SetInterruptHandler		CODE           	1C39	0000	9
		_IOCAF5_DefaultInterruptHandler		CODE           	1AFA	0000	1
		_IOCAF5_ISR    		CODE           	1D50	0000	15
		_PIN_MANAGER_IOC		CODE           	1E23	0000	25
		_IOCAF7_SetInterruptHandler		CODE           	1C42	0000	9
		_IOCAF6_DefaultInterruptHandler		CODE           	1AFB	0000	1

mcc_generated_files/pin_manager.c estimated size: 215

menu_controller.c
		_show_turn_off_timer_menu		CODE           	073B	0000	180
		_show_sensors_menu		CODE           	0B9C	0000	160
		_initialize_menu		CODE           	16BA	0000	75
		_index_enter   		CODE           	0F03	0000	253
		_show_main_menu		CODE           	0B0C	0000	144
		_index_add     		CODE           	1534	0000	61
		_show_menu     		CODE           	11DF	0000	41
		_index_sub     		CODE           	13C4	0000	49

menu_controller.c estimated size: 963

mcc_generated_files/adc.c
		_ADC_Initialize		CODE           	1C03	0000	9
		_ADC_GetConversion		CODE           	1DF3	0000	24

mcc_generated_files/adc.c estimated size: 33

eeprom.c
		_eeprom_read   		CODE           	15F1	0000	65
		_eeprom_write  		CODE           	145A	0000	53

eeprom.c estimated size: 118

mcc_generated_files/drivers/i2c_simple_master.c
		_i2c_readNBytes		CODE           	10D0	0000	36
		_i2c_writeNBytes		CODE           	12B1	0000	44

mcc_generated_files/drivers/i2c_simple_master.c estimated size: 80

C:\Program Files\Microchip\xc8\v2.31\pic\sources\c99\common\aodiv.c
		___aodiv       		CODE           	0339	0000	261

C:\Program Files\Microchip\xc8\v2.31\pic\sources\c99\common\aodiv.c estimated size: 261

C:\Program Files\Microchip\xc8\v2.31\pic\sources\c99\common\nf_fputc.c
		_fputc         		CODE           	1632	0000	65

C:\Program Files\Microchip\xc8\v2.31\pic\sources\c99\common\nf_fputc.c estimated size: 65

shared
		i1_I2C_DO_RX_NACK_RESTART		CODE           	1B74	0000	5
		i1_I2C_SetBuffer		CODE           	1D6E	0000	15
		i1_printf      		CODE           	1D8C	0000	18
		i1_I2C_DO_SEND_RESTART_READ		CODE           	1B56	0000	5
		i1_vfpfcnvrt   		CODE           	0E13	0000	240
		i1_pad         		CODE           	0802	0000	89
		i1_abs         		CODE           	1E55	0000	26
		i1_putch       		CODE           	1BA3	0000	6
		i1_I2C_DO_ADDRESS_NACK		CODE           	12DD	0000	45
		i1_I2C_CallbackReturnStop		CODE           	0800	0000	2
		i1_I2C_DO_RX   		CODE           	1673	0000	71
		i1_I2C_DO_TX   		CODE           	17A7	0000	89
		i1_I2C_MasterWaitForEvent		CODE           	1B9D	0000	6
		i1_I2C_DO_IDLE 		CODE           	1B51	0000	5
		i1_I2C_DO_RCEN 		CODE           	1BC7	0000	7
		i1_vfprintf    		CODE           	13F5	0000	49
		i1_I2C_SetAddressNackCallback		CODE           	1D01	0000	13
		i1_EUSART_Write		CODE           	1CA5	0000	10
		i1_I2C_DO_RESET		CODE           	1B79	0000	5
		i1_I2C_MasterEnableRestart		CODE           	1B0A	0000	3
		i1_dtoa        		CODE           	01C9	0000	368
		i1_i2c_writeNBytes		CODE           	113E	0000	40
		i1_I2C_Poller  		CODE           	1CE7	0000	13
		i1_I2C_MasterOpen		CODE           	1CF4	0000	13
		i1_I2C_Close   		CODE           	1EA4	0000	28
		i1_I2C_MasterSendTxData		CODE           	1B4C	0000	5
		i1_I2C_DO_SEND_RESTART_WRITE		CODE           	1B5B	0000	5
		i1_I2C_MasterStop		CODE           	1B0D	0000	3
		__initialization		CODE           	0028	0000	45
		i1_I2C_DO_RX_ACK		CODE           	1B6A	0000	5
		i1_I2C_DO_SEND_ADR_WRITE		CODE           	1BEA	0000	8
		i1_I2C_CallbackReturnReset		CODE           	0002	0000	2
		i1_I2C_MasterClose		CODE           	1B01	0000	3
		i1_I2C_MasterWrite		CODE           	1B7E	0000	5
		i1_I2C_DO_SEND_STOP		CODE           	1B65	0000	5
		i1___aodiv     		CODE           	043E	0000	257
		i1_I2C_MasterStartRx		CODE           	1B10	0000	3
		i1_I2C_SetCallback		CODE           	1231	0000	42
		i1_I2C_MasterIsNack		CODE           	1B97	0000	6
		i1_I2C_Open    		CODE           	14FA	0000	58
		i1_I2C_MasterStart		CODE           	1B07	0000	3
		i1_I2C_MasterClearIrq		CODE           	1AFE	0000	3
		i1_I2C_MasterSendNack		CODE           	1B34	0000	4
		i1___aomod     		CODE           	0C3C	0000	234
		i1_I2C_MasterSendAck		CODE           	1B38	0000	4
		i1_I2C_DO_SEND_ADR_READ		CODE           	1BFA	0000	9
		i1_fputc       		CODE           	1571	0000	63
		i1_fputs       		CODE           	11B6	0000	41
		i1_strlen      		CODE           	1E6F	0000	26
		i1_I2C_DO_RX_NACK_STOP		CODE           	1B6F	0000	5
		i1_I2C_MasterDisableIrq		CODE           	1B04	0000	3
		i1_I2C_MasterFsm		CODE           	125B	0000	43
		i1_I2C_MasterGetRxData		CODE           	1B13	0000	3
		i1_I2C_DO_SEND_RESTART		CODE           	1B60	0000	5
		i1_I2C_MasterSetIrq		CODE           	1B16	0000	3
		i1_I2C_DO_TX_EMPTY		CODE           	1366	0000	47
		_i2c_fsmStateTable		STRCODE        	1800	0000	32
		i1_I2C_MasterOperation		CODE           	1F88	0000	30

shared estimated size: 2181

mcc_generated_files/mcc.c
		_WDT_Initialize		CODE           	1B3C	0000	4
		_OSCILLATOR_Initialize		CODE           	1BCE	0000	7
		_SYSTEM_Initialize		CODE           	1EDC	0000	28

mcc_generated_files/mcc.c estimated size: 39

mcc_generated_files/pwm3.c
		_PWM3_Initialize		CODE           	1CB9	0000	11
		_PWM3_LoadDutyValue		CODE           	1E3C	0000	25

mcc_generated_files/pwm3.c estimated size: 36

rtc.c
		_rtc_sleep     		CODE           	1EC0	0000	28
		_rtc_sleep_ISR 		CODE           	130A	0000	46

rtc.c estimated size: 74

C:\Program Files\Microchip\xc8\v2.31\pic\sources\c99\common\doprnt.c
		_vfpfcnvrt     		CODE           	053F	0000	255
		_pad           		CODE           	085B	0000	89
		_dtoa          		CODE           	0059	0000	368
		_vfprintf      		CODE           	1395	0000	47

C:\Program Files\Microchip\xc8\v2.31\pic\sources\c99\common\doprnt.c estimated size: 759

led_adapter.c
		_initialize_led		CODE           	1F14	0000	29
		_map           		CODE           	0918	0000	103
		_set_color     		CODE           	09F2	0000	138
		_turn_red      		CODE           	1BDC	0000	7
		_set_brightness		CODE           	1756	0000	81
		_turn_green    		CODE           	1BF2	0000	8
		_turn_blue     		CODE           	1BD5	0000	7
		_turn_selectors		CODE           	1E0B	0000	24
		_turn_off      		CODE           	07EF	0000	17

led_adapter.c estimated size: 414

lcd.c
		_LCDClear      		CODE           	1FE2	0000	30
		_LCDPutCmd     		CODE           	1066	0000	35
		_LCDPutStr     		CODE           	118E	0000	40
		_LCDPutChar    		CODE           	1025	0000	32
		_LCD_Initialize		CODE           	10AC	0000	36
		_LCDWriteNibble		CODE           	10F4	0000	37
		_LCDGoto       		CODE           	1166	0000	40

lcd.c estimated size: 250

light_sensor.c
		_read          		CODE           	1FC4	0000	30
		_open          		CODE           	1FA6	0000	30
		_initialize_light		CODE           	1F31	0000	29

light_sensor.c estimated size: 89

mcc_generated_files/i2c_master.c
		_I2C_Close     		CODE           	1045	0000	33
		_I2C_MasterStartRx		CODE           	1B2B	0000	3
		_I2C_DO_SEND_ADR_WRITE		CODE           	1CCF	0000	12
		_I2C_MasterWaitForEvent		CODE           	1BC1	0000	6
		_I2C_DO_SEND_STOP		CODE           	1C78	0000	9
		_I2C_MasterSendNack		CODE           	1B40	0000	4
		_I2C_MasterDisableIrq		CODE           	1B1F	0000	3
		_I2C_CallbackReturnStop		CODE           	1BA9	0000	6
		_I2C_MasterOperation		CODE           	1089	0000	35
		_I2C_DO_SEND_ADR_READ		CODE           	1D1B	0000	13
		_I2C_DO_RX_NACK_STOP		CODE           	1C8A	0000	9
		_I2C_DO_SEND_RESTART		CODE           	1C6F	0000	9
		_I2C_DO_RX     		CODE           	1705	0000	81
		_I2C_DO_TX     		CODE           	08B4	0000	100
		_I2C_DO_IDLE   		CODE           	1C54	0000	9
		_I2C_DO_RCEN   		CODE           	1CC4	0000	11
		_I2C_Poller    		CODE           	1D28	0000	13
		_I2C_DO_RESET  		CODE           	1C9C	0000	9
		_I2C_MasterClose		CODE           	1B1C	0000	3
		_I2C_MasterWrite		CODE           	1B92	0000	5
		_I2C_DO_RX_ACK 		CODE           	1C81	0000	9
		_I2C_MasterStart		CODE           	1B22	0000	3
		_I2C_MasterClearIrq		CODE           	1B19	0000	3
		_I2C_MasterGetRxData		CODE           	1B2E	0000	3
		_I2C_SetCallback		CODE           	1286	0000	43
		_I2C_DO_ADDRESS_NACK		CODE           	148F	0000	53
		_I2C_MasterEnableRestart		CODE           	1B25	0000	3
		_I2C_CallbackReturnReset		CODE           	1BAF	0000	6
		_I2C_Open      		CODE           	15B0	0000	65
		_I2C_SetAddressNackCallback		CODE           	1D42	0000	14
		_I2C_DO_TX_EMPTY		CODE           	14C4	0000	54
		_I2C_DO_SEND_RESTART_WRITE		CODE           	1C66	0000	9
		_I2C_MasterIsNack		CODE           	1BBB	0000	6
		_I2C_DO_RX_NACK_RESTART		CODE           	1C93	0000	9
		_I2C_MasterSendAck		CODE           	1B44	0000	4
		_I2C_MasterFsm 		CODE           	1338	0000	46
		_I2C_MasterSetIrq		CODE           	1B31	0000	3
		_I2C_DO_SEND_RESTART_READ		CODE           	1C5D	0000	9
		_I2C_Initialize		CODE           	1C27	0000	9
		_I2C_SetBuffer 		CODE           	1DDC	0000	23
		_I2C_MasterRead		CODE           	1B8D	0000	5
		_I2C_MasterOpen		CODE           	1D35	0000	13
		_I2C_MasterSendTxData		CODE           	1BB5	0000	6
		_I2C_MasterStop		CODE           	1B28	0000	3

mcc_generated_files/i2c_master.c estimated size: 774

C:\Program Files\Microchip\xc8\v2.31\pic\sources\c99\common\aldiv.c
		___aldiv       		CODE           	0A7C	0000	144

C:\Program Files\Microchip\xc8\v2.31\pic\sources\c99\common\aldiv.c estimated size: 144

mcc_generated_files/eusart.c
		_putch         		CODE           	1BE3	0000	7
		_EUSART_Write  		CODE           	1CDB	0000	12
		_EUSART_Initialize		CODE           	1119	0000	37
		_EUSART_SetFramingErrorHandler		CODE           	1C15	0000	9
		_EUSART_SetErrorHandler		CODE           	1C0C	0000	9
		_EUSART_SetOverrunErrorHandler		CODE           	1C1E	0000	9

mcc_generated_files/eusart.c estimated size: 83

main.c
		_main          		CODE           	063E	0000	253

main.c estimated size: 253

temp_sensor.c
		_open@temp_sensor$F1512		CODE           	1006	0000	31
		_initialize_temp		CODE           	1F4E	0000	29
		_read@temp_sensor$F1514		CODE           	1F6B	0000	29

temp_sensor.c estimated size: 89

