Microchip MPLAB XC8 Compiler V2.31

Linker command line:

-W-3 --edf=C:\Program Files\Microchip\xc8\v2.31\pic\dat\en_msgs.txt -cn \
  -h+dist/default/production\sprint2.X.production.sym \
  --cmf=dist/default/production\sprint2.X.production.cmf -z -Q16LF1717 \
  -oC:\Users\GABRIE~1\AppData\Local\Temp\s4qo.2 --defsym=__MPLAB_BUILD=1 \
  -Mdist/default/production/sprint2.X.production.map -E1 -ver=XC8 Compiler \
  --acfsm=1493 -ASTACK=02170h-023EFh -pstack=STACK -ACODE=00h-07FFhx4 \
  -ASTRCODE=00h-01FFFh -ASTRING=00h-0FFhx32 -ACONST=00h-0FFhx32 \
  -AENTRY=00h-0FFhx32 -ACOMMON=070h-07Fh -ABANK0=020h-06Fh \
  -ABANK1=0A0h-0EFh -ABANK2=0120h-016Fh -ABANK3=01A0h-01EFh \
  -ABANK4=0220h-026Fh -ABANK5=02A0h-02EFh -ABANK6=0320h-036Fh \
  -ABANK7=03A0h-03EFh -ABANK8=0420h-046Fh -ABANK9=04A0h-04EFh \
  -ABANK10=0520h-056Fh -ABANK11=05A0h-05EFh -ABANK12=0620h-064Fh \
  -ABIGRAM=02000h-023EFh \
  -ARAM=020h-06Fh,0A0h-0EFh,0120h-016Fh,01A0h-01EFh,0220h-026Fh,02A0h-02EFh,0320h-036Fh,03A0h-03EFh,0420h-046Fh,04A0h-04EFh,0520h-056Fh,05A0h-05EFh,0620h-064Fh \
  -AABS1=020h-07Fh,0A0h-0EFh,0120h-016Fh,01A0h-01EFh,0220h-026Fh,02A0h-02EFh,0320h-036Fh,03A0h-03EFh,0420h-046Fh,04A0h-04EFh,0520h-056Fh,05A0h-05EFh,0620h-064Fh \
  -ASFR0=00h-01Fh -ASFR1=080h-09Fh -ASFR2=0100h-011Fh -ASFR3=0180h-019Fh \
  -ASFR4=0200h-021Fh -ASFR5=0280h-029Fh -ASFR6=0300h-031Fh \
  -ASFR7=0380h-039Fh -ASFR8=0400h-041Fh -ASFR9=0480h-049Fh \
  -ASFR10=0500h-051Fh -ASFR11=0580h-059Fh -ASFR12=0600h-061Fh \
  -ASFR13=0680h-06EFh -ASFR14=0700h-076Fh -ASFR15=0780h-07EFh \
  -ASFR16=0800h-086Fh -ASFR17=0880h-08EFh -ASFR18=0900h-096Fh \
  -ASFR19=0980h-09EFh -ASFR20=0A00h-0A6Fh -ASFR21=0A80h-0AEFh \
  -ASFR22=0B00h-0B6Fh -ASFR23=0B80h-0BEFh -ASFR24=0C00h-0C6Fh \
  -ASFR25=0C80h-0CEFh -ASFR26=0D00h-0D6Fh -ASFR27=0D80h-0DEFh \
  -ASFR28=0E00h-0E6Fh -ASFR29=0E80h-0EEFh -ASFR30=0F00h-0F6Fh \
  -ASFR31=0F80h-0FEFh -ACONFIG=08007h-08008h -DCONFIG=2 \
  -AIDLOC=08000h-08003h -DIDLOC=2 -DCODE=2 -DSTRCODE=2 -DSTRING=2 -DCONST=2 \
  -DENTRY=2 -preset_vec=00h,intentry=04h,init,end_init -ppowerup=CODE \
  -pcinit=CODE -pfunctab=ENTRY -k \
  C:\Users\GABRIE~1\AppData\Local\Temp\s4qo.o \
  dist/default/production\sprint2.X.production.o 

Object code version is 3.11

Machine type is 16LF1717



                Name                               Link     Load   Length Selector   Space Scale
C:\Users\GABRIE~1\AppData\Local\Temp\s4qo.o
                end_init                             26       26        2        8       0
                reset_vec                             0        0        2        0       0
                config                             8007     8007        2        0       4
dist/default/production\sprint2.X.production.o
                cinit                                28       28       30        8       0
                intentry                              4        4       22        8       0
                config                             8007     8007        2        0       4
                text188                            1AD5     1AD5        5     35AA       0
                text187                            1ADA     1ADA        5     35B4       0
                text186                            1B2A     1B2A        6     3654       0
                text185                            164F     164F       52     2C9E       0
                text184                            1A7D     1A7D        1     34FA       0
                text183                            1CF4     1CF4        F     39E8       0
                text182                            1571     1571       46     2AE2       0
                text181                            1A7E     1A7E        1     34FC       0
                text180                            1D03     1D03        F     3A06       0
                text179                            1A83     1A83        3     3506       0
                text178                            1A86     1A86        3     350C       0
                text177                            1A89     1A89        3     3512       0
                text176                            1E65     1E65       1C     3CCA       0
                text175                            1A8C     1A8C        3     3518       0
                text174                            1A81     1A81        2     3502       0
                text173                               2        2        2        0       0
                text172                            1A8F     1A8F        3     351E       0
                text171                            1A92     1A92        3     3524       0
                text170                            1A95     1A95        3     352A       0
                text169                            1AB9     1AB9        4     3572       0
                text168                            1A98     1A98        3     3530       0
                text167                            1ABD     1ABD        4     357A       0
                text166                            1ADF     1ADF        5     35BE       0
                text165                            1B30     1B30        6     3660       0
                text164                            1A9B     1A9B        3     3536       0
                text163                            1301     1301       2F     2602       0
                text162                            1AE4     1AE4        5     35C8       0
                text161                            1B99     1B99        9     3732       0
                text160                            1B89     1B89        8     3712       0
                text159                            16F5     16F5       59     2DEA       0
                text158                            15B7     15B7       47     2B6E       0
                text157                            1B66     1B66        7     36CC       0
                text156                            1AE9     1AE9        5     35D2       0
                text155                            1AEE     1AEE        5     35DC       0
                text154                            1AF3     1AF3        5     35E6       0
                text153                            1AF8     1AF8        5     35F0       0
                text152                            1AFD     1AFD        5     35FA       0
                text151                            1B02     1B02        5     3604       0
                text150                            1B07     1B07        5     360E       0
                text149                            1B0C     1B0C        5     3618       0
                text148                            12A6     12A6       2D     254C       0
                text147                            1224     1224       2B     2448       0
                text146                            1B36     1B36        6     366C       0
                text145                            1C99     1C99        D     3932       0
                text144                            1F66     1F66       1E     3ECC       0
                text143                            1B11     1B11        5     3622       0
                text142                            1CA6     1CA6        D     394C       0
                text141                            1435     1435       3A     286A       0
                text140                            11FA     11FA       2A     23F4       0
                text139                            1CB3     1CB3        D     3966       0
                text138                            1D12     1D12        F     3A24       0
                text137                            1107     1107       28     220E       0
                text136                            1395     1395       35     272A       0
                text135                            1C4D     1C4D        A     389A       0
                text134                             546      546      101        8       0
                text133                             D39      D39       EA     1A72       0
                text132                            1DFC     1DFC       1A     3BF8       0
                text131                            1C57     1C57        A     38AE       0
                text130                            1B3C     1B3C        6     3678       0
                text129                            146F     146F       3F     28DE       0
                text128                            117F     117F       29     22FE       0
                text127                            1E16     1E16       1A     3C2C       0
                text126                            174E     174E       59     2E9C       0
                text125                             1C8      1C8      170        8       0
                text124                             F10      F10       F0     1E20       0
                text123                            1330     1330       31     2660       0
                text122                            1D30     1D30       12     3A60       0
                text121                            1E30     1E30       1A     3C60       0
                text120                             C61      C61       D8     18C2       0
                text119                            1A7F     1A7F        1     34FE       0
                text118                            1D21     1D21        F     3A42       0
                text117                            1DB1     1DB1       19     3B62       0
                text116                            1B16     1B16        5     362C       0
                text115                            1E81     1E81       1C     3D02       0
                text114                            1A80     1A80        1     3500       0
                text113                            1DCA     1DCA       19     3B94       0
                text112                            1CC0     1CC0        D     3980       0
                text111                            1B42     1B42        6     3684       0
                text109                            10BD     10BD       25     217A       0
                text108                            102F     102F       23     205E       0
                text107                            1075     1075       24     20EA       0
                text106                            1BA2     1BA2        9     3744       0
                text105                            1BAB     1BAB        9     3756       0
                text104                            1BB4     1BB4        9     3768       0
                text103                            1BBD     1BBD        9     377A       0
                text102                            10E2     10E2       25     21C4       0
                text101                            1BC6     1BC6        9     378C       0
                text100                            1B6D     1B6D        7     36DA       0
                text99                             1BCF     1BCF        9     379E       0
                text98                             1BD8     1BD8        9     37B0       0
                text97                             1BE1     1BE1        9     37C2       0
                text96                              960      960       73     12C0       0
                text95                             1C6B     1C6B        B     38D6       0
                text94                             1BEA     1BEA        9     37D4       0
                text93                             1D42     1D42       12     3A84       0
                text92                             1C61     1C61        A     38C2       0
                text91                             1AC1     1AC1        4     3582       0
                text90                             1E9D     1E9D       1C     3D3A       0
                text89                             1B1B     1B1B        5     3636       0
                text88                             1A9E     1A9E        3     353C       0
                text87                             1AA1     1AA1        3     3542       0
                text86                             1AA4     1AA4        3     3548       0
                text85                             100E     100E       21     201C       0
                text84                             1AA7     1AA7        3     354E       0
                text83                             1B48     1B48        6     3690       0
                text82                             1B4E     1B4E        6     369C       0
                text81                             1AAA     1AAA        3     3554       0
                text80                             1AAD     1AAD        3     355A       0
                text79                             1AB0     1AB0        3     3560       0
                text78                             1AC5     1AC5        4     358A       0
                text77                             1AB3     1AB3        3     3566       0
                text76                             1AC9     1AC9        4     3592       0
                text75                             1B54     1B54        6     36A8       0
                text74                             1B5A     1B5A        6     36B4       0
                text73                             1AB6     1AB6        3     356C       0
                text72                             13FF     13FF       36     27FE       0
                text71                             1BF3     1BF3        9     37E6       0
                text70                             1CCD     1CCD        D     399A       0
                text69                             1C81     1C81        C     3902       0
                text68                              895      895       64     112A       0
                text67                             15FE     15FE       51     2BFC       0
                text66                             1C76     1C76        B     38EC       0
                text65                             1BFC     1BFC        9     37F8       0
                text64                             1C05     1C05        9     380A       0
                text63                             1C0E     1C0E        9     381C       0
                text62                             1C17     1C17        9     382E       0
                text61                             1C20     1C20        9     3840       0
                text60                             1C29     1C29        9     3852       0
                text59                             1C32     1C32        9     3864       0
                text58                             1C3B     1C3B        9     3876       0
                text57                             13CA     13CA       35     2794       0
                text56                             12D3     12D3       2E     25A6       0
                text55                             1B60     1B60        6     36C0       0
                text54                             1CDA     1CDA        D     39B4       0
                text53                             1052     1052       23     20A4       0
                text52                             1B20     1B20        5     3640       0
                text51                             1CE7     1CE7        D     39CE       0
                text50                             14AE     14AE       41     295C       0
                text49                             1D6A     1D6A       17     3AD4       0
                text48                             1099     1099       24     2132       0
                text47                             1B25     1B25        5     364A       0
                text46                             124F     124F       2B     249E       0
                text45                             1000     1000        E     1E20       0
                text44                             127A     127A       2C     24F4       0
                text43                             14EF     14EF       41     29DE       0
                text42                             1ED5     1ED5       1D     3DAA       0
                text41                             1EF2     1EF2       1D     3DE4       0
                text40                             16A1     16A1       54     2D42       0
                text39                             1F0F     1F0F       1D     3E1E       0
                text38                             112F     112F       28     225E       0
                text37                             1FE0     1FE0       20     3FC0       0
                text36                             1157     1157       28     22AE       0
                text35                             1F84     1F84       1E     3F08       0
                text34                             1ACD     1ACD        4     359A       0
                text33                             1D81     1D81       18     3B02       0
                text32                             1FA2     1FA2       1F     3F44       0
                text31                             1FC1     1FC1       1F     3F82       0
                text30                             1F2C     1F2C       1D     3E58       0
                text29                             1F49     1F49       1D     3E92       0
                text28                             1DE3     1DE3       19     3BC6       0
                text27                              9D3      9D3       90     13A6       0
                text26                             1361     1361       34     26C2       0
                text25                              8F9      8F9       67     11F2       0
                text24                              441      441      105        8       0
                text23                              E23      E23       ED     1C46       0
                text22                             1EB9     1EB9       1C     3D72       0
                text21                             1C8D     1C8D        C     391A       0
                text20                             1B74     1B74        7     36E8       0
                text19                             1530     1530       41     2A60       0
                text18                             11A8     11A8       29     2350       0
                text17                             1E4A     1E4A       1B     3C94       0
                text16                             17A7     17A7       59     2F4E       0
                text15                               58       58      170        8       0
                text14                              647      647       FF        8       0
                text13                              800      800       34     1000       0
                text12                             1D54     1D54       16     3AA8       0
                text11                              834      834       61     1068       0
                text10                             1D99     1D99       18     3B32       0
                text9                              1B7B     1B7B        7     36F6       0
                text8                              1B91     1B91        8     3722       0
                text7                              1B82     1B82        7     3704       0
                text6                               B93      B93       CE     1726       0
                text5                               A63      A63       90     14C6       0
                text4                               AF3      AF3       A0     15E6       0
                text3                               746      746       B4        8       0
                text2                              11D1     11D1       29     23A2       0
                text1                              1C44     1C44        9     3888       0
                maintext                            338      338      109        8       0
                cstackBANK0                          20       20       50       20       1
                cstackCOMMON                         70       70        E       70       1
                cstackBANK1                          A0       A0       4A       A0       1
                cstackBANK2                         141      141       1B      120       1
                cstackBANK4                         240      240        E      220       1
                clrtext                             7FA      7FA        6        8       0
                bssBANK4                            220      220       20      220       1
                bssBANK3                            1A0      1A0       4B      1A0       1
                dataBANK2                           164      164        4      120       1
                bssBANK2                            120      120       21      120       1
                bssBANK1                             EA       EA        2       A0       1
                stringtext30                       19F2     19F2        6     3000       0
                stringtext29                       19E6     19E6        C     3000       0
                stringtext28                       19DA     19DA        C     3000       0
                stringtext27                       19CE     19CE        C     3000       0
                stringtext26                       19C2     19C2        C     3000       0
                stringtext25                       19B5     19B5        D     3000       0
                stringtext24                       19A6     19A6        F     3000       0
                stringtext23                       1997     1997        F     3000       0
                stringtext22                       1988     1988        F     3000       0
                stringtext21                       1979     1979        F     3000       0
                stringtext20                       1969     1969       10     3000       0
                stringtext19                       1959     1959       10     3000       0
                stringtext18                       1949     1949       10     3000       0
                stringtext17                       1938     1938       11     3000       0
                stringtext16                       1927     1927       11     3000       0
                stringtext15                       1916     1916       11     3000       0
                stringtext14                       1905     1905       11     3000       0
                stringtext13                       18F4     18F4       11     3000       0
                stringtext12                       18E3     18E3       11     3000       0
                stringtext11                       18D2     18D2       11     3000       0
                stringtext10                       18C1     18C1       11     3000       0
                stringtext9                        18B0     18B0       11     3000       0
                stringtext8                        189F     189F       11     3000       0
                stringtext7                        188E     188E       11     3000       0
                stringtext6                        187D     187D       11     3000       0
                stringtext5                        1869     1869       14     3000       0
                stringtext4                        1852     1852       17     3000       0
                stringtext3                        183A     183A       18     3000       0
                stringtext2                        1820     1820       1A     3000       0
                nvBANK4                             24E      24E        2      220       1
                nvBANK3                             1EB      1EB        4      1A0       1
                nvBANK2                             15C      15C        8      120       1
                stringtext1                        1800     1800       20     3000       0
                idataBANK2                         1AD1     1AD1        4     35A2       0

TOTAL           Name                               Link     Load   Length     Space
        CLASS   STACK          

        CLASS   CODE           
                end_init                             26       26        2         0
                cinit                                28       28       30         0
                intentry                              4        4       22         0
                reset_vec                             0        0        2         0
                text188                            1AD5     1AD5        5         0
                text187                            1ADA     1ADA        5         0
                text186                            1B2A     1B2A        6         0
                text185                            164F     164F       52         0
                text184                            1A7D     1A7D        1         0
                text183                            1CF4     1CF4        F         0
                text182                            1571     1571       46         0
                text181                            1A7E     1A7E        1         0
                text180                            1D03     1D03        F         0
                text179                            1A83     1A83        3         0
                text178                            1A86     1A86        3         0
                text177                            1A89     1A89        3         0
                text176                            1E65     1E65       1C         0
                text175                            1A8C     1A8C        3         0
                text174                            1A81     1A81        2         0
                text173                               2        2        2         0
                text172                            1A8F     1A8F        3         0
                text171                            1A92     1A92        3         0
                text170                            1A95     1A95        3         0
                text169                            1AB9     1AB9        4         0
                text168                            1A98     1A98        3         0
                text167                            1ABD     1ABD        4         0
                text166                            1ADF     1ADF        5         0
                text165                            1B30     1B30        6         0
                text164                            1A9B     1A9B        3         0
                text163                            1301     1301       2F         0
                text162                            1AE4     1AE4        5         0
                text161                            1B99     1B99        9         0
                text160                            1B89     1B89        8         0
                text159                            16F5     16F5       59         0
                text158                            15B7     15B7       47         0
                text157                            1B66     1B66        7         0
                text156                            1AE9     1AE9        5         0
                text155                            1AEE     1AEE        5         0
                text154                            1AF3     1AF3        5         0
                text153                            1AF8     1AF8        5         0
                text152                            1AFD     1AFD        5         0
                text151                            1B02     1B02        5         0
                text150                            1B07     1B07        5         0
                text149                            1B0C     1B0C        5         0
                text148                            12A6     12A6       2D         0
                text147                            1224     1224       2B         0
                text146                            1B36     1B36        6         0
                text145                            1C99     1C99        D         0
                text144                            1F66     1F66       1E         0
                text143                            1B11     1B11        5         0
                text142                            1CA6     1CA6        D         0
                text141                            1435     1435       3A         0
                text140                            11FA     11FA       2A         0
                text139                            1CB3     1CB3        D         0
                text138                            1D12     1D12        F         0
                text137                            1107     1107       28         0
                text136                            1395     1395       35         0
                text135                            1C4D     1C4D        A         0
                text134                             546      546      101         0
                text133                             D39      D39       EA         0
                text132                            1DFC     1DFC       1A         0
                text131                            1C57     1C57        A         0
                text130                            1B3C     1B3C        6         0
                text129                            146F     146F       3F         0
                text128                            117F     117F       29         0
                text127                            1E16     1E16       1A         0
                text126                            174E     174E       59         0
                text125                             1C8      1C8      170         0
                text124                             F10      F10       F0         0
                text123                            1330     1330       31         0
                text122                            1D30     1D30       12         0
                text121                            1E30     1E30       1A         0
                text120                             C61      C61       D8         0
                text119                            1A7F     1A7F        1         0
                text118                            1D21     1D21        F         0
                text117                            1DB1     1DB1       19         0
                text116                            1B16     1B16        5         0
                text115                            1E81     1E81       1C         0
                text114                            1A80     1A80        1         0
                text113                            1DCA     1DCA       19         0
                text112                            1CC0     1CC0        D         0
                text111                            1B42     1B42        6         0
                text109                            10BD     10BD       25         0
                text108                            102F     102F       23         0
                text107                            1075     1075       24         0
                text106                            1BA2     1BA2        9         0
                text105                            1BAB     1BAB        9         0
                text104                            1BB4     1BB4        9         0
                text103                            1BBD     1BBD        9         0
                text102                            10E2     10E2       25         0
                text101                            1BC6     1BC6        9         0
                text100                            1B6D     1B6D        7         0
                text99                             1BCF     1BCF        9         0
                text98                             1BD8     1BD8        9         0
                text97                             1BE1     1BE1        9         0
                text96                              960      960       73         0
                text95                             1C6B     1C6B        B         0
                text94                             1BEA     1BEA        9         0
                text93                             1D42     1D42       12         0
                text92                             1C61     1C61        A         0
                text91                             1AC1     1AC1        4         0
                text90                             1E9D     1E9D       1C         0
                text89                             1B1B     1B1B        5         0
                text88                             1A9E     1A9E        3         0
                text87                             1AA1     1AA1        3         0
                text86                             1AA4     1AA4        3         0
                text85                             100E     100E       21         0
                text84                             1AA7     1AA7        3         0
                text83                             1B48     1B48        6         0
                text82                             1B4E     1B4E        6         0
                text81                             1AAA     1AAA        3         0
                text80                             1AAD     1AAD        3         0
                text79                             1AB0     1AB0        3         0
                text78                             1AC5     1AC5        4         0
                text77                             1AB3     1AB3        3         0
                text76                             1AC9     1AC9        4         0
                text75                             1B54     1B54        6         0
                text74                             1B5A     1B5A        6         0
                text73                             1AB6     1AB6        3         0
                text72                             13FF     13FF       36         0
                text71                             1BF3     1BF3        9         0
                text70                             1CCD     1CCD        D         0
                text69                             1C81     1C81        C         0
                text68                              895      895       64         0
                text67                             15FE     15FE       51         0
                text66                             1C76     1C76        B         0
                text65                             1BFC     1BFC        9         0
                text64                             1C05     1C05        9         0
                text63                             1C0E     1C0E        9         0
                text62                             1C17     1C17        9         0
                text61                             1C20     1C20        9         0
                text60                             1C29     1C29        9         0
                text59                             1C32     1C32        9         0
                text58                             1C3B     1C3B        9         0
                text57                             13CA     13CA       35         0
                text56                             12D3     12D3       2E         0
                text55                             1B60     1B60        6         0
                text54                             1CDA     1CDA        D         0
                text53                             1052     1052       23         0
                text52                             1B20     1B20        5         0
                text51                             1CE7     1CE7        D         0
                text50                             14AE     14AE       41         0
                text49                             1D6A     1D6A       17         0
                text48                             1099     1099       24         0
                text47                             1B25     1B25        5         0
                text46                             124F     124F       2B         0
                text45                             1000     1000        E         0
                text44                             127A     127A       2C         0
                text43                             14EF     14EF       41         0
                text42                             1ED5     1ED5       1D         0
                text41                             1EF2     1EF2       1D         0
                text40                             16A1     16A1       54         0
                text39                             1F0F     1F0F       1D         0
                text38                             112F     112F       28         0
                text37                             1FE0     1FE0       20         0
                text36                             1157     1157       28         0
                text35                             1F84     1F84       1E         0
                text34                             1ACD     1ACD        4         0
                text33                             1D81     1D81       18         0
                text32                             1FA2     1FA2       1F         0
                text31                             1FC1     1FC1       1F         0
                text30                             1F2C     1F2C       1D         0
                text29                             1F49     1F49       1D         0
                text28                             1DE3     1DE3       19         0
                text27                              9D3      9D3       90         0
                text26                             1361     1361       34         0
                text25                              8F9      8F9       67         0
                text24                              441      441      105         0
                text23                              E23      E23       ED         0
                text22                             1EB9     1EB9       1C         0
                text21                             1C8D     1C8D        C         0
                text20                             1B74     1B74        7         0
                text19                             1530     1530       41         0
                text18                             11A8     11A8       29         0
                text17                             1E4A     1E4A       1B         0
                text16                             17A7     17A7       59         0
                text15                               58       58      170         0
                text14                              647      647       FF         0
                text13                              800      800       34         0
                text12                             1D54     1D54       16         0
                text11                              834      834       61         0
                text10                             1D99     1D99       18         0
                text9                              1B7B     1B7B        7         0
                text8                              1B91     1B91        8         0
                text7                              1B82     1B82        7         0
                text6                               B93      B93       CE         0
                text5                               A63      A63       90         0
                text4                               AF3      AF3       A0         0
                text3                               746      746       B4         0
                text2                              11D1     11D1       29         0
                text1                              1C44     1C44        9         0
                maintext                            338      338      109         0
                clrtext                             7FA      7FA        6         0
                idataBANK2                         1AD1     1AD1        4         0

        CLASS   STRCODE        
                stringtext30                       19F2     19F2        6         0
                stringtext29                       19E6     19E6        C         0
                stringtext28                       19DA     19DA        C         0
                stringtext27                       19CE     19CE        C         0
                stringtext26                       19C2     19C2        C         0
                stringtext25                       19B5     19B5        D         0
                stringtext24                       19A6     19A6        F         0
                stringtext23                       1997     1997        F         0
                stringtext22                       1988     1988        F         0
                stringtext21                       1979     1979        F         0
                stringtext20                       1969     1969       10         0
                stringtext19                       1959     1959       10         0
                stringtext18                       1949     1949       10         0
                stringtext17                       1938     1938       11         0
                stringtext16                       1927     1927       11         0
                stringtext15                       1916     1916       11         0
                stringtext14                       1905     1905       11         0
                stringtext13                       18F4     18F4       11         0
                stringtext12                       18E3     18E3       11         0
                stringtext11                       18D2     18D2       11         0
                stringtext10                       18C1     18C1       11         0
                stringtext9                        18B0     18B0       11         0
                stringtext8                        189F     189F       11         0
                stringtext7                        188E     188E       11         0
                stringtext6                        187D     187D       11         0
                stringtext5                        1869     1869       14         0
                stringtext4                        1852     1852       17         0
                stringtext3                        183A     183A       18         0
                stringtext2                        1820     1820       1A         0
                stringtext1                        1800     1800       20         0

        CLASS   STRING         

        CLASS   CONST          

        CLASS   ENTRY          

        CLASS   COMMON         
                cstackCOMMON                         70       70        E         1

        CLASS   BANK0          
                cstackBANK0                          20       20       50         1

        CLASS   BANK1          
                cstackBANK1                          A0       A0       4A         1
                bssBANK1                             EA       EA        2         1

        CLASS   BANK2          
                cstackBANK2                         141      141       1B         1
                dataBANK2                           164      164        4         1
                bssBANK2                            120      120       21         1
                nvBANK2                             15C      15C        8         1

        CLASS   BANK3          
                bssBANK3                            1A0      1A0       4B         1
                nvBANK3                             1EB      1EB        4         1

        CLASS   BANK4          
                cstackBANK4                         240      240        E         1
                bssBANK4                            220      220       20         1
                nvBANK4                             24E      24E        2         1

        CLASS   BANK5          

        CLASS   BANK6          

        CLASS   BANK7          

        CLASS   BANK8          

        CLASS   BANK9          

        CLASS   BANK10         

        CLASS   BANK11         

        CLASS   BANK12         

        CLASS   BIGRAM         

        CLASS   RAM            

        CLASS   ABS1           
                abs_s1                               7E       7E        2         1

        CLASS   SFR0           

        CLASS   SFR1           

        CLASS   SFR2           

        CLASS   SFR3           

        CLASS   SFR4           

        CLASS   SFR5           

        CLASS   SFR6           

        CLASS   SFR7           

        CLASS   SFR8           

        CLASS   SFR9           

        CLASS   SFR10          

        CLASS   SFR11          

        CLASS   SFR12          

        CLASS   SFR13          

        CLASS   SFR14          

        CLASS   SFR15          

        CLASS   SFR16          

        CLASS   SFR17          

        CLASS   SFR18          

        CLASS   SFR19          

        CLASS   SFR20          

        CLASS   SFR21          

        CLASS   SFR22          

        CLASS   SFR23          

        CLASS   SFR24          

        CLASS   SFR25          

        CLASS   SFR26          

        CLASS   SFR27          

        CLASS   SFR28          

        CLASS   SFR29          

        CLASS   SFR30          

        CLASS   SFR31          

        CLASS   CONFIG         
                config                             8007     8007        2         4

        CLASS   IDLOC          

        CLASS   BANK31         

        CLASS   BANK30         

        CLASS   BANK29         

        CLASS   BANK28         

        CLASS   BANK27         

        CLASS   BANK26         

        CLASS   BANK25         

        CLASS   BANK24         

        CLASS   BANK23         

        CLASS   BANK22         

        CLASS   BANK21         

        CLASS   BANK20         

        CLASS   BANK19         

        CLASS   BANK18         

        CLASS   BANK17         

        CLASS   BANK16         

        CLASS   BANK15         

        CLASS   BANK14         

        CLASS   BANK13         

        CLASS   EEDATA         



SEGMENTS        Name                           Load    Length   Top    Selector   Space  Class     Delta

                reset_vec                      000000  000004  000004         0       0  CODE        2
                intentry                       000004  0007FC  000800         8       0  CODE        2
                cstackBANK0                    000020  000050  000070        20       1  BANK0       1
                cstackCOMMON                   000070  00000E  00007E        70       1  COMMON      1
                cstackBANK1                    0000A0  00004C  0000EC        A0       1  BANK1       1
                bssBANK2                       000120  000048  000168       120       1  BANK2       1
                bssBANK3                       0001A0  00004F  0001EF       1A0       1  BANK3       1
                bssBANK4                       000220  000030  000250       220       1  BANK4       1
                text13                         000800  000034  000834      1000       0  CODE        2
                text11                         000834  000061  000895      1068       0  CODE        2
                text68                         000895  000064  0008F9      112A       0  CODE        2
                text25                         0008F9  000067  000960      11F2       0  CODE        2
                text96                         000960  000073  0009D3      12C0       0  CODE        2
                text27                         0009D3  000090  000A63      13A6       0  CODE        2
                text5                          000A63  000090  000AF3      14C6       0  CODE        2
                text4                          000AF3  0000A0  000B93      15E6       0  CODE        2
                text6                          000B93  0000CE  000C61      1726       0  CODE        2
                text120                        000C61  0000D8  000D39      18C2       0  CODE        2
                text133                        000D39  0000EA  000E23      1A72       0  CODE        2
                text23                         000E23  0000ED  000F10      1C46       0  CODE        2
                text124                        000F10  0000FE  00100E      1E20       0  CODE        2
                text85                         00100E  000021  00102F      201C       0  CODE        2
                text108                        00102F  000023  001052      205E       0  CODE        2
                text53                         001052  000023  001075      20A4       0  CODE        2
                text107                        001075  000024  001099      20EA       0  CODE        2
                text48                         001099  000024  0010BD      2132       0  CODE        2
                text109                        0010BD  000025  0010E2      217A       0  CODE        2
                text102                        0010E2  000025  001107      21C4       0  CODE        2
                text137                        001107  000028  00112F      220E       0  CODE        2
                text38                         00112F  000028  001157      225E       0  CODE        2
                text36                         001157  000028  00117F      22AE       0  CODE        2
                text128                        00117F  000029  0011A8      22FE       0  CODE        2
                text18                         0011A8  000029  0011D1      2350       0  CODE        2
                text2                          0011D1  000029  0011FA      23A2       0  CODE        2
                text140                        0011FA  00002A  001224      23F4       0  CODE        2
                text147                        001224  00002B  00124F      2448       0  CODE        2
                text46                         00124F  00002B  00127A      249E       0  CODE        2
                text44                         00127A  00002C  0012A6      24F4       0  CODE        2
                text148                        0012A6  00002D  0012D3      254C       0  CODE        2
                text56                         0012D3  00002E  001301      25A6       0  CODE        2
                text163                        001301  00002F  001330      2602       0  CODE        2
                text123                        001330  000031  001361      2660       0  CODE        2
                text26                         001361  000034  001395      26C2       0  CODE        2
                text136                        001395  000035  0013CA      272A       0  CODE        2
                text57                         0013CA  000035  0013FF      2794       0  CODE        2
                text72                         0013FF  000036  001435      27FE       0  CODE        2
                text141                        001435  00003A  00146F      286A       0  CODE        2
                text129                        00146F  00003F  0014AE      28DE       0  CODE        2
                text50                         0014AE  000041  0014EF      295C       0  CODE        2
                text43                         0014EF  000041  001530      29DE       0  CODE        2
                text19                         001530  000041  001571      2A60       0  CODE        2
                text182                        001571  000046  0015B7      2AE2       0  CODE        2
                text158                        0015B7  000047  0015FE      2B6E       0  CODE        2
                text67                         0015FE  000051  00164F      2BFC       0  CODE        2
                text185                        00164F  000052  0016A1      2C9E       0  CODE        2
                text40                         0016A1  000054  0016F5      2D42       0  CODE        2
                text159                        0016F5  000059  00174E      2DEA       0  CODE        2
                text126                        00174E  000059  0017A7      2E9C       0  CODE        2
                text16                         0017A7  000059  001800      2F4E       0  CODE        2
                stringtext1                    001800  0001F8  0019F8      3000       0  STRCODE     2
                text184                        001A7D  000001  001A7E      34FA       0  CODE        2
                text181                        001A7E  000001  001A7F      34FC       0  CODE        2
                text119                        001A7F  000001  001A80      34FE       0  CODE        2
                text114                        001A80  000001  001A81      3500       0  CODE        2
                text174                        001A81  000002  001A83      3502       0  CODE        2
                text179                        001A83  000003  001A86      3506       0  CODE        2
                text178                        001A86  000003  001A89      350C       0  CODE        2
                text177                        001A89  000003  001A8C      3512       0  CODE        2
                text175                        001A8C  000003  001A8F      3518       0  CODE        2
                text172                        001A8F  000003  001A92      351E       0  CODE        2
                text171                        001A92  000003  001A95      3524       0  CODE        2
                text170                        001A95  000003  001A98      352A       0  CODE        2
                text168                        001A98  000003  001A9B      3530       0  CODE        2
                text164                        001A9B  000003  001A9E      3536       0  CODE        2
                text88                         001A9E  000003  001AA1      353C       0  CODE        2
                text87                         001AA1  000003  001AA4      3542       0  CODE        2
                text86                         001AA4  000003  001AA7      3548       0  CODE        2
                text84                         001AA7  000003  001AAA      354E       0  CODE        2
                text81                         001AAA  000003  001AAD      3554       0  CODE        2
                text80                         001AAD  000003  001AB0      355A       0  CODE        2
                text79                         001AB0  000003  001AB3      3560       0  CODE        2
                text77                         001AB3  000003  001AB6      3566       0  CODE        2
                text73                         001AB6  000003  001AB9      356C       0  CODE        2
                text169                        001AB9  000004  001ABD      3572       0  CODE        2
                text167                        001ABD  000004  001AC1      357A       0  CODE        2
                text91                         001AC1  000004  001AC5      3582       0  CODE        2
                text78                         001AC5  000004  001AC9      358A       0  CODE        2
                text76                         001AC9  000004  001ACD      3592       0  CODE        2
                text34                         001ACD  000004  001AD1      359A       0  CODE        2
                idataBANK2                     001AD1  000004  001AD5      35A2       0  CODE        2
                text188                        001AD5  000005  001ADA      35AA       0  CODE        2
                text187                        001ADA  000005  001ADF      35B4       0  CODE        2
                text166                        001ADF  000005  001AE4      35BE       0  CODE        2
                text162                        001AE4  000005  001AE9      35C8       0  CODE        2
                text156                        001AE9  000005  001AEE      35D2       0  CODE        2
                text155                        001AEE  000005  001AF3      35DC       0  CODE        2
                text154                        001AF3  000005  001AF8      35E6       0  CODE        2
                text153                        001AF8  000005  001AFD      35F0       0  CODE        2
                text152                        001AFD  000005  001B02      35FA       0  CODE        2
                text151                        001B02  000005  001B07      3604       0  CODE        2
                text150                        001B07  000005  001B0C      360E       0  CODE        2
                text149                        001B0C  000005  001B11      3618       0  CODE        2
                text143                        001B11  000005  001B16      3622       0  CODE        2
                text116                        001B16  000005  001B1B      362C       0  CODE        2
                text89                         001B1B  000005  001B20      3636       0  CODE        2
                text52                         001B20  000005  001B25      3640       0  CODE        2
                text47                         001B25  000005  001B2A      364A       0  CODE        2
                text186                        001B2A  000006  001B30      3654       0  CODE        2
                text165                        001B30  000006  001B36      3660       0  CODE        2
                text146                        001B36  000006  001B3C      366C       0  CODE        2
                text130                        001B3C  000006  001B42      3678       0  CODE        2
                text111                        001B42  000006  001B48      3684       0  CODE        2
                text83                         001B48  000006  001B4E      3690       0  CODE        2
                text82                         001B4E  000006  001B54      369C       0  CODE        2
                text75                         001B54  000006  001B5A      36A8       0  CODE        2
                text74                         001B5A  000006  001B60      36B4       0  CODE        2
                text55                         001B60  000006  001B66      36C0       0  CODE        2
                text157                        001B66  000007  001B6D      36CC       0  CODE        2
                text100                        001B6D  000007  001B74      36DA       0  CODE        2
                text20                         001B74  000007  001B7B      36E8       0  CODE        2
                text9                          001B7B  000007  001B82      36F6       0  CODE        2
                text7                          001B82  000007  001B89      3704       0  CODE        2
                text160                        001B89  000008  001B91      3712       0  CODE        2
                text8                          001B91  000008  001B99      3722       0  CODE        2
                text161                        001B99  000009  001BA2      3732       0  CODE        2
                text106                        001BA2  000009  001BAB      3744       0  CODE        2
                text105                        001BAB  000009  001BB4      3756       0  CODE        2
                text104                        001BB4  000009  001BBD      3768       0  CODE        2
                text103                        001BBD  000009  001BC6      377A       0  CODE        2
                text101                        001BC6  000009  001BCF      378C       0  CODE        2
                text99                         001BCF  000009  001BD8      379E       0  CODE        2
                text98                         001BD8  000009  001BE1      37B0       0  CODE        2
                text97                         001BE1  000009  001BEA      37C2       0  CODE        2
                text94                         001BEA  000009  001BF3      37D4       0  CODE        2
                text71                         001BF3  000009  001BFC      37E6       0  CODE        2
                text65                         001BFC  000009  001C05      37F8       0  CODE        2
                text64                         001C05  000009  001C0E      380A       0  CODE        2
                text63                         001C0E  000009  001C17      381C       0  CODE        2
                text62                         001C17  000009  001C20      382E       0  CODE        2
                text61                         001C20  000009  001C29      3840       0  CODE        2
                text60                         001C29  000009  001C32      3852       0  CODE        2
                text59                         001C32  000009  001C3B      3864       0  CODE        2
                text58                         001C3B  000009  001C44      3876       0  CODE        2
                text1                          001C44  000009  001C4D      3888       0  CODE        2
                text135                        001C4D  00000A  001C57      389A       0  CODE        2
                text131                        001C57  00000A  001C61      38AE       0  CODE        2
                text92                         001C61  00000A  001C6B      38C2       0  CODE        2
                text95                         001C6B  00000B  001C76      38D6       0  CODE        2
                text66                         001C76  00000B  001C81      38EC       0  CODE        2
                text69                         001C81  00000C  001C8D      3902       0  CODE        2
                text21                         001C8D  00000C  001C99      391A       0  CODE        2
                text145                        001C99  00000D  001CA6      3932       0  CODE        2
                text142                        001CA6  00000D  001CB3      394C       0  CODE        2
                text139                        001CB3  00000D  001CC0      3966       0  CODE        2
                text112                        001CC0  00000D  001CCD      3980       0  CODE        2
                text70                         001CCD  00000D  001CDA      399A       0  CODE        2
                text54                         001CDA  00000D  001CE7      39B4       0  CODE        2
                text51                         001CE7  00000D  001CF4      39CE       0  CODE        2
                text183                        001CF4  00000F  001D03      39E8       0  CODE        2
                text180                        001D03  00000F  001D12      3A06       0  CODE        2
                text138                        001D12  00000F  001D21      3A24       0  CODE        2
                text118                        001D21  00000F  001D30      3A42       0  CODE        2
                text122                        001D30  000012  001D42      3A60       0  CODE        2
                text93                         001D42  000012  001D54      3A84       0  CODE        2
                text12                         001D54  000016  001D6A      3AA8       0  CODE        2
                text49                         001D6A  000017  001D81      3AD4       0  CODE        2
                text33                         001D81  000018  001D99      3B02       0  CODE        2
                text10                         001D99  000018  001DB1      3B32       0  CODE        2
                text117                        001DB1  000019  001DCA      3B62       0  CODE        2
                text113                        001DCA  000019  001DE3      3B94       0  CODE        2
                text28                         001DE3  000019  001DFC      3BC6       0  CODE        2
                text132                        001DFC  00001A  001E16      3BF8       0  CODE        2
                text127                        001E16  00001A  001E30      3C2C       0  CODE        2
                text121                        001E30  00001A  001E4A      3C60       0  CODE        2
                text17                         001E4A  00001B  001E65      3C94       0  CODE        2
                text176                        001E65  00001C  001E81      3CCA       0  CODE        2
                text115                        001E81  00001C  001E9D      3D02       0  CODE        2
                text90                         001E9D  00001C  001EB9      3D3A       0  CODE        2
                text22                         001EB9  00001C  001ED5      3D72       0  CODE        2
                text42                         001ED5  00001D  001EF2      3DAA       0  CODE        2
                text41                         001EF2  00001D  001F0F      3DE4       0  CODE        2
                text39                         001F0F  00001D  001F2C      3E1E       0  CODE        2
                text30                         001F2C  00001D  001F49      3E58       0  CODE        2
                text29                         001F49  00001D  001F66      3E92       0  CODE        2
                text144                        001F66  00001E  001F84      3ECC       0  CODE        2
                text35                         001F84  00001E  001FA2      3F08       0  CODE        2
                text32                         001FA2  00001F  001FC1      3F44       0  CODE        2
                text31                         001FC1  00001F  001FE0      3F82       0  CODE        2
                text37                         001FE0  000020  002000      3FC0       0  CODE        2


UNUSED ADDRESS RANGES

        Name                Unused          Largest block    Delta
        BANK1            000EC-000EF               4           1
        BANK10           00520-0056F              50           1
        BANK11           005A0-005EF              50           1
        BANK12           00620-0064F              30           1
        BANK2            00168-0016F               8           1
        BANK3            001EF-001EF               1           1
        BANK4            00250-0026F              20           1
        BANK5            002A0-002EF              50           1
        BANK6            00320-0036F              50           1
        BANK7            003A0-003EF              50           1
        BANK8            00420-0046F              50           1
        BANK9            004A0-004EF              50           1
        BIGRAM           02000-023EF             3F0           1
        CODE             019F8-01A7C              85           2
        CONST            019F8-01A7C               8           2
        ENTRY            019F8-01A7C               8           2
        IDLOC            08000-08003               4           2
        RAM              000EC-000EF               4           1
                         00168-0016F               8
                         001EF-001EF               1
                         00250-0026F              20
                         002A0-002EF              50
                         00320-0036F              50
                         003A0-003EF              50
                         00420-0046F              50
                         004A0-004EF              50
                         00520-0056F              50
                         005A0-005EF              50
                         00620-0064F              30
        SFR0             00000-0001F              20           1
        SFR1             00080-0009F              20           1
        SFR10            00500-0051F              20           1
        SFR11            00580-0059F              20           1
        SFR12            00600-0061F              20           1
        SFR13            00680-006EF              70           1
        SFR14            00700-0076F              70           1
        SFR15            00780-007EF              70           1
        SFR16            00800-0086F              70           1
        SFR17            00880-008EF              70           1
        SFR18            00900-0096F              70           1
        SFR19            00980-009EF              70           1
        SFR2             00100-0011F              20           1
        SFR20            00A00-00A6F              70           1
        SFR21            00A80-00AEF              70           1
        SFR22            00B00-00B6F              70           1
        SFR23            00B80-00BEF              70           1
        SFR24            00C00-00C6F              70           1
        SFR25            00C80-00CEF              70           1
        SFR26            00D00-00D6F              70           1
        SFR27            00D80-00DEF              70           1
        SFR28            00E00-00E6F              70           1
        SFR29            00E80-00EEF              70           1
        SFR3             00180-0019F              20           1
        SFR30            00F00-00F6F              70           1
        SFR31            00F80-00FEF              70           1
        SFR4             00200-0021F              20           1
        SFR5             00280-0029F              20           1
        SFR6             00300-0031F              20           1
        SFR7             00380-0039F              20           1
        SFR8             00400-0041F              20           1
        SFR9             00480-0049F              20           1
        STACK            02170-023EF             280           1
        STRCODE          019F8-01A7C              85           2
        STRING           019F8-01A7C               8           2

                                  Symbol Table

?_ADC_GetConversion                            cstackBANK1  000A4
?___aldiv                                      cstackBANK1  000B0
?___aodiv                                      cstackBANK1  000A4
?___aomod                                      cstackBANK1  000A4
?___lmul                                       cstackBANK1  000A4
?_abs                                          cstackBANK1  000B7
?_dtoa                                         cstackBANK1  000BF
?_map                                          cstackBANK1  000BF
?_pad                                          cstackBANK1  000B6
?_printf                                       cstackBANK2  0014D
?_read                                         cstackBANK1  000A8
?_read@temp_sensor$F1516                       cstackBANK1  000A8
?_strlen                                       cstackBANK1  000A4
?_vfpfcnvrt                                    cstackBANK1  000DD
?_vfprintf                                     cstackBANK1  000E4
?i1___aodiv                                    cstackBANK0  00020
?i1___aomod                                    cstackBANK0  00020
?i1_abs                                        cstackCOMMON 00073
?i1_dtoa                                       cstackBANK0  00030
?i1_pad                                        cstackBANK0  00024
?i1_printf                                     cstackBANK0  00068
?i1_strlen                                     cstackCOMMON 00070
?i1_vfpfcnvrt                                  cstackBANK0  0004E
?i1_vfprintf                                   cstackBANK0  00060
ADC_GetConversion@channel                      cstackBANK1  000A7
EUSART_SetErrorHandler@interruptHandler        cstackBANK1  000A4
EUSART_SetFramingErrorHandler@interruptHandler cstackBANK1  000A4
EUSART_SetOverrunErrorHandler@interruptHandler cstackBANK1  000A4
EUSART_Write@txData                            cstackBANK1  000A4
I2C_CallbackReturnReset@funPtr                 cstackBANK1  000A4
I2C_Close@returnValue                          cstackBANK1  000A5
I2C_MasterOperation@read                       cstackBANK1  000AC
I2C_MasterOperation@returnValue                cstackBANK1  000AD
I2C_MasterSendTxData@data                      cstackBANK1  000A4
I2C_Open@address                               cstackBANK1  000A5
I2C_Open@returnValue                           cstackBANK1  000A6
I2C_SetAddressNackCallback@cb                  cstackBANK1  000A9
I2C_SetAddressNackCallback@ptr                 cstackBANK1  000AB
I2C_SetBuffer@buffer                           cstackBANK1  000A4
I2C_SetBuffer@bufferSize                       cstackBANK1  000A6
I2C_SetCallback@cb                             cstackBANK1  000A4
I2C_SetCallback@idx                            cstackBANK1  000A8
I2C_SetCallback@ptr                            cstackBANK1  000A6
IOCAF5_SetInterruptHandler@InterruptHandler    cstackBANK1  000A4
IOCAF6_SetInterruptHandler@InterruptHandler    cstackBANK1  000A4
IOCAF7_SetInterruptHandler@InterruptHandler    cstackBANK1  000A4
LCDGoto@ln                                     cstackBANK1  000AB
LCDGoto@pos                                    cstackBANK1  000AE
LCDPutChar@ch                                  cstackBANK1  000AA
LCDPutCmd@ch                                   cstackBANK1  000AA
LCDPutStr@i                                    cstackBANK1  000B0
LCDPutStr@str                                  cstackBANK1  000AB
LCDWriteNibble@ch                              cstackBANK1  000A7
LCDWriteNibble@rs                              cstackBANK1  000A4
PWM3_LoadDutyValue@dutyValue                   cstackBANK1  000A4
TMR2_LoadPeriodRegister@periodVal              cstackCOMMON 00070
TMR2_SetInterruptHandler@InterruptHandler      cstackBANK1  000A4
_ADCON0                                        (abs)        0009D
_ADCON0bits                                    (abs)        0009D
_ADCON1                                        (abs)        0009E
_ADCON2                                        (abs)        0009F
_ADC_GetConversion                             text33       01D81
_ADC_Initialize                                text106      01BA2
_ADRESH                                        (abs)        0009C
_ADRESL                                        (abs)        0009B
_ANSELA                                        (abs)        0018C
_ANSELB                                        (abs)        0018D
_ANSELC                                        (abs)        0018E
_ANSELD                                        (abs)        0018F
_ANSELE                                        (abs)        00190
_BAUD1CON                                      (abs)        0019F
_BORCON                                        (abs)        00116
_CCPTMRSbits                                   (abs)        0029E
_EUSART_DefaultErrorHandler                    (abs)        00000
_EUSART_DefaultFramingErrorHandler             (abs)        00000
_EUSART_DefaultOverrunErrorHandler             (abs)        00000
_EUSART_ErrorHandler                           nvBANK4      0024E
_EUSART_FramingErrorHandler                    nvBANK3      001ED
_EUSART_Initialize                             text102      010E2
_EUSART_OverrunErrorHandler                    nvBANK3      001EB
_EUSART_SetErrorHandler                        text105      01BAB
_EUSART_SetFramingErrorHandler                 text104      01BB4
_EUSART_SetOverrunErrorHandler                 text103      01BBD
_EUSART_Write                                  text21       01C8D
_I2C_CallbackReturnReset                       text82       01B4E
_I2C_CallbackReturnReset$intlevel0             text82       01B52
_I2C_CallbackReturnStop                        text83       01B48
_I2C_CallbackReturnStop$intlevel0              text83       01B4C
_I2C_Close                                     text85       0100E
_I2C_DO_ADDRESS_NACK                           text57       013CA
_I2C_DO_ADDRESS_NACK$intlevel0                 text57       013CE
_I2C_DO_IDLE                                   text71       01BF3
_I2C_DO_IDLE$intlevel0                         text71       01BF7
_I2C_DO_RCEN                                   text66       01C76
_I2C_DO_RCEN$intlevel0                         text66       01C7A
_I2C_DO_RESET                                  text58       01C3B
_I2C_DO_RESET$intlevel0                        text58       01C3F
_I2C_DO_RX                                     text67       015FE
_I2C_DO_RX$intlevel0                           text67       01602
_I2C_DO_RX_ACK                                 text61       01C20
_I2C_DO_RX_ACK$intlevel0                       text61       01C24
_I2C_DO_RX_NACK_RESTART                        text59       01C32
_I2C_DO_RX_NACK_RESTART$intlevel0              text59       01C36
_I2C_DO_RX_NACK_STOP                           text60       01C29
_I2C_DO_RX_NACK_STOP$intlevel0                 text60       01C2D
_I2C_DO_SEND_ADR_READ                          text70       01CCD
_I2C_DO_SEND_ADR_READ$intlevel0                text70       01CD1
_I2C_DO_SEND_ADR_WRITE                         text69       01C81
_I2C_DO_SEND_ADR_WRITE$intlevel0               text69       01C85
_I2C_DO_SEND_RESTART                           text63       01C0E
_I2C_DO_SEND_RESTART$intlevel0                 text63       01C12
_I2C_DO_SEND_RESTART_READ                      text65       01BFC
_I2C_DO_SEND_RESTART_READ$intlevel0            text65       01C00
_I2C_DO_SEND_RESTART_WRITE                     text64       01C05
_I2C_DO_SEND_RESTART_WRITE$intlevel0           text64       01C09
_I2C_DO_SEND_STOP                              text62       01C17
_I2C_DO_SEND_STOP$intlevel0                    text62       01C1B
_I2C_DO_TX                                     text68       00895
_I2C_DO_TX$intlevel0                           text68       00899
_I2C_DO_TX_EMPTY                               text72       013FF
_I2C_DO_TX_EMPTY$intlevel0                     text72       01403
_I2C_Initialize                                text101      01BC6
_I2C_MasterClearIrq                            text88       01A9E
_I2C_MasterClose                               text87       01AA1
_I2C_MasterDisableIrq                          text86       01AA4
_I2C_MasterEnableRestart                       text81       01AAA
_I2C_MasterFsm                                 text56       012D3
_I2C_MasterGetRxData                           text77       01AB3
_I2C_MasterIsNack                              text74       01B5A
_I2C_MasterOpen                                text51       01CE7
_I2C_MasterOperation                           text53       01052
_I2C_MasterRead                                text52       01B20
_I2C_MasterSendAck                             text76       01AC9
_I2C_MasterSendNack                            text78       01AC5
_I2C_MasterSendTxData                          text75       01B54
_I2C_MasterSetIrq                              text73       01AB6
_I2C_MasterStart                               text84       01AA7
_I2C_MasterStartRx                             text79       01AB0
_I2C_MasterStop                                text80       01AAD
_I2C_MasterWaitForEvent                        text55       01B60
_I2C_MasterWrite                               text47       01B25
[...]
      Locals:         0       0       0       0       0       0       0       0       0       0       0       0       0       0
      Temps:          0       0       0       0       0       0       0       0       0       0       0       0       0       0
      Totals:         0       0       0       0       0       0       0       0       0       0       0       0       0       0
Total ram usage:        0 bytes
 Hardware stack levels used:    1
 Hardware stack levels required when called:    2
 This function calls:
		Absolute function
		_IOCAF5_DefaultInterruptHandler
		_index_add
 This function is called by:
		_PIN_MANAGER_IOC
 This function uses a non-reentrant model


 *************** function _IOCAF5_DefaultInterruptHandler *****************
 Defined at:
		line 212 in file "mcc_generated_files/pin_manager.c"
 Parameters:    Size  Location     Type
		None
 Auto vars:     Size  Location     Type
		None
 Return value:  Size  Location     Type
                  1    wreg      void 
 Registers used:
		None
 Tracked objects:
		On entry : 
		On exit  : 
		Unchanged: 
 Data sizes:     COMMON   BANK0   BANK1   BANK2   BANK3   BANK4   BANK5   BANK6   BANK7   BANK8   BANK9  BANK10  BANK11  BANK12
      Params:         0       0       0       0       0       0       0       0       0       0       0       0       0       0
      Locals:         0       0       0       0       0       0       0       0       0       0       0       0       0       0
      Temps:          0       0       0       0       0       0       0       0       0       0       0       0       0       0
      Totals:         0       0       0       0       0       0       0       0       0       0       0       0       0       0
Total ram usage:        0 bytes
 Hardware stack levels used:    1
 This function calls:
		Nothing
 This function is called by:
		_PIN_MANAGER_Initialize
		_IOCAF5_ISR
 This function uses a non-reentrant model


 *************** function _index_add *****************
 Defined at:
		line 34 in file "menu_controller.c"
 Parameters:    Size  Location     Type
		None
 Auto vars:     Size  Location     Type
		None
 Return value:  Size  Location     Type
                  1    wreg      void 
 Registers used:
		wreg, status,2, status,0, pclath, cstack
 Tracked objects:
		On entry : 
		On exit  : 
		Unchanged: 
 Data sizes:     COMMON   BANK0   BANK1   BANK2   BANK3   BANK4   BANK5   BANK6   BANK7   BANK8   BANK9  BANK10  BANK11  BANK12
      Params:         0       0       0       0       0       0       0       0       0       0       0       0       0       0
      Locals:         0       0       0       0       0       0       0       0       0       0       0       0       0       0
      Temps:          1       0       0       0       0       0       0       0       0       0       0       0       0       0
      Totals:         1       0       0       0       0       0       0       0       0       0       0       0       0       0
Total ram usage:        1 bytes
 Hardware stack levels used:    1
 Hardware stack levels required when called:    1
 This function calls:
		_TMR2_InterruptEnable
		_TMR2_LoadPeriodRegister
		i1_TMR2_SetInterruptHandler
 This function is called by:
		_initialize_menu
		_IOCAF5_ISR
 This function uses a non-reentrant model


 *************** function i1_TMR2_SetInterruptHandler *****************
 Defined at:
		line 140 in file "mcc_generated_files/tmr2.c"
 Parameters:    Size  Location     Type
  InterruptHan    2    0[COMMON] PTR FTN()void 
		 -> debouncing_ISR(1), rtc_sleep_ISR(1), TMR2_DefaultInterruptHandler(1), 
 Auto vars:     Size  Location     Type
		None
 Return value:  Size  Location     Type
                  1    wreg      void 
 Registers used:
		wreg
 Tracked objects:
		On entry : 
		On exit  : 
		Unchanged: 
 Data sizes:     COMMON   BANK0   BANK1   BANK2   BANK3   BANK4   BANK5   BANK6   BANK7   BANK8   BANK9  BANK10  BANK11  BANK12
      Params:         2       0       0       0       0       0       0       0       0       0       0       0       0       0
      Locals:         0       0       0       0       0       0       0       0       0       0       0       0       0       0
      Temps:          0       0       0       0       0       0       0       0       0       0       0       0       0       0
      Totals:         2       0       0       0       0       0       0       0       0       0       0       0       0       0
Total ram usage:        2 bytes
 Hardware stack levels used:    1
 This function calls:
		Nothing
 This function is called by:
		_index_add
		_index_sub
		_index_enter
		_debouncing_ISR
 This function uses a non-reentrant model


 *************** function _TMR2_LoadPeriodRegister *****************
 Defined at:
		line 114 in file "mcc_generated_files/tmr2.c"
 Parameters:    Size  Location     Type
  periodVal       1    wreg     unsigned char 
 Auto vars:     Size  Location     Type
  periodVal       1    0[COMMON] unsigned char 
 Return value:  Size  Location     Type
                  1    wreg      void 
 Registers used:
		wreg
 Tracked objects:
		On entry : 
		On exit  : 
		Unchanged: 
 Data sizes:     COMMON   BANK0   BANK1   BANK2   BANK3   BANK4   BANK5   BANK6   BANK7   BANK8   BANK9  BANK10  BANK11  BANK12
      Params:         0       0       0       0       0       0       0       0       0       0       0       0       0       0
      Locals:         1       0       0       0       0       0       0       0       0       0       0       0       0       0
      Temps:          0       0       0       0       0       0       0       0       0       0       0       0       0       0
      Totals:         1       0       0       0       0       0       0       0       0       0       0       0       0       0
Total ram usage:        1 bytes
 Hardware stack levels used:    1
 This function calls:
		Nothing
 This function is called by:
		_index_add
		_index_sub
		_index_enter
		_debouncing_ISR
 This function uses a non-reentrant model


 *************** function _TMR2_InterruptEnable *****************
 Defined at:
		line 149 in file "mcc_generated_files/tmr2.c"
 Parameters:    Size  Location     Type
		None
 Auto vars:     Size  Location     Type
		None
 Return value:  Size  Location     Type
                  1    wreg      void 
 Registers used:
		None
 Tracked objects:
		On entry : 
		On exit  : 
		Unchanged: 
 Data sizes:     COMMON   BANK0   BANK1   BANK2   BANK3   BANK4   BANK5   BANK6   BANK7   BANK8   BANK9  BANK10  BANK11  BANK12
      Params:         0       0       0       0       0       0       0       0       0       0       0       0       0       0
      Locals:         0       0       0       0       0       0       0       0       0       0       0       0       0       0
      Temps:          0       0       0       0       0       0       0       0       0       0       0       0       0       0
      Totals:         0       0       0       0       0       0       0       0       0       0       0       0       0       0
Total ram usage:        0 bytes
 Hardware stack levels used:    1
 This function calls:
		Nothing
 This function is called by:
		_index_add
		_index_sub
		_index_enter
		_rtc_sleep
 This function uses a non-reentrant model



MODULE INFORMATION

Module		Function		Class		Link	Load	Size
C:\Program Files\Microchip\xc8\v2.31\pic\sources\c99\common\Umul32.c
		___lmul        		CODE           	1361	0000	52

C:\Program Files\Microchip\xc8\v2.31\pic\sources\c99\common\Umul32.c estimated size: 52

mcc_generated_files/tmr4.c
		_TMR4_Initialize		CODE           	1C61	0000	10

mcc_generated_files/tmr4.c estimated size: 10

C:\Program Files\Microchip\xc8\v2.31\pic\sources\c99\common\nf_fputs.c
		_fputs         		CODE           	11A8	0000	41

C:\Program Files\Microchip\xc8\v2.31\pic\sources\c99\common\nf_fputs.c estimated size: 41

mcc_generated_files/tmr2.c
		_TMR2_ISR      		CODE           	1B42	0000	6
		_TMR2_LoadPeriodRegister		CODE           	1ADA	0000	5
		_TMR2_InterruptEnable		CODE           	1AD5	0000	5
		_TMR2_Initialize		CODE           	1D42	0000	18
		_TMR2_SetInterruptHandler		CODE           	1BEA	0000	9
		_TMR2_DefaultInterruptHandler		CODE           	1A80	0000	1
		_TMR2_CallBack 		CODE           	1CC0	0000	13
		_TMR2_InterruptDisable		CODE           	1B1B	0000	5

mcc_generated_files/tmr2.c estimated size: 62

mcc_generated_files/interrupt_manager.c
		_INTERRUPT_InterruptManager		CODE           	0004	0000	34

mcc_generated_files/interrupt_manager.c estimated size: 34

C:\Program Files\Microchip\xc8\v2.31\pic\sources\c99\common\printf.c
		_printf        		CODE           	1D54	0000	22

C:\Program Files\Microchip\xc8\v2.31\pic\sources\c99\common\printf.c estimated size: 22

C:\Program Files\Microchip\xc8\v2.31\pic\sources\c99\common\aomod.c
		___aomod       		CODE           	0E23	0000	237

C:\Program Files\Microchip\xc8\v2.31\pic\sources\c99\common\aomod.c estimated size: 237

C:\Program Files\Microchip\xc8\v2.31\pic\sources\c99\common\abs.c
		_abs           		CODE           	1EB9	0000	28

C:\Program Files\Microchip\xc8\v2.31\pic\sources\c99\common\abs.c estimated size: 28

C:\Program Files\Microchip\xc8\v2.31\pic\sources\c99\common\strlen.c
		_strlen        		CODE           	1E4A	0000	27

C:\Program Files\Microchip\xc8\v2.31\pic\sources\c99\common\strlen.c estimated size: 27

mcc_generated_files/pin_manager.c
		_IOCAF6_ISR    		CODE           	1D03	0000	15
		_IOCAF5_SetInterruptHandler		CODE           	1BCF	0000	9
		_PIN_MANAGER_Initialize		CODE           	0960	0000	115
		_IOCAF7_DefaultInterruptHandler		CODE           	1A7F	0000	1
		_IOCAF7_ISR    		CODE           	1D21	0000	15
		_IOCAF6_SetInterruptHandler		CODE           	1BD8	0000	9
		_IOCAF5_DefaultInterruptHandler		CODE           	1A7D	0000	1
		_IOCAF5_ISR    		CODE           	1CF4	0000	15
		_PIN_MANAGER_IOC		CODE           	1DB1	0000	25
		_IOCAF7_SetInterruptHandler		CODE           	1BE1	0000	9
		_IOCAF6_DefaultInterruptHandler		CODE           	1A7E	0000	1

mcc_generated_files/pin_manager.c estimated size: 215

menu_controller.c
		_show_turn_off_timer_menu		CODE           	0746	0000	180
		_show_sensors_menu		CODE           	0AF3	0000	160
		_debouncing_ISR		CODE           	1DCA	0000	25
		_initialize_menu		CODE           	16A1	0000	84
		_index_enter   		CODE           	0C61	0000	216
		_show_main_menu		CODE           	0A63	0000	144
		_index_add     		CODE           	164F	0000	82
		_reset_menu    		CODE           	1C4D	0000	10
		_off           		CODE           	1ACD	0000	4
		_show_menu     		CODE           	11D1	0000	41
		_index_sub     		CODE           	1571	0000	70

menu_controller.c estimated size: 1016

mcc_generated_files/adc.c
		_ADC_Initialize		CODE           	1BA2	0000	9
		_ADC_GetConversion		CODE           	1D81	0000	24

mcc_generated_files/adc.c estimated size: 33

eeprom.c
		_eeprom_read   		CODE           	14EF	0000	65
		_eeprom_write  		CODE           	1395	0000	53

eeprom.c estimated size: 118

mcc_generated_files/drivers/i2c_simple_master.c
		_i2c_readNBytes		CODE           	1099	0000	36
		_i2c_writeNBytes		CODE           	127A	0000	44

mcc_generated_files/drivers/i2c_simple_master.c estimated size: 80

C:\Program Files\Microchip\xc8\v2.31\pic\sources\c99\common\aodiv.c
		___aodiv       		CODE           	0441	0000	261

C:\Program Files\Microchip\xc8\v2.31\pic\sources\c99\common\aodiv.c estimated size: 261

C:\Program Files\Microchip\xc8\v2.31\pic\sources\c99\common\nf_fputc.c
		_fputc         		CODE           	1530	0000	65

C:\Program Files\Microchip\xc8\v2.31\pic\sources\c99\common\nf_fputc.c estimated size: 65

shared
		i1_I2C_DO_RX_NACK_RESTART		CODE           	1B07	0000	5
		i1_I2C_SetBuffer		CODE           	1D12	0000	15
		i1_printf      		CODE           	1D30	0000	18
		i1_I2C_DO_SEND_RESTART_READ		CODE           	1AE9	0000	5
		i1_vfpfcnvrt   		CODE           	0F10	0000	240
		i1_pad         		CODE           	174E	0000	89
		i1_abs         		CODE           	1DFC	0000	26
		i1_putch       		CODE           	1B3C	0000	6
		i1_I2C_DO_ADDRESS_NACK		CODE           	12A6	0000	45
		i1_I2C_CallbackReturnStop		CODE           	1A81	0000	2
		i1_I2C_DO_RX   		CODE           	15B7	0000	71
		i1_I2C_DO_TX   		CODE           	16F5	0000	89
		i1_I2C_MasterWaitForEvent		CODE           	1B36	0000	6
		i1_I2C_DO_IDLE 		CODE           	1AE4	0000	5
		i1_I2C_DO_RCEN 		CODE           	1B66	0000	7
		i1_vfprintf    		CODE           	1330	0000	49
		i1_I2C_SetAddressNackCallback		CODE           	1CB3	0000	13
		i1_EUSART_Write		CODE           	1C57	0000	10
		i1_I2C_DO_RESET		CODE           	1B0C	0000	5
		i1_I2C_MasterEnableRestart		CODE           	1A8F	0000	3
		i1_dtoa        		CODE           	01C8	0000	368
		i1_i2c_writeNBytes		CODE           	1107	0000	40
		i1_I2C_Poller  		CODE           	1C99	0000	13
		i1_I2C_MasterOpen		CODE           	1CA6	0000	13
		i1_I2C_Close   		CODE           	1E65	0000	28
		i1_I2C_MasterSendTxData		CODE           	1ADF	0000	5
		i1_I2C_DO_SEND_RESTART_WRITE		CODE           	1AEE	0000	5
		i1_I2C_MasterStop		CODE           	1A92	0000	3
		__initialization		CODE           	0028	0000	44
		i1_I2C_DO_RX_ACK		CODE           	1AFD	0000	5
		i1_I2C_DO_SEND_ADR_WRITE		CODE           	1B89	0000	8
		i1_I2C_CallbackReturnReset		CODE           	0002	0000	2
		i1_I2C_MasterClose		CODE           	1A86	0000	3
		i1_I2C_MasterWrite		CODE           	1B11	0000	5
		i1_I2C_DO_SEND_STOP		CODE           	1AF8	0000	5
		i1_TMR2_InterruptDisable		CODE           	1B16	0000	5
		i1___aodiv     		CODE           	0546	0000	257
		i1_I2C_MasterStartRx		CODE           	1A95	0000	3
		i1_I2C_SetCallback		CODE           	11FA	0000	42
		i1_I2C_MasterIsNack		CODE           	1B30	0000	6
		i1_I2C_Open    		CODE           	1435	0000	58
		i1_I2C_MasterStart		CODE           	1A8C	0000	3
		i1_I2C_MasterClearIrq		CODE           	1A83	0000	3
		i1_I2C_MasterSendNack		CODE           	1AB9	0000	4
		i1___aomod     		CODE           	0D39	0000	234
		i1_I2C_MasterSendAck		CODE           	1ABD	0000	4
		i1_I2C_DO_SEND_ADR_READ		CODE           	1B99	0000	9
		i1_fputc       		CODE           	146F	0000	63
		i1_fputs       		CODE           	117F	0000	41
		i1_strlen      		CODE           	1E16	0000	26
		i1_I2C_DO_RX_NACK_STOP		CODE           	1B02	0000	5
		i1_I2C_MasterDisableIrq		CODE           	1A89	0000	3
		i1_I2C_MasterFsm		CODE           	1224	0000	43
		i1_I2C_MasterGetRxData		CODE           	1A98	0000	3
		i1_I2C_DO_SEND_RESTART		CODE           	1AF3	0000	5
		i1_I2C_MasterSetIrq		CODE           	1A9B	0000	3
		i1_I2C_DO_TX_EMPTY		CODE           	1301	0000	47
		i1_TMR2_SetInterruptHandler		CODE           	1B2A	0000	6
		_i2c_fsmStateTable		STRCODE        	1800	0000	32
		i1_I2C_MasterOperation		CODE           	1F66	0000	30

shared estimated size: 2191

mcc_generated_files/mcc.c
		_WDT_Initialize		CODE           	1AC1	0000	4
		_OSCILLATOR_Initialize		CODE           	1B6D	0000	7
		_SYSTEM_Initialize		CODE           	1E9D	0000	28

mcc_generated_files/mcc.c estimated size: 39

mcc_generated_files/pwm3.c
		_PWM3_Initialize		CODE           	1C6B	0000	11
		_PWM3_LoadDutyValue		CODE           	1DE3	0000	25

mcc_generated_files/pwm3.c estimated size: 36

rtc.c
		_rtc_sleep     		CODE           	1E30	0000	26
		_rtc_sleep_ISR 		CODE           	1E81	0000	28

rtc.c estimated size: 54

C:\Program Files\Microchip\xc8\v2.31\pic\sources\c99\common\doprnt.c
		_vfpfcnvrt     		CODE           	0647	0000	255
		_pad           		CODE           	17A7	0000	89
		_dtoa          		CODE           	0058	0000	368
		_vfprintf      		CODE           	0800	0000	52

C:\Program Files\Microchip\xc8\v2.31\pic\sources\c99\common\doprnt.c estimated size: 764

led_adapter.c
		_initialize_led		CODE           	1ED5	0000	29
		_map           		CODE           	08F9	0000	103
		_set_color     		CODE           	0B93	0000	206
		_turn_red      		CODE           	1B82	0000	7
		_set_brightness		CODE           	0834	0000	97
		_turn_green    		CODE           	1B91	0000	8
		_turn_blue     		CODE           	1B7B	0000	7
		_turn_selectors		CODE           	1D99	0000	24
		_turn_off      		CODE           	1C44	0000	9

led_adapter.c estimated size: 490

lcd.c
		_LCDClear      		CODE           	1F84	0000	30
		_LCDPutCmd     		CODE           	102F	0000	35
		_LCDPutStr     		CODE           	1157	0000	40
		_LCDPutChar    		CODE           	1FE0	0000	32
		_LCD_Initialize		CODE           	1075	0000	36
		_LCDWriteNibble		CODE           	10BD	0000	37
		_LCDGoto       		CODE           	112F	0000	40

lcd.c estimated size: 250

light_sensor.c
		_read          		CODE           	1F49	0000	29
		_open          		CODE           	1FC1	0000	31
		_initialize_light		CODE           	1EF2	0000	29

light_sensor.c estimated size: 89

mcc_generated_files/i2c_master.c
		_I2C_Close     		CODE           	100E	0000	33
		_I2C_MasterStartRx		CODE           	1AB0	0000	3
		_I2C_DO_SEND_ADR_WRITE		CODE           	1C81	0000	12
		_I2C_MasterWaitForEvent		CODE           	1B60	0000	6
		_I2C_DO_SEND_STOP		CODE           	1C17	0000	9
		_I2C_MasterSendNack		CODE           	1AC5	0000	4
		_I2C_MasterDisableIrq		CODE           	1AA4	0000	3
		_I2C_CallbackReturnStop		CODE           	1B48	0000	6
		_I2C_MasterOperation		CODE           	1052	0000	35
		_I2C_DO_SEND_ADR_READ		CODE           	1CCD	0000	13
		_I2C_DO_RX_NACK_STOP		CODE           	1C29	0000	9
		_I2C_DO_SEND_RESTART		CODE           	1C0E	0000	9
		_I2C_DO_RX     		CODE           	15FE	0000	81
		_I2C_DO_TX     		CODE           	0895	0000	100
		_I2C_DO_IDLE   		CODE           	1BF3	0000	9
		_I2C_DO_RCEN   		CODE           	1C76	0000	11
		_I2C_Poller    		CODE           	1CDA	0000	13
		_I2C_DO_RESET  		CODE           	1C3B	0000	9
		_I2C_MasterClose		CODE           	1AA1	0000	3
		_I2C_MasterWrite		CODE           	1B25	0000	5
		_I2C_DO_RX_ACK 		CODE           	1C20	0000	9
		_I2C_MasterStart		CODE           	1AA7	0000	3
		_I2C_MasterClearIrq		CODE           	1A9E	0000	3
		_I2C_MasterGetRxData		CODE           	1AB3	0000	3
		_I2C_SetCallback		CODE           	124F	0000	43
		_I2C_DO_ADDRESS_NACK		CODE           	13CA	0000	53
		_I2C_MasterEnableRestart		CODE           	1AAA	0000	3
		_I2C_CallbackReturnReset		CODE           	1B4E	0000	6
		_I2C_Open      		CODE           	14AE	0000	65
		_I2C_SetAddressNackCallback		CODE           	1000	0000	14
		_I2C_DO_TX_EMPTY		CODE           	13FF	0000	54
		_I2C_DO_SEND_RESTART_WRITE		CODE           	1C05	0000	9
		_I2C_MasterIsNack		CODE           	1B5A	0000	6
		_I2C_DO_RX_NACK_RESTART		CODE           	1C32	0000	9
		_I2C_MasterSendAck		CODE           	1AC9	0000	4
		_I2C_MasterFsm 		CODE           	12D3	0000	46
		_I2C_MasterSetIrq		CODE           	1AB6	0000	3
		_I2C_DO_SEND_RESTART_READ		CODE           	1BFC	0000	9
		_I2C_Initialize		CODE           	1BC6	0000	9
		_I2C_SetBuffer 		CODE           	1D6A	0000	23
		_I2C_MasterRead		CODE           	1B20	0000	5
		_I2C_MasterOpen		CODE           	1CE7	0000	13
		_I2C_MasterSendTxData		CODE           	1B54	0000	6
		_I2C_MasterStop		CODE           	1AAD	0000	3

mcc_generated_files/i2c_master.c estimated size: 774

C:\Program Files\Microchip\xc8\v2.31\pic\sources\c99\common\aldiv.c
		___aldiv       		CODE           	09D3	0000	144

C:\Program Files\Microchip\xc8\v2.31\pic\sources\c99\common\aldiv.c estimated size: 144

mcc_generated_files/eusart.c
		_putch         		CODE           	1B74	0000	7
		_EUSART_Write  		CODE           	1C8D	0000	12
		_EUSART_Initialize		CODE           	10E2	0000	37
		_EUSART_SetFramingErrorHandler		CODE           	1BB4	0000	9
		_EUSART_SetErrorHandler		CODE           	1BAB	0000	9
		_EUSART_SetOverrunErrorHandler		CODE           	1BBD	0000	9

mcc_generated_files/eusart.c estimated size: 83

main.c
		_main          		CODE           	0338	0000	265

main.c estimated size: 265

temp_sensor.c
		_initialize_temp		CODE           	1F0F	0000	29
		_read@temp_sensor$F1516		CODE           	1F2C	0000	29
		_open@temp_sensor$F1514		CODE           	1FA2	0000	31

temp_sensor.c estimated size: 89

